From: srezic@cpan.org
X-Test-Reporter-Distfile: BINGOS/ExtUtils-MakeMaker-7.27_02.tar.gz
X-Test-Reporter-Perl: v5.10.1
Subject: FAIL ExtUtils-MakeMaker-7.27_02 x86_64-linux 3.16.0-4-amd64
Report: This distribution has been tested as part of the CPAN Testers
project, supporting the Perl programming language.  See
http://wiki.cpantesters.org/ for more information or email
questions to cpan-testers-discuss@perl.org


--
Dear Chris Williams,

This is a computer-generated report for ExtUtils-MakeMaker-7.27_02
on perl 5.10.1, created by CPAN-Reporter-1.2018.

Thank you for uploading your work to CPAN.  However, there was a problem
testing your distribution.

If you think this report is invalid, please consult the CPAN Testers Wiki
for suggestions on how to avoid getting FAIL reports for missing library
or binary dependencies, unsupported operating systems, and so on:

http://wiki.cpantesters.org/wiki/CPANAuthorNotes

Sections of this report:

    * Tester comments
    * Program output
    * Prerequisites
    * Environment and other context

------------------------------
TESTER COMMENTS
------------------------------

Additional comments from tester:

none provided

------------------------------
PROGRAM OUTPUT
------------------------------

Output from '/usr/bin/make test':

PERL_DL_NONLAZY=1 "/bbbike/perl-5.10.1/bin/perl5.10.1" "-Iblib/arch" "-Iblib/lib" "-MExtUtils::Command::MM" "-MTest::Harness" "-e" "undef *Test::Harness::Switches; test_harness(0, 'blib/lib', 'blib/arch')" t/*.t
t/00compile.t ............. ok
t/01perl_bugs.t ........... ok
t/02-xsdynamic.t .......... ok

#   Failed test '"make" test  exited normally'
#   at lib//MakeMaker/Test/Setup/XS.pm line 456.
#          got: '512'
#     expected: '0'
# make[1]: Entering directory '/tmpfs/.cpan-build-cpansand/2017053009/ExtUtils-MakeMaker-7.27_02-14/t/XS-Teststatic'
# cp lib/XS/Test.pm blib/lib/XS/Test.pm
# "/bbbike/perl-5.10.1/bin/perl5.10.1" -w "/opt/perl-5.10.1/lib/5.10.1/ExtUtils/xsubpp"  -typemap '/opt/perl-5.10.1/lib/5.10.1/ExtUtils/typemap' -typemap '/tmpfs/.cpan-build-cpansand/2017053009/ExtUtils-MakeMaker-7.27_02-14/t/XS-Teststatic/type map'  Test.xs > Test.xsc
# mv Test.xsc Test.c
# cc -c   -fno-strict-aliasing -pipe -fstack-protector -I/usr/local/include -D_LARGEFILE_SOURCE -D_FILE_OFFSET_BITS=64 -O2   -DVERSION=\"1.01\" -DXS_VERSION=\"1.01\" -fPIC "-I/opt/perl-5.10.1/lib/5.10.1/x86_64-linux/CORE"   Test.c
# rm -f "blib/arch/auto/XS/Test/Test.a"
# /usr/bin/ar cr "blib/arch/auto/XS/Test/Test.a" Test.o
# : "blib/arch/auto/XS/Test/Test.a"
# chmod 755 blib/arch/auto/XS/Test/Test.a
# make[1]: Leaving directory '/tmpfs/.cpan-build-cpansand/2017053009/ExtUtils-MakeMaker-7.27_02-14/t/XS-Teststatic'
# 
# make[1]: Entering directory '/tmpfs/.cpan-build-cpansand/2017053009/ExtUtils-MakeMaker-7.27_02-14/t/XS-Teststatic'
# Writing "Makefile.aperl" for this perl
# Generating a Unix-style Makefile.aperl
# Writing Makefile.aperl for XS::Test
# Writing MYMETA.yml and MYMETA.json
# make -f Makefile.aperl perl
# make[2]: Entering directory '/tmpfs/.cpan-build-cpansand/2017053009/ExtUtils-MakeMaker-7.27_02-14/t/XS-Teststatic'
# Writing perlmain.c
# mv perlmain.ct perlmain.c
# cc -c   -fno-strict-aliasing -pipe -fstack-protector -I/usr/local/include -D_LARGEFILE_SOURCE -D_FILE_OFFSET_BITS=64 -O2   -DVERSION=\"1.01\" -DXS_VERSION=\"1.01\" -fPIC "-I/opt/perl-5.10.1/lib/5.10.1/x86_64-linux/CORE"   perlmain.c
# cc -c   -fno-strict-aliasing -pipe -fstack-protector -I/usr/local/include -D_LARGEFILE_SOURCE -D_FILE_OFFSET_BITS=64 -O2   -DVERSION=\"1.01\" -DXS_VERSION=\"1.01\" -fPIC "-I/opt/perl-5.10.1/lib/5.10.1/x86_64-linux/CORE"   Test.c
# rm -f "blib/arch/auto/XS/Test/Test.a"
# /usr/bin/ar cr "blib/arch/auto/XS/Test/Test.a" Test.o
# : "blib/arch/auto/XS/Test/Test.a"
# chmod 755 blib/arch/auto/XS/Test/Test.a
# cat /bbbike/perl-5.10.1/lib/site_perl/5.10.1/x86_64-linux/auto/Sort/Naturally/XS/nsort/extralibs.ld >> blib/arch/auto/XS/Test/extralibs.all
# cat blib/arch/auto/XS/Test/extralibs.ld >> blib/arch/auto/XS/Test/extralibs.all
# cc -fstack-protector -L/usr/local/lib -Wl,-E Test.o -O2 ./perlmain.o -o perl "blib/arch/auto/XS/Test/Test.a" "/bbbike/perl-5.10.1/lib/site_perl/5.10.1/x86_64-linux/auto/Sort/Naturally/XS/nsort/nsort.a" "/opt/perl-5.10.1/lib/5.10.1/x86_64-linux/CORE/libperl.a" `cat blib/arch/auto/XS/Test/extralibs.all` -lnsl -ldl -lm -lcrypt -lutil -lc 
# ./perlmain.o: In function `xs_init':
# perlmain.c:(.text+0x4b): undefined reference to `boot_Sort__Naturally__XS__nsort'
# collect2: error: ld returned 1 exit status
# Makefile.aperl:976: recipe for target 'perl' failed
# make[2]: *** [perl] Error 1
# make[2]: Leaving directory '/tmpfs/.cpan-build-cpansand/2017053009/ExtUtils-MakeMaker-7.27_02-14/t/XS-Teststatic'
# Makefile:959: recipe for target 'perl' failed
# make[1]: *** [perl] Error 2
# make[1]: Leaving directory '/tmpfs/.cpan-build-cpansand/2017053009/ExtUtils-MakeMaker-7.27_02-14/t/XS-Teststatic'

#   Failed test '"make" test_static  exited normally'
#   at lib//MakeMaker/Test/Setup/XS.pm line 456.
#          got: '512'
#     expected: '0'
# make[1]: Entering directory '/tmpfs/.cpan-build-cpansand/2017053009/ExtUtils-MakeMaker-7.27_02-14/t/XS-Testbasicstatic'
# "/bbbike/perl-5.10.1/bin/perl5.10.1" -w "/opt/perl-5.10.1/lib/5.10.1/ExtUtils/xsubpp"  -typemap '/opt/perl-5.10.1/lib/5.10.1/ExtUtils/typemap' -typemap '/tmpfs/.cpan-build-cpansand/2017053009/ExtUtils-MakeMaker-7.27_02-14/t/XS-Testbasicstatic/type map'  Test.xs > Test.xsc
# mv Test.xsc Test.c
# cc -c   -fno-strict-aliasing -pipe -fstack-protector -I/usr/local/include -D_LARGEFILE_SOURCE -D_FILE_OFFSET_BITS=64 -O2   -DVERSION=\"1.01\" -DXS_VERSION=\"1.01\" -fPIC "-I/opt/perl-5.10.1/lib/5.10.1/x86_64-linux/CORE"   Test.c
# rm -f "blib/arch/auto/XS/Test/Test.a"
# /usr/bin/ar cr "blib/arch/auto/XS/Test/Test.a" Test.o
# : "blib/arch/auto/XS/Test/Test.a"
# chmod 755 blib/arch/auto/XS/Test/Test.a
# make[1]: Leaving directory '/tmpfs/.cpan-build-cpansand/2017053009/ExtUtils-MakeMaker-7.27_02-14/t/XS-Testbasicstatic'
# 
# make[1]: Entering directory '/tmpfs/.cpan-build-cpansand/2017053009/ExtUtils-MakeMaker-7.27_02-14/t/XS-Testbasicstatic'
# cp lib/XS/Test.pm blib/lib/XS/Test.pm
# Running Mkbootstrap for Test ()
# chmod 644 "Test.bs"
# "/bbbike/perl-5.10.1/bin/perl5.10.1" -w -MExtUtils::Command::MM -e 'cp_nonempty' -- Test.bs blib/arch/auto/XS/Test/Test.bs 644
# rm -f blib/arch/auto/XS/Test/Test.so
# cc  -shared -O2 -L/usr/local/lib -fstack-protector  Test.o  -o blib/arch/auto/XS/Test/Test.so  \
#       \
#   
# chmod 755 blib/arch/auto/XS/Test/Test.so
# Writing "Makefile.aperl" for this perl
# Generating a Unix-style Makefile.aperl
# Writing Makefile.aperl for XS::Test
# Writing MYMETA.yml and MYMETA.json
# make -f Makefile.aperl perl
# make[2]: Entering directory '/tmpfs/.cpan-build-cpansand/2017053009/ExtUtils-MakeMaker-7.27_02-14/t/XS-Testbasicstatic'
# Writing perlmain.c
# mv perlmain.ct perlmain.c
# cc -c   -fno-strict-aliasing -pipe -fstack-protector -I/usr/local/include -D_LARGEFILE_SOURCE -D_FILE_OFFSET_BITS=64 -O2   -DVERSION=\"1.01\" -DXS_VERSION=\"1.01\" -fPIC "-I/opt/perl-5.10.1/lib/5.10.1/x86_64-linux/CORE"   perlmain.c
# cc -c   -fno-strict-aliasing -pipe -fstack-protector -I/usr/local/include -D_LARGEFILE_SOURCE -D_FILE_OFFSET_BITS=64 -O2   -DVERSION=\"1.01\" -DXS_VERSION=\"1.01\" -fPIC "-I/opt/perl-5.10.1/lib/5.10.1/x86_64-linux/CORE"   Test.c
# rm -f "blib/arch/auto/XS/Test/Test.a"
# /usr/bin/ar cr "blib/arch/auto/XS/Test/Test.a" Test.o
# : "blib/arch/auto/XS/Test/Test.a"
# chmod 755 blib/arch/auto/XS/Test/Test.a
# cat /bbbike/perl-5.10.1/lib/site_perl/5.10.1/x86_64-linux/auto/Sort/Naturally/XS/nsort/extralibs.ld >> blib/arch/auto/XS/Test/extralibs.all
# cat blib/arch/auto/XS/Test/extralibs.ld >> blib/arch/auto/XS/Test/extralibs.all
# cc -fstack-protector -L/usr/local/lib -Wl,-E Test.o -O2 ./perlmain.o -o perl "blib/arch/auto/XS/Test/Test.a" "/bbbike/perl-5.10.1/lib/site_perl/5.10.1/x86_64-linux/auto/Sort/Naturally/XS/nsort/nsort.a" "/opt/perl-5.10.1/lib/5.10.1/x86_64-linux/CORE/libperl.a" `cat blib/arch/auto/XS/Test/extralibs.all` -lnsl -ldl -lm -lcrypt -lutil -lc 
# ./perlmain.o: In function `xs_init':
# perlmain.c:(.text+0x4b): undefined reference to `boot_Sort__Naturally__XS__nsort'
# collect2: error: ld returned 1 exit status
# Makefile.aperl:975: recipe for target 'perl' failed
# make[2]: *** [perl] Error 1
# make[2]: Leaving directory '/tmpfs/.cpan-build-cpansand/2017053009/ExtUtils-MakeMaker-7.27_02-14/t/XS-Testbasicstatic'
# Makefile:958: recipe for target 'perl' failed
# make[1]: *** [perl] Error 2
# make[1]: Leaving directory '/tmpfs/.cpan-build-cpansand/2017053009/ExtUtils-MakeMaker-7.27_02-14/t/XS-Testbasicstatic'

#   Failed test '"make" test_static  exited normally'
#   at lib//MakeMaker/Test/Setup/XS.pm line 456.
#          got: '512'
#     expected: '0'
# make[1]: Entering directory '/tmpfs/.cpan-build-cpansand/2017053009/ExtUtils-MakeMaker-7.27_02-14/t/XS-Testmultistatic'
# "/bbbike/perl-5.10.1/bin/perl5.10.1" -w "/opt/perl-5.10.1/lib/5.10.1/ExtUtils/xsubpp"  -typemap '/opt/perl-5.10.1/lib/5.10.1/ExtUtils/typemap' -typemap '/tmpfs/.cpan-build-cpansand/2017053009/ExtUtils-MakeMaker-7.27_02-14/t/XS-Testmultistatic/lib/XS/type map' lib/XS/Other.xs > lib/XS/Other.xsc
# mv lib/XS/Other.xsc lib/XS/Other.c
# cc -c   \
# -fno-strict-aliasing -pipe -fstack-protector -I/usr/local/include -D_LARGEFILE_SOURCE -D_FILE_OFFSET_BITS=64 -O2 \
#   -DVERSION=\"1.2\" \
# -DXS_VERSION=\"1.2\" -fPIC "-I/opt/perl-5.10.1/lib/5.10.1/x86_64-linux/CORE"   lib/XS/Other.c -o lib/XS/Other.o
# rm -f "blib/arch/auto/XS/Other/Other.a"
# /usr/bin/ar cr "blib/arch/auto/XS/Other/Other.a" lib/XS/Other.o
# : "blib/arch/auto/XS/Other/Other.a"
# chmod 755 blib/arch/auto/XS/Other/Other.a
# "/bbbike/perl-5.10.1/bin/perl5.10.1" -w "/opt/perl-5.10.1/lib/5.10.1/ExtUtils/xsubpp"  -typemap '/opt/perl-5.10.1/lib/5.10.1/ExtUtils/typemap' -typemap '/tmpfs/.cpan-build-cpansand/2017053009/ExtUtils-MakeMaker-7.27_02-14/t/XS-Testmultistatic/lib/XS/type map' lib/XS/Test.xs > lib/XS/Test.xsc
# mv lib/XS/Test.xsc lib/XS/Test.c
# cc -c   \
# -fno-strict-aliasing -pipe -fstack-protector -I/usr/local/include -D_LARGEFILE_SOURCE -D_FILE_OFFSET_BITS=64 -O2 \
#   -DVERSION=\"1.01\" \
# -DXS_VERSION=\"1.01\" -fPIC "-I/opt/perl-5.10.1/lib/5.10.1/x86_64-linux/CORE"   lib/XS/Test.c -o lib/XS/Test.o
# rm -f "blib/arch/auto/XS/Test/Test.a"
# /usr/bin/ar cr "blib/arch/auto/XS/Test/Test.a" lib/XS/Test.o
# : "blib/arch/auto/XS/Test/Test.a"
# chmod 755 blib/arch/auto/XS/Test/Test.a
# make[1]: Leaving directory '/tmpfs/.cpan-build-cpansand/2017053009/ExtUtils-MakeMaker-7.27_02-14/t/XS-Testmultistatic'
# 
# make[1]: Entering directory '/tmpfs/.cpan-build-cpansand/2017053009/ExtUtils-MakeMaker-7.27_02-14/t/XS-Testmultistatic'
# cp lib/XS/Test.pm blib/lib/XS/Test.pm
# cp lib/XS/header.h blib/lib/XS/header.h
# cp lib/XS/Other.pm blib/lib/XS/Other.pm
# cp lib/XS/type map blib/lib/XS/type map
# Running Mkbootstrap for lib/XS/Other ()
# chmod 644 "lib/XS/Other.bs"
# "/bbbike/perl-5.10.1/bin/perl5.10.1" -w -MExtUtils::Command::MM -e 'cp_nonempty' -- lib/XS/Other.bs blib/arch/auto/XS/Other/Other.bs 644
# Running Mkbootstrap for lib/XS/Test ()
# chmod 644 "lib/XS/Test.bs"
# "/bbbike/perl-5.10.1/bin/perl5.10.1" -w -MExtUtils::Command::MM -e 'cp_nonempty' -- lib/XS/Test.bs blib/arch/auto/XS/Test/Test.bs 644
# rm -f blib/arch/auto/XS/Other/Other.so
# cc  -shared -O2 -L/usr/local/lib -fstack-protector  lib/XS/Other.o  -o blib/arch/auto/XS/Other/Other.so  \
#       \
#   
# chmod 755 blib/arch/auto/XS/Other/Other.so
# rm -f blib/arch/auto/XS/Test/Test.so
# cc  -shared -O2 -L/usr/local/lib -fstack-protector  lib/XS/Test.o  -o blib/arch/auto/XS/Test/Test.so  \
#       \
#   
# chmod 755 blib/arch/auto/XS/Test/Test.so
# Writing "Makefile.aperl" for this perl
# Generating a Unix-style Makefile.aperl
# Writing Makefile.aperl for XS::Test
# Writing MYMETA.yml and MYMETA.json
# make -f Makefile.aperl perl
# make[2]: Entering directory '/tmpfs/.cpan-build-cpansand/2017053009/ExtUtils-MakeMaker-7.27_02-14/t/XS-Testmultistatic'
# Writing perlmain.c
# mv perlmain.ct perlmain.c
# cc -c   -fno-strict-aliasing -pipe -fstack-protector -I/usr/local/include -D_LARGEFILE_SOURCE -D_FILE_OFFSET_BITS=64 -O2   -DVERSION=\"1.01\" -DXS_VERSION=\"1.01\" -fPIC "-I/opt/perl-5.10.1/lib/5.10.1/x86_64-linux/CORE"   perlmain.c -o perlmain.o
# "/bbbike/perl-5.10.1/bin/perl5.10.1" -w "/opt/perl-5.10.1/lib/5.10.1/ExtUtils/xsubpp"  -typemap '/opt/perl-5.10.1/lib/5.10.1/ExtUtils/typemap' -typemap '/tmpfs/.cpan-build-cpansand/2017053009/ExtUtils-MakeMaker-7.27_02-14/t/XS-Testmultistatic/lib/XS/type map' lib/XS/Test.xs > lib/XS/Test.xsc
# mv lib/XS/Test.xsc lib/XS/Test.c
# cc -c   \
# -fno-strict-aliasing -pipe -fstack-protector -I/usr/local/include -D_LARGEFILE_SOURCE -D_FILE_OFFSET_BITS=64 -O2 \
#   -DVERSION=\"1.01\" \
# -DXS_VERSION=\"1.01\" -fPIC "-I/opt/perl-5.10.1/lib/5.10.1/x86_64-linux/CORE"   lib/XS/Test.c -o lib/XS/Test.o
# rm -f "blib/arch/auto/XS/Test/Test.a"
# /usr/bin/ar cr "blib/arch/auto/XS/Test/Test.a" lib/XS/Test.o
# : "blib/arch/auto/XS/Test/Test.a"
# chmod 755 blib/arch/auto/XS/Test/Test.a
# cat /bbbike/perl-5.10.1/lib/site_perl/5.10.1/x86_64-linux/auto/Sort/Naturally/XS/nsort/extralibs.ld >> blib/arch/auto/XS/Test/extralibs.all
# cat /tmpfs/.cpan-build-cpansand/2017053009/ExtUtils-MakeMaker-7.27_02-14/t/XS-Testmultistatic/blib/arch/auto/XS/Other/extralibs.ld >> blib/arch/auto/XS/Test/extralibs.all
# cat blib/arch/auto/XS/Test/extralibs.ld >> blib/arch/auto/XS/Test/extralibs.all
# cc -fstack-protector -L/usr/local/lib -Wl,-E  -O2 ./perlmain.o -o perl "blib/arch/auto/XS/Test/Test.a" "/tmpfs/.cpan-build-cpansand/2017053009/ExtUtils-MakeMaker-7.27_02-14/t/XS-Testmultistatic/blib/arch/auto/XS/Other/Other.a" "/bbbike/perl-5.10.1/lib/site_perl/5.10.1/x86_64-linux/auto/Sort/Naturally/XS/nsort/nsort.a" "/opt/perl-5.10.1/lib/5.10.1/x86_64-linux/CORE/libperl.a" `cat blib/arch/auto/XS/Test/extralibs.all` -lnsl -ldl -lm -lcrypt -lutil -lc 
# ./perlmain.o: In function `xs_init':
# perlmain.c:(.text+0x61): undefined reference to `boot_Sort__Naturally__XS__nsort'
# collect2: error: ld returned 1 exit status
# Makefile.aperl:1050: recipe for target 'perl' failed
# make[2]: *** [perl] Error 1
# make[2]: Leaving directory '/tmpfs/.cpan-build-cpansand/2017053009/ExtUtils-MakeMaker-7.27_02-14/t/XS-Testmultistatic'
# Makefile:1024: recipe for target 'perl' failed
# make[1]: *** [perl] Error 2
# make[1]: Leaving directory '/tmpfs/.cpan-build-cpansand/2017053009/ExtUtils-MakeMaker-7.27_02-14/t/XS-Testmultistatic'

#   Failed test '"make" test LINKTYPE=static exited normally'
#   at lib//MakeMaker/Test/Setup/XS.pm line 456.
#          got: '512'
#     expected: '0'
# make[1]: Entering directory '/tmpfs/.cpan-build-cpansand/2017053009/ExtUtils-MakeMaker-7.27_02-14/t/XS-TestsubdirsLINKTYPEstatic'
# cp Test.pm blib/lib/XS/Test.pm
# make[2]: Entering directory '/tmpfs/.cpan-build-cpansand/2017053009/ExtUtils-MakeMaker-7.27_02-14/t/XS-TestsubdirsLINKTYPEstatic/Other'
# cp Other.pm ../blib/lib/XS/Other.pm
# Running Mkbootstrap for Other ()
# chmod 644 "Other.bs"
# "/bbbike/perl-5.10.1/bin/perl5.10.1" -w -MExtUtils::Command::MM -e 'cp_nonempty' -- Other.bs ../blib/arch/auto/XS/Other/Other.bs 644
# "/bbbike/perl-5.10.1/bin/perl5.10.1" -w "/bbbike/perl-5.10.1/lib/5.10.1/ExtUtils/xsubpp"  -typemap '/opt/perl-5.10.1/lib/5.10.1/ExtUtils/typemap'  Other.xs > Other.xsc
# mv Other.xsc Other.c
# cc -c -Inewline   -fno-strict-aliasing -pipe -fstack-protector -I/usr/local/include -D_LARGEFILE_SOURCE -D_FILE_OFFSET_BITS=64 -O2   -DVERSION=\"1.2\" -DXS_VERSION=\"1.2\" -fPIC "-I/opt/perl-5.10.1/lib/5.10.1/x86_64-linux/CORE" -DINVAR=input   Other.c
# rm -f ../blib/arch/auto/XS/Other/Other.so
# cc  -shared -O2 -L/usr/local/lib -fstack-protector  Other.o  -o ../blib/arch/auto/XS/Other/Other.so  \
#       \
#   
# chmod 755 ../blib/arch/auto/XS/Other/Other.so
# make[2]: Leaving directory '/tmpfs/.cpan-build-cpansand/2017053009/ExtUtils-MakeMaker-7.27_02-14/t/XS-TestsubdirsLINKTYPEstatic/Other'
# Running Mkbootstrap for Test ()
# chmod 644 "Test.bs"
# "/bbbike/perl-5.10.1/bin/perl5.10.1" -w -MExtUtils::Command::MM -e 'cp_nonempty' -- Test.bs blib/arch/auto/XS/Test/Test.bs 644
# "/bbbike/perl-5.10.1/bin/perl5.10.1" -w "/opt/perl-5.10.1/lib/5.10.1/ExtUtils/xsubpp"  -typemap '/opt/perl-5.10.1/lib/5.10.1/ExtUtils/typemap' -typemap '/tmpfs/.cpan-build-cpansand/2017053009/ExtUtils-MakeMaker-7.27_02-14/t/XS-TestsubdirsLINKTYPEstatic/type map'  Test.xs > Test.xsc
# mv Test.xsc Test.c
# cc -c  -Inewline -fno-strict-aliasing -pipe -fstack-protector -I/usr/local/include -D_LARGEFILE_SOURCE -D_FILE_OFFSET_BITS=64 -O2   -DVERSION=\"1.01\" -DXS_VERSION=\"1.01\" -fPIC "-I/opt/perl-5.10.1/lib/5.10.1/x86_64-linux/CORE"  -DINVAR=input Test.c
# rm -f blib/arch/auto/XS/Test/Test.so
# cc  -shared -O2 -L/usr/local/lib -fstack-protector  Test.o  -o blib/arch/auto/XS/Test/Test.so  \
#       \
#   
# chmod 755 blib/arch/auto/XS/Test/Test.so
# make[1]: Leaving directory '/tmpfs/.cpan-build-cpansand/2017053009/ExtUtils-MakeMaker-7.27_02-14/t/XS-TestsubdirsLINKTYPEstatic'
# 
# make[1]: Entering directory '/tmpfs/.cpan-build-cpansand/2017053009/ExtUtils-MakeMaker-7.27_02-14/t/XS-TestsubdirsLINKTYPEstatic'
# rm -f "blib/arch/auto/XS/Test/Test.a"
# /usr/bin/ar cr "blib/arch/auto/XS/Test/Test.a" Test.o
# : "blib/arch/auto/XS/Test/Test.a"
# chmod 755 blib/arch/auto/XS/Test/Test.a
# make[2]: Entering directory '/tmpfs/.cpan-build-cpansand/2017053009/ExtUtils-MakeMaker-7.27_02-14/t/XS-TestsubdirsLINKTYPEstatic/Other'
# "/bbbike/perl-5.10.1/bin/perl5.10.1" -w -MExtUtils::Command::MM -e 'cp_nonempty' -- Other.bs ../blib/arch/auto/XS/Other/Other.bs 644
# make[2]: Leaving directory '/tmpfs/.cpan-build-cpansand/2017053009/ExtUtils-MakeMaker-7.27_02-14/t/XS-TestsubdirsLINKTYPEstatic/Other'
# "/bbbike/perl-5.10.1/bin/perl5.10.1" -w -MExtUtils::Command::MM -e 'cp_nonempty' -- Test.bs blib/arch/auto/XS/Test/Test.bs 644
# make[2]: Entering directory '/tmpfs/.cpan-build-cpansand/2017053009/ExtUtils-MakeMaker-7.27_02-14/t/XS-TestsubdirsLINKTYPEstatic/Other'
# rm -f "../blib/arch/auto/XS/Other/Other.a"
# /usr/bin/ar cr "../blib/arch/auto/XS/Other/Other.a" Other.o
# : "../blib/arch/auto/XS/Other/Other.a"
# chmod 755 ../blib/arch/auto/XS/Other/Other.a
# "/bbbike/perl-5.10.1/bin/perl5.10.1" -w -MExtUtils::Command::MM -e 'cp_nonempty' -- Other.bs ../blib/arch/auto/XS/Other/Other.bs 644
# No tests defined for XS::Other extension.
# make[2]: Leaving directory '/tmpfs/.cpan-build-cpansand/2017053009/ExtUtils-MakeMaker-7.27_02-14/t/XS-TestsubdirsLINKTYPEstatic/Other'
# Writing "Makefile.aperl" for this perl
# Generating a Unix-style Makefile.aperl
# Writing Makefile.aperl for XS::Test
# Writing MYMETA.yml and MYMETA.json
# make -f Makefile.aperl perl
# make[2]: Entering directory '/tmpfs/.cpan-build-cpansand/2017053009/ExtUtils-MakeMaker-7.27_02-14/t/XS-TestsubdirsLINKTYPEstatic'
# Writing perlmain.c
# mv perlmain.ct perlmain.c
# cc -c  -Inewline -fno-strict-aliasing -pipe -fstack-protector -I/usr/local/include -D_LARGEFILE_SOURCE -D_FILE_OFFSET_BITS=64 -O2   -DVERSION=\"1.01\" -DXS_VERSION=\"1.01\" -fPIC "-I/opt/perl-5.10.1/lib/5.10.1/x86_64-linux/CORE"  -DINVAR=input perlmain.c
# cc -c  -Inewline -fno-strict-aliasing -pipe -fstack-protector -I/usr/local/include -D_LARGEFILE_SOURCE -D_FILE_OFFSET_BITS=64 -O2   -DVERSION=\"1.01\" -DXS_VERSION=\"1.01\" -fPIC "-I/opt/perl-5.10.1/lib/5.10.1/x86_64-linux/CORE"  -DINVAR=input Test.c
# rm -f "blib/arch/auto/XS/Test/Test.a"
# /usr/bin/ar cr "blib/arch/auto/XS/Test/Test.a" Test.o
# : "blib/arch/auto/XS/Test/Test.a"
# chmod 755 blib/arch/auto/XS/Test/Test.a
# cat /bbbike/perl-5.10.1/lib/site_perl/5.10.1/x86_64-linux/auto/Sort/Naturally/XS/nsort/extralibs.ld >> blib/arch/auto/XS/Test/extralibs.all
# cat /tmpfs/.cpan-build-cpansand/2017053009/ExtUtils-MakeMaker-7.27_02-14/t/XS-TestsubdirsLINKTYPEstatic/blib/arch/auto/XS/Other/extralibs.ld >> blib/arch/auto/XS/Test/extralibs.all
# cat blib/arch/auto/XS/Test/extralibs.ld >> blib/arch/auto/XS/Test/extralibs.all
# cc -fstack-protector -L/usr/local/lib -Wl,-E Test.o -O2 ./perlmain.o -o perl "blib/arch/auto/XS/Test/Test.a" "/tmpfs/.cpan-build-cpansand/2017053009/ExtUtils-MakeMaker-7.27_02-14/t/XS-TestsubdirsLINKTYPEstatic/blib/arch/auto/XS/Other/Other.a" "/bbbike/perl-5.10.1/lib/site_perl/5.10.1/x86_64-linux/auto/Sort/Naturally/XS/nsort/nsort.a" "/opt/perl-5.10.1/lib/5.10.1/x86_64-linux/CORE/libperl.a" `cat blib/arch/auto/XS/Test/extralibs.all` -lnsl -ldl -lm -lcrypt -lutil -lc 
# ./perlmain.o: In function `xs_init':
# perlmain.c:(.text+0x61): undefined reference to `boot_Sort__Naturally__XS__nsort'
# collect2: error: ld returned 1 exit status
# Makefile.aperl:991: recipe for target 'perl' failed
# make[2]: *** [perl] Error 1
# make[2]: Leaving directory '/tmpfs/.cpan-build-cpansand/2017053009/ExtUtils-MakeMaker-7.27_02-14/t/XS-TestsubdirsLINKTYPEstatic'
# Makefile:971: recipe for target 'perl' failed
# make[1]: *** [perl] Error 2
# make[1]: Leaving directory '/tmpfs/.cpan-build-cpansand/2017053009/ExtUtils-MakeMaker-7.27_02-14/t/XS-TestsubdirsLINKTYPEstatic'

#   Failed test '"make" test  exited normally'
#   at lib//MakeMaker/Test/Setup/XS.pm line 456.
#          got: '512'
#     expected: '0'
# make[1]: Entering directory '/tmpfs/.cpan-build-cpansand/2017053009/ExtUtils-MakeMaker-7.27_02-14/t/XS-Testsubdirsstatic'
# cp Test.pm blib/lib/XS/Test.pm
# make[2]: Entering directory '/tmpfs/.cpan-build-cpansand/2017053009/ExtUtils-MakeMaker-7.27_02-14/t/XS-Testsubdirsstatic/Other'
# cp Other.pm ../blib/lib/XS/Other.pm
# "/bbbike/perl-5.10.1/bin/perl5.10.1" -w "/bbbike/perl-5.10.1/lib/5.10.1/ExtUtils/xsubpp"  -typemap '/opt/perl-5.10.1/lib/5.10.1/ExtUtils/typemap'  Other.xs > Other.xsc
# mv Other.xsc Other.c
# cc -c   -fno-strict-aliasing -pipe -fstack-protector -I/usr/local/include -D_LARGEFILE_SOURCE -D_FILE_OFFSET_BITS=64 -O2   -DVERSION=\"1.2\" -DXS_VERSION=\"1.2\" -fPIC "-I/opt/perl-5.10.1/lib/5.10.1/x86_64-linux/CORE" -DINVAR=input   Other.c
# rm -f "../blib/arch/auto/XS/Other/Other.a"
# /usr/bin/ar cr "../blib/arch/auto/XS/Other/Other.a" Other.o
# : "../blib/arch/auto/XS/Other/Other.a"
# chmod 755 ../blib/arch/auto/XS/Other/Other.a
# make[2]: Leaving directory '/tmpfs/.cpan-build-cpansand/2017053009/ExtUtils-MakeMaker-7.27_02-14/t/XS-Testsubdirsstatic/Other'
# "/bbbike/perl-5.10.1/bin/perl5.10.1" -w "/opt/perl-5.10.1/lib/5.10.1/ExtUtils/xsubpp"  -typemap '/opt/perl-5.10.1/lib/5.10.1/ExtUtils/typemap' -typemap '/tmpfs/.cpan-build-cpansand/2017053009/ExtUtils-MakeMaker-7.27_02-14/t/XS-Testsubdirsstatic/type map'  Test.xs > Test.xsc
# mv Test.xsc Test.c
# cc -c   -fno-strict-aliasing -pipe -fstack-protector -I/usr/local/include -D_LARGEFILE_SOURCE -D_FILE_OFFSET_BITS=64 -O2   -DVERSION=\"1.01\" -DXS_VERSION=\"1.01\" -fPIC "-I/opt/perl-5.10.1/lib/5.10.1/x86_64-linux/CORE"  -DINVAR=input Test.c
# rm -f "blib/arch/auto/XS/Test/Test.a"
# /usr/bin/ar cr "blib/arch/auto/XS/Test/Test.a" Test.o
# : "blib/arch/auto/XS/Test/Test.a"
# chmod 755 blib/arch/auto/XS/Test/Test.a
# make[1]: Leaving directory '/tmpfs/.cpan-build-cpansand/2017053009/ExtUtils-MakeMaker-7.27_02-14/t/XS-Testsubdirsstatic'
# 
# make[1]: Entering directory '/tmpfs/.cpan-build-cpansand/2017053009/ExtUtils-MakeMaker-7.27_02-14/t/XS-Testsubdirsstatic'
# make[2]: Entering directory '/tmpfs/.cpan-build-cpansand/2017053009/ExtUtils-MakeMaker-7.27_02-14/t/XS-Testsubdirsstatic/Other'
# make[2]: Leaving directory '/tmpfs/.cpan-build-cpansand/2017053009/ExtUtils-MakeMaker-7.27_02-14/t/XS-Testsubdirsstatic/Other'
# make[2]: Entering directory '/tmpfs/.cpan-build-cpansand/2017053009/ExtUtils-MakeMaker-7.27_02-14/t/XS-Testsubdirsstatic/Other'
# No tests defined for XS::Other extension.
# make[2]: Leaving directory '/tmpfs/.cpan-build-cpansand/2017053009/ExtUtils-MakeMaker-7.27_02-14/t/XS-Testsubdirsstatic/Other'
# Writing "Makefile.aperl" for this perl
# Generating a Unix-style Makefile.aperl
# Writing Makefile.aperl for XS::Test
# Writing MYMETA.yml and MYMETA.json
# make -f Makefile.aperl perl
# make[2]: Entering directory '/tmpfs/.cpan-build-cpansand/2017053009/ExtUtils-MakeMaker-7.27_02-14/t/XS-Testsubdirsstatic'
# Writing perlmain.c
# mv perlmain.ct perlmain.c
# cc -c   -fno-strict-aliasing -pipe -fstack-protector -I/usr/local/include -D_LARGEFILE_SOURCE -D_FILE_OFFSET_BITS=64 -O2   -DVERSION=\"1.01\" -DXS_VERSION=\"1.01\" -fPIC "-I/opt/perl-5.10.1/lib/5.10.1/x86_64-linux/CORE"  -DINVAR=input perlmain.c
# cc -c   -fno-strict-aliasing -pipe -fstack-protector -I/usr/local/include -D_LARGEFILE_SOURCE -D_FILE_OFFSET_BITS=64 -O2   -DVERSION=\"1.01\" -DXS_VERSION=\"1.01\" -fPIC "-I/opt/perl-5.10.1/lib/5.10.1/x86_64-linux/CORE"  -DINVAR=input Test.c
# rm -f "blib/arch/auto/XS/Test/Test.a"
# /usr/bin/ar cr "blib/arch/auto/XS/Test/Test.a" Test.o
# : "blib/arch/auto/XS/Test/Test.a"
# chmod 755 blib/arch/auto/XS/Test/Test.a
# cat /bbbike/perl-5.10.1/lib/site_perl/5.10.1/x86_64-linux/auto/Sort/Naturally/XS/nsort/extralibs.ld >> blib/arch/auto/XS/Test/extralibs.all
# cat /tmpfs/.cpan-build-cpansand/2017053009/ExtUtils-MakeMaker-7.27_02-14/t/XS-Testsubdirsstatic/blib/arch/auto/XS/Other/extralibs.ld >> blib/arch/auto/XS/Test/extralibs.all
# cat blib/arch/auto/XS/Test/extralibs.ld >> blib/arch/auto/XS/Test/extralibs.all
# cc -fstack-protector -L/usr/local/lib -Wl,-E Test.o -O2 ./perlmain.o -o perl "blib/arch/auto/XS/Test/Test.a" "/tmpfs/.cpan-build-cpansand/2017053009/ExtUtils-MakeMaker-7.27_02-14/t/XS-Testsubdirsstatic/blib/arch/auto/XS/Other/Other.a" "/bbbike/perl-5.10.1/lib/site_perl/5.10.1/x86_64-linux/auto/Sort/Naturally/XS/nsort/nsort.a" "/opt/perl-5.10.1/lib/5.10.1/x86_64-linux/CORE/libperl.a" `cat blib/arch/auto/XS/Test/extralibs.all` -lnsl -ldl -lm -lcrypt -lutil -lc 
# ./perlmain.o: In function `xs_init':
# perlmain.c:(.text+0x61): undefined reference to `boot_Sort__Naturally__XS__nsort'
# collect2: error: ld returned 1 exit status
# Makefile.aperl:988: recipe for target 'perl' failed
# make[2]: *** [perl] Error 1
# make[2]: Leaving directory '/tmpfs/.cpan-build-cpansand/2017053009/ExtUtils-MakeMaker-7.27_02-14/t/XS-Testsubdirsstatic'
# Makefile:968: recipe for target 'perl' failed
# make[1]: *** [perl] Error 2
# make[1]: Leaving directory '/tmpfs/.cpan-build-cpansand/2017053009/ExtUtils-MakeMaker-7.27_02-14/t/XS-Testsubdirsstatic'

#   Failed test '"make" test  exited normally'
#   at lib//MakeMaker/Test/Setup/XS.pm line 456.
#          got: '512'
#     expected: '0'
# make[1]: Entering directory '/tmpfs/.cpan-build-cpansand/2017053009/ExtUtils-MakeMaker-7.27_02-14/t/XS-Teststaticmulti'
# cp lib/XS/Test.pm blib/lib/XS/Test.pm
# cp lib/XS/header.h blib/lib/XS/header.h
# cp lib/XS/Other.pm blib/lib/XS/Other.pm
# cp lib/XS/type map blib/lib/XS/type map
# "/bbbike/perl-5.10.1/bin/perl5.10.1" -w "/opt/perl-5.10.1/lib/5.10.1/ExtUtils/xsubpp"  -typemap '/opt/perl-5.10.1/lib/5.10.1/ExtUtils/typemap' lib/XS/Other.xs > lib/XS/Other.xsc
# mv lib/XS/Other.xsc lib/XS/Other.c
# cc -c   \
# -fno-strict-aliasing -pipe -fstack-protector -I/usr/local/include -D_LARGEFILE_SOURCE -D_FILE_OFFSET_BITS=64 -O2 \
#   -DVERSION=\"1.2\" \
# -DXS_VERSION=\"1.2\" -fPIC "-I/opt/perl-5.10.1/lib/5.10.1/x86_64-linux/CORE"   lib/XS/Other.c -o lib/XS/Other.o
# rm -f "blib/arch/auto/XS/Other/Other.a"
# /usr/bin/ar cr "blib/arch/auto/XS/Other/Other.a" lib/XS/Other.o
# : "blib/arch/auto/XS/Other/Other.a"
# chmod 755 blib/arch/auto/XS/Other/Other.a
# "/bbbike/perl-5.10.1/bin/perl5.10.1" -w "/opt/perl-5.10.1/lib/5.10.1/ExtUtils/xsubpp"  -typemap '/opt/perl-5.10.1/lib/5.10.1/ExtUtils/typemap' lib/XS/Test.xs > lib/XS/Test.xsc
# mv lib/XS/Test.xsc lib/XS/Test.c
# cc -c   \
# -fno-strict-aliasing -pipe -fstack-protector -I/usr/local/include -D_LARGEFILE_SOURCE -D_FILE_OFFSET_BITS=64 -O2 \
#   -DVERSION=\"1.01\" \
# -DXS_VERSION=\"1.01\" -fPIC "-I/opt/perl-5.10.1/lib/5.10.1/x86_64-linux/CORE"   lib/XS/Test.c -o lib/XS/Test.o
# rm -f "blib/arch/auto/XS/Test/Test.a"
# /usr/bin/ar cr "blib/arch/auto/XS/Test/Test.a" lib/XS/Test.o
# : "blib/arch/auto/XS/Test/Test.a"
# chmod 755 blib/arch/auto/XS/Test/Test.a
# make[1]: Leaving directory '/tmpfs/.cpan-build-cpansand/2017053009/ExtUtils-MakeMaker-7.27_02-14/t/XS-Teststaticmulti'
# 
# make[1]: Entering directory '/tmpfs/.cpan-build-cpansand/2017053009/ExtUtils-MakeMaker-7.27_02-14/t/XS-Teststaticmulti'
# Writing "Makefile.aperl" for this perl
# Typemap type map not found.
# Generating a Unix-style Makefile.aperl
# Writing Makefile.aperl for XS::Test
# Writing MYMETA.yml and MYMETA.json
# make -f Makefile.aperl perl
# make[2]: Entering directory '/tmpfs/.cpan-build-cpansand/2017053009/ExtUtils-MakeMaker-7.27_02-14/t/XS-Teststaticmulti'
# Writing perlmain.c
# mv perlmain.ct perlmain.c
# cc -c   -fno-strict-aliasing -pipe -fstack-protector -I/usr/local/include -D_LARGEFILE_SOURCE -D_FILE_OFFSET_BITS=64 -O2   -DVERSION=\"1.01\" -DXS_VERSION=\"1.01\" -fPIC "-I/opt/perl-5.10.1/lib/5.10.1/x86_64-linux/CORE"   perlmain.c -o perlmain.o
# "/bbbike/perl-5.10.1/bin/perl5.10.1" -w "/opt/perl-5.10.1/lib/5.10.1/ExtUtils/xsubpp"  -typemap '/opt/perl-5.10.1/lib/5.10.1/ExtUtils/typemap' lib/XS/Test.xs > lib/XS/Test.xsc
# mv lib/XS/Test.xsc lib/XS/Test.c
# cc -c   \
# -fno-strict-aliasing -pipe -fstack-protector -I/usr/local/include -D_LARGEFILE_SOURCE -D_FILE_OFFSET_BITS=64 -O2 \
#   -DVERSION=\"1.01\" \
# -DXS_VERSION=\"1.01\" -fPIC "-I/opt/perl-5.10.1/lib/5.10.1/x86_64-linux/CORE"   lib/XS/Test.c -o lib/XS/Test.o
# rm -f "blib/arch/auto/XS/Test/Test.a"
# /usr/bin/ar cr "blib/arch/auto/XS/Test/Test.a" lib/XS/Test.o
# : "blib/arch/auto/XS/Test/Test.a"
# chmod 755 blib/arch/auto/XS/Test/Test.a
# cat /bbbike/perl-5.10.1/lib/site_perl/5.10.1/x86_64-linux/auto/Sort/Naturally/XS/nsort/extralibs.ld >> blib/arch/auto/XS/Test/extralibs.all
# cat /tmpfs/.cpan-build-cpansand/2017053009/ExtUtils-MakeMaker-7.27_02-14/t/XS-Teststaticmulti/blib/arch/auto/XS/Other/extralibs.ld >> blib/arch/auto/XS/Test/extralibs.all
# cat blib/arch/auto/XS/Test/extralibs.ld >> blib/arch/auto/XS/Test/extralibs.all
# cc -fstack-protector -L/usr/local/lib -Wl,-E  -O2 ./perlmain.o -o perl "blib/arch/auto/XS/Test/Test.a" "/tmpfs/.cpan-build-cpansand/2017053009/ExtUtils-MakeMaker-7.27_02-14/t/XS-Teststaticmulti/blib/arch/auto/XS/Other/Other.a" "/bbbike/perl-5.10.1/lib/site_perl/5.10.1/x86_64-linux/auto/Sort/Naturally/XS/nsort/nsort.a" "/opt/perl-5.10.1/lib/5.10.1/x86_64-linux/CORE/libperl.a" `cat blib/arch/auto/XS/Test/extralibs.all` -lnsl -ldl -lm -lcrypt -lutil -lc 
# ./perlmain.o: In function `xs_init':
# perlmain.c:(.text+0x61): undefined reference to `boot_Sort__Naturally__XS__nsort'
# collect2: error: ld returned 1 exit status
# Makefile.aperl:1049: recipe for target 'perl' failed
# make[2]: *** [perl] Error 1
# make[2]: Leaving directory '/tmpfs/.cpan-build-cpansand/2017053009/ExtUtils-MakeMaker-7.27_02-14/t/XS-Teststaticmulti'
# Makefile:1025: recipe for target 'perl' failed
# make[1]: *** [perl] Error 2
# make[1]: Leaving directory '/tmpfs/.cpan-build-cpansand/2017053009/ExtUtils-MakeMaker-7.27_02-14/t/XS-Teststaticmulti'
# Looks like you failed 6 tests of 36.
t/03-xsstatic.t ........... 
Dubious, test returned 6 (wstat 1536, 0x600)
Failed 6/36 subtests 
t/arch_check.t ............ ok
t/backwards.t ............. ok
t/basic.t ................. ok
t/build_man.t ............. ok
t/cd.t .................... ok
t/config.t ................ ok
t/cp.t .................... ok
t/dir_target.t ............ ok
t/echo.t .................. ok
t/eu_command.t ............ ok
t/FIRST_MAKEFILE.t ........ ok
t/fix_libs.t .............. ok
t/fixin.t ................. ok
t/hints.t ................. ok
t/INST.t .................. ok
t/INST_PREFIX.t ........... ok
t/INSTALL_BASE.t .......... ok
t/installed_file.t ........ ok
t/is_of_type.t ............ ok
t/Liblist.t ............... ok
t/Liblist_Kid.t ........... ok
t/make.t .................. ok
t/MakeMaker_Parameters.t .. ok
t/maketext_filter.t ....... ok
t/meta_convert.t .......... ok
t/metafile_data.t ......... ok
t/metafile_file.t ......... ok
t/min_perl_version.t ...... ok
t/miniperl.t .............. skipped: miniperl test only necessary for the perl core
t/Mkbootstrap.t ........... ok
t/MM_Any.t ................ ok
t/MM_BeOS.t ............... skipped: This is not BeOS
t/MM_Cygwin.t ............. skipped: This is not cygwin
t/MM_NW5.t ................ skipped: This is not NW5
t/MM_OS2.t ................ skipped: This is not OS/2
t/MM_Unix.t ............... ok
t/MM_VMS.t ................ skipped: This is not VMS
t/MM_Win32.t .............. skipped: This is not Win32
t/oneliner.t .............. ok
t/os_unsupported.t ........ ok
t/parse_abstract.t ........ ok
t/parse_version.t ......... ok
t/PL_FILES.t .............. ok
t/pm.t .................... ok
t/pm_to_blib.t ............ ok
t/pod2man.t ............... ok
t/postamble.t ............. ok
t/prefixify.t ............. ok
t/prereq.t ................ ok
t/prereq_print.t .......... ok
t/problems.t .............. ok
t/prompt.t ................ ok
t/recurs.t ................ ok
t/revision.t .............. ok
t/several_authors.t ....... ok
t/split_command.t ......... ok
t/test_boilerplate.t ...... ok
t/testlib.t ............... ok
t/unicode.t ............... ok
t/VERSION_FROM.t .......... ok
t/vstrings.t .............. ok
t/WriteEmptyMakefile.t .... ok
t/writemakefile_args.t .... ok

Test Summary Report
-------------------
t/03-xsstatic.t         (Wstat: 1536 Tests: 36 Failed: 6)
  Failed tests:  5, 11, 17, 23, 29, 35
  Non-zero exit status: 6
Files=67, Tests=1284, 80 wallclock secs ( 0.23 usr  0.31 sys + 19.84 cusr  7.13 csys = 27.51 CPU)
Result: FAIL
Failed 1/67 test programs. 6/1284 subtests failed.
Makefile:1022: recipe for target 'test_dynamic' failed
make: *** [test_dynamic] Error 255

------------------------------
PREREQUISITES
------------------------------

Prerequisite modules loaded:

requires:

    Module         Need  Have    
    -------------- ----- --------
    Data::Dumper   0     2.161   
    Encode         0     2.89    
    File::Basename 0     2.77    
    File::Spec     0.8   3.62    
    perl           5.006 5.010001
    Pod::Man       0     4.09    


------------------------------
ENVIRONMENT AND OTHER CONTEXT
------------------------------

Environment variables:

    LANG = C
    LC_ALL = de_DE.UTF-8
    PATH = /usr/local/bin:/usr/bin:/bin:/usr/local/sbin:/usr/sbin:/sbin:/home/cpansand/bin/linux-gnu:/home/cpansand/bin/sh:/home/cpansand/bin:/usr/games:/home/cpansand/devel:/home/eserte/src/srezic-misc/scripts
    PERL5LIB = 
    PERL5OPT = 
    PERL5_CPANPLUS_IS_RUNNING = 13068
    PERL5_CPAN_IS_RUNNING = 13068
    PERL5_CPAN_IS_RUNNING_IN_RECURSION = 13009,13068
    PERLDOC = -MPod::Perldoc::ToTextOverstrike
    PERL_BATCH = yes
    PERL_CANARY_STABILITY_NOPROMPT = 1
    PERL_CPAN_REPORTER_CONFIG = /var/tmp/cpansmoker-1023/2017053009/cpanreporter_000_config.ini
    PERL_EXTUTILS_AUTOINSTALL = --defaultdeps
    PERL_PARALLEL_SMOKER = yes
    PERL_USE_UNSAFE_INC = 1
    SHELL = /bin/zsh
    TERM = screen
    TMPDIR = /var/tmp/cpansmoker-1023/2017053009

Perl special variables (and OS-specific diagnostics, for MSWin32):

    $^X = /bbbike/perl-5.10.1/bin/perl5.10.1
    $UID/$EUID = 1023 / 1023
    $GID = 1023 1023
    $EGID = 1023 1023

Perl module toolchain versions installed:

    Module              Have    
    ------------------- --------
    CPAN                2.16    
    CPAN::Meta          2.150010
    Cwd                 3.62    
    ExtUtils::CBuilder  0.280224
    ExtUtils::Command   7.24    
    ExtUtils::Install   2.12    
    ExtUtils::MakeMaker 7.24    
    ExtUtils::Manifest  1.70    
    ExtUtils::ParseXS   3.30    
    File::Spec          3.62    
    JSON                2.92    
    JSON::PP            2.27400 
    Module::Build       0.4220  
    Module::Signature   0.80    
    Parse::CPAN::Meta   2.150010
    Test::Harness       3.38    
    Test::More          1.302085
    YAML                1.20    
    YAML::Syck          1.29    
    version             0.9916  


--

Summary of my perl5 (revision 5 version 10 subversion 1) configuration:
   
  Platform:
    osname=linux, osvers=3.16.0-4-amd64, archname=x86_64-linux
    uname='linux eserte 3.16.0-4-amd64 #1 smp debian 3.16.7-ckt25-2 (2016-04-08) x86_64 gnulinux '
    config_args='-ds -e -Dprefix=/opt/perl-5.10.1 -Dcf_email=srezic@cpan.org'
    hint=recommended, useposix=true, d_sigaction=define
    useithreads=undef, usemultiplicity=undef
    useperlio=define, d_sfio=undef, uselargefiles=define, usesocks=undef
    use64bitint=define, use64bitall=define, uselongdouble=undef
    usemymalloc=n, bincompat5005=undef
  Compiler:
    cc='cc', ccflags ='-fno-strict-aliasing -pipe -fstack-protector -I/usr/local/include -D_LARGEFILE_SOURCE -D_FILE_OFFSET_BITS=64',
    optimize='-O2',
    cppflags='-fno-strict-aliasing -pipe -fstack-protector -I/usr/local/include'
    ccversion='', gccversion='4.9.2', gccosandvers=''
    intsize=4, longsize=8, ptrsize=8, doublesize=8, byteorder=12345678
    d_longlong=define, longlongsize=8, d_longdbl=define, longdblsize=16
    ivtype='long', ivsize=8, nvtype='double', nvsize=8, Off_t='off_t', lseeksize=8
    alignbytes=8, prototype=define
  Linker and Libraries:
    ld='cc', ldflags =' -fstack-protector -L/usr/local/lib'
    libpth=/usr/local/lib /lib/x86_64-linux-gnu /lib/../lib /usr/lib/x86_64-linux-gnu /usr/lib/../lib /lib /usr/lib
    libs=-lnsl -ldl -lm -lcrypt -lutil -lc
    perllibs=-lnsl -ldl -lm -lcrypt -lutil -lc
    libc=libc-2.19.so, so=so, useshrplib=false, libperl=libperl.a
    gnulibc_version='2.19'
  Dynamic Linking:
    dlsrc=dl_dlopen.xs, dlext=so, d_dlsymun=undef, ccdlflags='-Wl,-E'
    cccdlflags='-fPIC', lddlflags='-shared -O2 -L/usr/local/lib -fstack-protector'


Characteristics of this binary (from libperl): 
  Compile-time options: PERL_DONT_CREATE_GVSV PERL_MALLOC_WRAP USE_64_BIT_ALL
                        USE_64_BIT_INT USE_LARGE_FILES USE_PERLIO
  Locally applied patches:
	Devel::PatchPerl 1.42
  Built under linux
  Compiled at May  7 2016 09:04:56
  %ENV:
    PERL5LIB=""
    PERL5OPT=""
    PERL5_CPANPLUS_IS_RUNNING="13068"
    PERL5_CPAN_IS_RUNNING="13068"
    PERL5_CPAN_IS_RUNNING_IN_RECURSION="13009,13068"
    PERLDOC="-MPod::Perldoc::ToTextOverstrike"
    PERL_BATCH="yes"
    PERL_CANARY_STABILITY_NOPROMPT="1"
    PERL_CPAN_REPORTER_CONFIG="/var/tmp/cpansmoker-1023/2017053009/cpanreporter_000_config.ini"
    PERL_EXTUTILS_AUTOINSTALL="--defaultdeps"
    PERL_PARALLEL_SMOKER="yes"
    PERL_USE_UNSAFE_INC="1"
  @INC:
    /opt/perl-5.10.1/lib/5.10.1/x86_64-linux
    /opt/perl-5.10.1/lib/5.10.1
    /opt/perl-5.10.1/lib/site_perl/5.10.1/x86_64-linux
    /opt/perl-5.10.1/lib/site_perl/5.10.1
    .