From: srezic@cpan.org
X-Test-Reporter-Distfile: MOB/Signals-XSIG-0.15_03.tar.gz
X-Test-Reporter-Perl: v5.24.1
Subject: FAIL Signals-XSIG-0.15_03 x86_64-linux-thread-multi 4.8.0-2-amd64
Report: This distribution has been tested as part of the CPAN Testers
project, supporting the Perl programming language.  See
http://wiki.cpantesters.org/ for more information or email
questions to cpan-testers-discuss@perl.org


--
Dear Marty O'Brien,

This is a computer-generated report for Signals-XSIG-0.15_03
on perl 5.24.1, created by CPAN-Reporter-1.2018.

Thank you for uploading your work to CPAN.  However, there was a problem
testing your distribution.

If you think this report is invalid, please consult the CPAN Testers Wiki
for suggestions on how to avoid getting FAIL reports for missing library
or binary dependencies, unsupported operating systems, and so on:

http://wiki.cpantesters.org/wiki/CPANAuthorNotes

Sections of this report:

    * Tester comments
    * Program output
    * Prerequisites
    * Environment and other context

------------------------------
TESTER COMMENTS
------------------------------

Additional comments from tester:

none provided

------------------------------
PROGRAM OUTPUT
------------------------------

Output from '/usr/bin/make test':

PERL_DL_NONLAZY=1 "/opt/perl-5.24.1t/bin/perl" "-MExtUtils::Command::MM" "-MTest::Harness" "-e" "undef *Test::Harness::Switches; test_harness(0, 'blib/lib', 'blib/arch')" t/*.t
# Testing Signals::XSIG 0.15_03, Perl 5.024001, /opt/perl-5.24.1t/bin/perl
t/00-load.t ............... ok
No such signal: SIGxyz at /home/cpansand/.cpan/build/2017042909/Signals-XSIG-0.15_03-6N8LKJ/blib/lib/Signals/XSIG.pm line 296, <DATA> line 287.
t/01-SIG.t ................ ok

#   Failed test 'SIGUSR1(1) handler undef after %SIG cleared'
#   at t/02-SIGhash.t line 33.
# Defined handlers: USR1
# 0.568387031555176 STORE(USR1,IGNORE) caller= Some::Package t/02-SIGhash.t 23
# 0.568433046340942 TA::STORE key=USR1 index=0 val= IGNORE  caller= Signals::XSIG /home/cpansand/.cpan/build/2017042909/Signals-XSIG-0.15_03-6N8LKJ/blib/lib/Signals/XSIG.pm 270
# 0.568454027175903 UNTIE caller= Signals::XSIG /home/cpansand/.cpan/build/2017042909/Signals-XSIG-0.15_03-6N8LKJ/blib/lib/Signals/XSIG.pm 199
# 0.568460941314697 _refresh_SIG key=USR1 handler=IGNORE
# 0.56847095489502 TIE caller= Signals::XSIG /home/cpansand/.cpan/build/2017042909/Signals-XSIG-0.15_03-6N8LKJ/blib/lib/Signals/XSIG.pm 201
# 0.568487882614136 STORE(USR2,DEFAULT) caller= Some::Package t/02-SIGhash.t 23
# 0.568516969680786 TA::STORE key=USR2 index=0 val= DEFAULT  caller= Signals::XSIG /home/cpansand/.cpan/build/2017042909/Signals-XSIG-0.15_03-6N8LKJ/blib/lib/Signals/XSIG.pm 270
# 0.56853199005127 UNTIE caller= Signals::XSIG /home/cpansand/.cpan/build/2017042909/Signals-XSIG-0.15_03-6N8LKJ/blib/lib/Signals/XSIG.pm 199
# 0.568537950515747 _refresh_SIG key=USR2 handler=DEFAULT
# 0.568546056747437 TIE caller= Signals::XSIG /home/cpansand/.cpan/build/2017042909/Signals-XSIG-0.15_03-6N8LKJ/blib/lib/Signals/XSIG.pm 201
# 0.56856107711792 FETCH key=USR1 caller= Some::Package t/02-SIGhash.t 24
# 0.568572044372559     result(1)= IGNORE
# 0.568692922592163 FETCH key=USR2 caller= Some::Package t/02-SIGhash.t 25
# 0.568706035614014     result(1)= DEFAULT
# 0.569122076034546 CLEAR caller= Some::Package t/02-SIGhash.t 30
# 0.569139003753662     CLEAR init USR1= IGNORE
# 0.569149971008301     CLEAR init USR2= DEFAULT
# 0.569175958633423 TA::STORE key=USR1 index=0 val=   caller= Signals::XSIG /home/cpansand/.cpan/build/2017042909/Signals-XSIG-0.15_03-6N8LKJ/blib/lib/Signals/XSIG.pm 316
# 0.569190979003906 _refresh_SIG key=USR1 handler=
# 0.5691978931427 TIE caller= Signals::XSIG /home/cpansand/.cpan/build/2017042909/Signals-XSIG-0.15_03-6N8LKJ/blib/lib/Signals/XSIG.pm 201
# 0.569216012954712 TA::STORE key=NUM40 index=0 val=   caller= Signals::XSIG /home/cpansand/.cpan/build/2017042909/Signals-XSIG-0.15_03-6N8LKJ/blib/lib/Signals/XSIG.pm 316
# 0.569227933883667 UNTIE caller= Signals::XSIG /home/cpansand/.cpan/build/2017042909/Signals-XSIG-0.15_03-6N8LKJ/blib/lib/Signals/XSIG.pm 199
# 0.569233894348145 _refresh_SIG key=NUM40 handler=
# 0.569245100021362 TIE caller= Signals::XSIG /home/cpansand/.cpan/build/2017042909/Signals-XSIG-0.15_03-6N8LKJ/blib/lib/Signals/XSIG.pm 201
# 0.569259881973267 TA::STORE key=USR2 index=0 val=   caller= Signals::XSIG /home/cpansand/.cpan/build/2017042909/Signals-XSIG-0.15_03-6N8LKJ/blib/lib/Signals/XSIG.pm 316
# 0.569272994995117 UNTIE caller= Signals::XSIG /home/cpansand/.cpan/build/2017042909/Signals-XSIG-0.15_03-6N8LKJ/blib/lib/Signals/XSIG.pm 199
# 0.569278955459595 _refresh_SIG key=USR2 handler=
# 0.569288015365601 TIE caller= Signals::XSIG /home/cpansand/.cpan/build/2017042909/Signals-XSIG-0.15_03-6N8LKJ/blib/lib/Signals/XSIG.pm 201
# 0.5693039894104 TA::STORE key=CHLD index=0 val=   caller= Signals::XSIG /home/cpansand/.cpan/build/2017042909/Signals-XSIG-0.15_03-6N8LKJ/blib/lib/Signals/XSIG.pm 316
# 0.569315910339355 UNTIE caller= Signals::XSIG /home/cpansand/.cpan/build/2017042909/Signals-XSIG-0.15_03-6N8LKJ/blib/lib/Signals/XSIG.pm 199
# 0.569320917129517 _refresh_SIG key=CHLD handler=
# 0.569329977035522 TIE caller= Signals::XSIG /home/cpansand/.cpan/build/2017042909/Signals-XSIG-0.15_03-6N8LKJ/blib/lib/Signals/XSIG.pm 201
# 0.569345951080322 TA::STORE key=ABRT index=0 val=   caller= Signals::XSIG /home/cpansand/.cpan/build/2017042909/Signals-XSIG-0.15_03-6N8LKJ/blib/lib/Signals/XSIG.pm 316
# 0.569356918334961 UNTIE caller= Signals::XSIG /home/cpansand/.cpan/build/2017042909/Signals-XSIG-0.15_03-6N8LKJ/blib/lib/Signals/XSIG.pm 199
# 0.569361925125122 _refresh_SIG key=ABRT handler=
# 0.569370985031128 TIE caller= Signals::XSIG /home/cpansand/.cpan/build/2017042909/Signals-XSIG-0.15_03-6N8LKJ/blib/lib/Signals/XSIG.pm 201
# 0.569395065307617 TA::STORE key=NUM62 index=0 val=   caller= Signals::XSIG /home/cpansand/.cpan/build/2017042909/Signals-XSIG-0.15_03-6N8LKJ/blib/lib/Signals/XSIG.pm 316
# 0.569406032562256 UNTIE caller= Signals::XSIG /home/cpansand/.cpan/build/2017042909/Signals-XSIG-0.15_03-6N8LKJ/blib/lib/Signals/XSIG.pm 199
# 0.569411039352417 _refresh_SIG key=NUM62 handler=
# 0.569420099258423 TIE caller= Signals::XSIG /home/cpansand/.cpan/build/2017042909/Signals-XSIG-0.15_03-6N8LKJ/blib/lib/Signals/XSIG.pm 201
# 0.569434881210327 TA::STORE key=SYS index=0 val=   caller= Signals::XSIG /home/cpansand/.cpan/build/2017042909/Signals-XSIG-0.15_03-6N8LKJ/blib/lib/Signals/XSIG.pm 316
# 0.569447040557861 UNTIE caller= Signals::XSIG /home/cpansand/.cpan/build/2017042909/Signals-XSIG-0.15_03-6N8LKJ/blib/lib/Signals/XSIG.pm 199
# 0.569452047348022 _refresh_SIG key=SYS handler=
# 0.569459915161133 TIE caller= Signals::XSIG /home/cpansand/.cpan/build/2017042909/Signals-XSIG-0.15_03-6N8LKJ/blib/lib/Signals/XSIG.pm 201
# 0.569475889205933 TA::STORE key=NUM60 index=0 val=   caller= Signals::XSIG /home/cpansand/.cpan/build/2017042909/Signals-XSIG-0.15_03-6N8LKJ/blib/lib/Signals/XSIG.pm 316
# 0.56948709487915 UNTIE caller= Signals::XSIG /home/cpansand/.cpan/build/2017042909/Signals-XSIG-0.15_03-6N8LKJ/blib/lib/Signals/XSIG.pm 199
# 0.569492101669312 _refresh_SIG key=NUM60 handler=
# 0.569499969482422 TIE caller= Signals::XSIG /home/cpansand/.cpan/build/2017042909/Signals-XSIG-0.15_03-6N8LKJ/blib/lib/Signals/XSIG.pm 201
# 0.569515943527222 TA::STORE key=HUP index=0 val=   caller= Signals::XSIG /home/cpansand/.cpan/build/2017042909/Signals-XSIG-0.15_03-6N8LKJ/blib/lib/Signals/XSIG.pm 316
# 0.56952691078186 UNTIE caller= Signals::XSIG /home/cpansand/.cpan/build/2017042909/Signals-XSIG-0.15_03-6N8LKJ/blib/lib/Signals/XSIG.pm 199
# 0.569531917572021 _refresh_SIG key=HUP handler=
# 0.569540023803711 TIE caller= Signals::XSIG /home/cpansand/.cpan/build/2017042909/Signals-XSIG-0.15_03-6N8LKJ/blib/lib/Signals/XSIG.pm 201
# 0.569555997848511 TA::STORE key=STKFLT index=0 val=   caller= Signals::XSIG /home/cpansand/.cpan/build/2017042909/Signals-XSIG-0.15_03-6N8LKJ/blib/lib/Signals/XSIG.pm 316
# 0.569566965103149 UNTIE caller= Signals::XSIG /home/cpansand/.cpan/build/2017042909/Signals-XSIG-0.15_03-6N8LKJ/blib/lib/Signals/XSIG.pm 199
# 0.569571971893311 _refresh_SIG key=STKFLT handler=
# 0.569580078125 TIE caller= Signals::XSIG /home/cpansand/.cpan/build/2017042909/Signals-XSIG-0.15_03-6N8LKJ/blib/lib/Signals/XSIG.pm 201
# 0.569597959518433 TA::STORE key=IO index=0 val=   caller= Signals::XSIG /home/cpansand/.cpan/build/2017042909/Signals-XSIG-0.15_03-6N8LKJ/blib/lib/Signals/XSIG.pm 316
# 0.569608926773071 UNTIE caller= Signals::XSIG /home/cpansand/.cpan/build/2017042909/Signals-XSIG-0.15_03-6N8LKJ/blib/lib/Signals/XSIG.pm 199
# 0.569613933563232 _refresh_SIG key=IO handler=
# 0.569622993469238 TIE caller= Signals::XSIG /home/cpansand/.cpan/build/2017042909/Signals-XSIG-0.15_03-6N8LKJ/blib/lib/Signals/XSIG.pm 201
# 0.569638013839722 TA::STORE key=XFSZ index=0 val=   caller= Signals::XSIG /home/cpansand/.cpan/build/2017042909/Signals-XSIG-0.15_03-6N8LKJ/blib/lib/Signals/XSIG.pm 316
# 0.56964898109436 UNTIE caller= Signals::XSIG /home/cpansand/.cpan/build/2017042909/Signals-XSIG-0.15_03-6N8LKJ/blib/lib/Signals/XSIG.pm 199
# 0.569653987884521 _refresh_SIG key=XFSZ handler=
# 0.569662094116211 TIE caller= Signals::XSIG /home/cpansand/.cpan/build/2017042909/Signals-XSIG-0.15_03-6N8LKJ/blib/lib/Signals/XSIG.pm 201
# 0.569677114486694 TA::STORE key=NUM44 index=0 val=   caller= Signals::XSIG /home/cpansand/.cpan/build/2017042909/Signals-XSIG-0.15_03-6N8LKJ/blib/lib/Signals/XSIG.pm 316
# 0.569688081741333 UNTIE caller= Signals::XSIG /home/cpansand/.cpan/build/2017042909/Signals-XSIG-0.15_03-6N8LKJ/blib/lib/Signals/XSIG.pm 199
# 0.569693088531494 _refresh_SIG key=NUM44 handler=
# 0.569701910018921 TIE caller= Signals::XSIG /home/cpansand/.cpan/build/2017042909/Signals-XSIG-0.15_03-6N8LKJ/blib/lib/Signals/XSIG.pm 201
# 0.569716930389404 TA::STORE key=ILL index=0 val=   caller= Signals::XSIG /home/cpansand/.cpan/build/2017042909/Signals-XSIG-0.15_03-6N8LKJ/blib/lib/Signals/XSIG.pm 316
# 0.569727897644043 UNTIE caller= Signals::XSIG /home/cpansand/.cpan/build/2017042909/Signals-XSIG-0.15_03-6N8LKJ/blib/lib/Signals/XSIG.pm 199
# 0.569732904434204 _refresh_SIG key=ILL handler=
# 0.569741010665894 TIE caller= Signals::XSIG /home/cpansand/.cpan/build/2017042909/Signals-XSIG-0.15_03-6N8LKJ/blib/lib/Signals/XSIG.pm 201
# 0.569756031036377 TA::STORE key=SEGV index=0 val=   caller= Signals::XSIG /home/cpansand/.cpan/build/2017042909/Signals-XSIG-0.15_03-6N8LKJ/blib/lib/Signals/XSIG.pm 316
# 0.569766998291016 UNTIE caller= Signals::XSIG /home/cpansand/.cpan/build/2017042909/Signals-XSIG-0.15_03-6N8LKJ/blib/lib/Signals/XSIG.pm 199
# 0.569772005081177 _refresh_SIG key=SEGV handler=
# 0.569780111312866 TIE caller= Signals::XSIG /home/cpansand/.cpan/build/2017042909/Signals-XSIG-0.15_03-6N8LKJ/blib/lib/Signals/XSIG.pm 201
# 0.569793939590454 TA::STORE key=IO index=0 val=   caller= Signals::XSIG /home/cpansand/.cpan/build/2017042909/Signals-XSIG-0.15_03-6N8LKJ/blib/lib/Signals/XSIG.pm 316
# 0.569804906845093 UNTIE caller= Signals::XSIG /home/cpansand/.cpan/build/2017042909/Signals-XSIG-0.15_03-6N8LKJ/blib/lib/Signals/XSIG.pm 199
# 0.569811105728149 _refresh_SIG key=IO handler=
# 0.569818019866943 TIE caller= Signals::XSIG /home/cpansand/.cpan/build/2017042909/Signals-XSIG-0.15_03-6N8LKJ/blib/lib/Signals/XSIG.pm 201
# 0.569833040237427 TA::STORE key=INT index=0 val=   caller= Signals::XSIG /home/cpansand/.cpan/build/2017042909/Signals-XSIG-0.15_03-6N8LKJ/blib/lib/Signals/XSIG.pm 316
# 0.569844007492065 UNTIE caller= Signals::XSIG /home/cpansand/.cpan/build/2017042909/Signals-XSIG-0.15_03-6N8LKJ/blib/lib/Signals/XSIG.pm 199
# 0.569849014282227 _refresh_SIG key=INT handler=
# 0.569855928421021 TIE caller= Signals::XSIG /home/cpansand/.cpan/build/2017042909/Signals-XSIG-0.15_03-6N8LKJ/blib/lib/Signals/XSIG.pm 201
# 0.569870948791504 TA::STORE key=PIPE index=0 val=   caller= Signals::XSIG /home/cpansand/.cpan/build/2017042909/Signals-XSIG-0.15_03-6N8LKJ/blib/lib/Signals/XSIG.pm 316
# 0.569883108139038 UNTIE caller= Signals::XSIG /home/cpansand/.cpan/build/2017042909/Signals-XSIG-0.15_03-6N8LKJ/blib/lib/Signals/XSIG.pm 199
# 0.569888114929199 _refresh_SIG key=PIPE handler=
# 0.569895029067993 TIE caller= Signals::XSIG /home/cpansand/.cpan/build/2017042909/Signals-XSIG-0.15_03-6N8LKJ/blib/lib/Signals/XSIG.pm 201
# 0.569911003112793 TA::STORE key=__DIE__ index=0 val=   caller= Signals::XSIG /home/cpansand/.cpan/build/2017042909/Signals-XSIG-0.15_03-6N8LKJ/blib/lib/Signals/XSIG.pm 316
# 0.569921970367432 UNTIE caller= Signals::XSIG /home/cpansand/.cpan/build/2017042909/Signals-XSIG-0.15_03-6N8LKJ/blib/lib/Signals/XSIG.pm 199
# 0.569926977157593 _refresh_SIG key=__DIE__ handler=
# 0.569933891296387 TIE caller= Signals::XSIG /home/cpansand/.cpan/build/2017042909/Signals-XSIG-0.15_03-6N8LKJ/blib/lib/Signals/XSIG.pm 201
# 0.56994891166687 TA::STORE key=NUM53 index=0 val=   caller= Signals::XSIG /home/cpansand/.cpan/build/2017042909/Signals-XSIG-0.15_03-6N8LKJ/blib/lib/Signals/XSIG.pm 316
# 0.569960117340088 UNTIE caller= Signals::XSIG /home/cpansand/.cpan/build/2017042909/Signals-XSIG-0.15_03-6N8LKJ/blib/lib/Signals/XSIG.pm 199
# 0.56996488571167 _refresh_SIG key=NUM53 handler=
# 0.569972991943359 TIE caller= Signals::XSIG /home/cpansand/.cpan/build/2017042909/Signals-XSIG-0.15_03-6N8LKJ/blib/lib/Signals/XSIG.pm 201
# 0.569988965988159 TA::STORE key=NUM36 index=0 val=   caller= Signals::XSIG /home/cpansand/.cpan/build/2017042909/Signals-XSIG-0.15_03-6N8LKJ/blib/lib/Signals/XSIG.pm 316
# 0.569999933242798 UNTIE caller= Signals::XSIG /home/cpansand/.cpan/build/2017042909/Signals-XSIG-0.15_03-6N8LKJ/blib/lib/Signals/XSIG.pm 199
# 0.570004940032959 _refresh_SIG key=NUM36 handler=
# 0.570013046264648 TIE caller= Signals::XSIG /home/cpansand/.cpan/build/2017042909/Signals-XSIG-0.15_03-6N8LKJ/blib/lib/Signals/XSIG.pm 201
# 0.570028066635132 TA::STORE key=NUM32 index=0 val=   caller= Signals::XSIG /home/cpansand/.cpan/build/2017042909/Signals-XSIG-0.15_03-6N8LKJ/blib/lib/Signals/XSIG.pm 316
# 0.570038080215454 UNTIE caller= Signals::XSIG /home/cpansand/.cpan/build/2017042909/Signals-XSIG-0.15_03-6N8LKJ/blib/lib/Signals/XSIG.pm 199
# 0.570044040679932 _refresh_SIG key=NUM32 handler=
# 0.570051908493042 TIE caller= Signals::XSIG /home/cpansand/.cpan/build/2017042909/Signals-XSIG-0.15_03-6N8LKJ/blib/lib/Signals/XSIG.pm 201
# 0.570066928863525 TA::STORE key=TSTP index=0 val=   caller= Signals::XSIG /home/cpansand/.cpan/build/2017042909/Signals-XSIG-0.15_03-6N8LKJ/blib/lib/Signals/XSIG.pm 316
# 0.570077896118164 UNTIE caller= Signals::XSIG /home/cpansand/.cpan/build/2017042909/Signals-XSIG-0.15_03-6N8LKJ/blib/lib/Signals/XSIG.pm 199
# 0.570082902908325 _refresh_SIG key=TSTP handler=
# 0.570091009140015 TIE caller= Signals::XSIG /home/cpansand/.cpan/build/2017042909/Signals-XSIG-0.15_03-6N8LKJ/blib/lib/Signals/XSIG.pm 201
# 0.570105075836182 TA::STORE key=ABRT index=0 val=   caller= Signals::XSIG /home/cpansand/.cpan/build/2017042909/Signals-XSIG-0.15_03-6N8LKJ/blib/lib/Signals/XSIG.pm 316
# 0.57011604309082 UNTIE caller= Signals::XSIG /home/cpansand/.cpan/build/2017042909/Signals-XSIG-0.15_03-6N8LKJ/blib/lib/Signals/XSIG.pm 199
# 0.570121049880981 _refresh_SIG key=ABRT handler=
# 0.570127964019775 TIE caller= Signals::XSIG /home/cpansand/.cpan/build/2017042909/Signals-XSIG-0.15_03-6N8LKJ/blib/lib/Signals/XSIG.pm 201
# 0.570143938064575 TA::STORE key=PROF index=0 val=   caller= Signals::XSIG /home/cpansand/.cpan/build/2017042909/Signals-XSIG-0.15_03-6N8LKJ/blib/lib/Signals/XSIG.pm 316
# 0.570154905319214 UNTIE caller= Signals::XSIG /home/cpansand/.cpan/build/2017042909/Signals-XSIG-0.15_03-6N8LKJ/blib/lib/Signals/XSIG.pm 199
# 0.570159912109375 _refresh_SIG key=PROF handler=
# 0.570168018341064 TIE caller= Signals::XSIG /home/cpansand/.cpan/build/2017042909/Signals-XSIG-0.15_03-6N8LKJ/blib/lib/Signals/XSIG.pm 201
# 0.570183038711548 TA::STORE key=NUM37 index=0 val=   caller= Signals::XSIG /home/cpansand/.cpan/build/2017042909/Signals-XSIG-0.15_03-6N8LKJ/blib/lib/Signals/XSIG.pm 316
# 0.570194005966187 UNTIE caller= Signals::XSIG /home/cpansand/.cpan/build/2017042909/Signals-XSIG-0.15_03-6N8LKJ/blib/lib/Signals/XSIG.pm 199
# 0.570199966430664 _refresh_SIG key=NUM37 handler=
# 0.570208072662354 TIE caller= Signals::XSIG /home/cpansand/.cpan/build/2017042909/Signals-XSIG-0.15_03-6N8LKJ/blib/lib/Signals/XSIG.pm 201
# 0.570223093032837 TA::STORE key=BUS index=0 val=   caller= Signals::XSIG /home/cpansand/.cpan/build/2017042909/Signals-XSIG-0.15_03-6N8LKJ/blib/lib/Signals/XSIG.pm 316
# 0.570234060287476 UNTIE caller= Signals::XSIG /home/cpansand/.cpan/build/2017042909/Signals-XSIG-0.15_03-6N8LKJ/blib/lib/Signals/XSIG.pm 199
# 0.570239067077637 _refresh_SIG key=BUS handler=
# 0.570247888565063 TIE caller= Signals::XSIG /home/cpansand/.cpan/build/2017042909/Signals-XSIG-0.15_03-6N8LKJ/blib/lib/Signals/XSIG.pm 201
# 0.570262908935547 TA::STORE key=NUM46 index=0 val=   caller= Signals::XSIG /home/cpansand/.cpan/build/2017042909/Signals-XSIG-0.15_03-6N8LKJ/blib/lib/Signals/XSIG.pm 316
# 0.570274114608765 UNTIE caller= Signals::XSIG /home/cpansand/.cpan/build/2017042909/Signals-XSIG-0.15_03-6N8LKJ/blib/lib/Signals/XSIG.pm 199
# 0.570278882980347 _refresh_SIG key=NUM46 handler=
# 0.570287942886353 TIE caller= Signals::XSIG /home/cpansand/.cpan/build/2017042909/Signals-XSIG-0.15_03-6N8LKJ/blib/lib/Signals/XSIG.pm 201
# 0.570302963256836 TA::STORE key=NUM33 index=0 val=   caller= Signals::XSIG /home/cpansand/.cpan/build/2017042909/Signals-XSIG-0.15_03-6N8LKJ/blib/lib/Signals/XSIG.pm 316
# 0.570342063903809 UNTIE caller= Signals::XSIG /home/cpansand/.cpan/build/2017042909/Signals-XSIG-0.15_03-6N8LKJ/blib/lib/Signals/XSIG.pm 199
# 0.570348978042603 _refresh_SIG key=NUM33 handler=
# 0.570360898971558 TIE caller= Signals::XSIG /home/cpansand/.cpan/build/2017042909/Signals-XSIG-0.15_03-6N8LKJ/blib/lib/Signals/XSIG.pm 201
# 0.570378065109253 TA::STORE key=NUM57 index=0 val=   caller= Signals::XSIG /home/cpansand/.cpan/build/2017042909/Signals-XSIG-0.15_03-6N8LKJ/blib/lib/Signals/XSIG.pm 316
# 0.570389032363892 UNTIE caller= Signals::XSIG /home/cpansand/.cpan/build/2017042909/Signals-XSIG-0.15_03-6N8LKJ/blib/lib/Signals/XSIG.pm 199
# 0.570394039154053 _refresh_SIG key=NUM57 handler=
# 0.570403099060059 TIE caller= Signals::XSIG /home/cpansand/.cpan/build/2017042909/Signals-XSIG-0.15_03-6N8LKJ/blib/lib/Signals/XSIG.pm 201
# 0.570468902587891 TA::STORE key=NUM52 index=0 val=   caller= Signals::XSIG /home/cpansand/.cpan/build/2017042909/Signals-XSIG-0.15_03-6N8LKJ/blib/lib/Signals/XSIG.pm 316
# 0.57049298286438 UNTIE caller= Signals::XSIG /home/cpansand/.cpan/build/2017042909/Signals-XSIG-0.15_03-6N8LKJ/blib/lib/Signals/XSIG.pm 199
# 0.570497989654541 _refresh_SIG key=NUM52 handler=
# 0.57050895690918 TIE caller= Signals::XSIG /home/cpansand/.cpan/build/2017042909/Signals-XSIG-0.15_03-6N8LKJ/blib/lib/Signals/XSIG.pm 201
# 0.570527076721191 TA::STORE key=FPE index=0 val=   caller= Signals::XSIG /home/cpansand/.cpan/build/2017042909/Signals-XSIG-0.15_03-6N8LKJ/blib/lib/Signals/XSIG.pm 316
# 0.57053804397583 UNTIE caller= Signals::XSIG /home/cpansand/.cpan/build/2017042909/Signals-XSIG-0.15_03-6N8LKJ/blib/lib/Signals/XSIG.pm 199
# 0.570544004440308 _refresh_SIG key=FPE handler=
# 0.570552110671997 TIE caller= Signals::XSIG /home/cpansand/.cpan/build/2017042909/Signals-XSIG-0.15_03-6N8LKJ/blib/lib/Signals/XSIG.pm 201
# 0.570568084716797 TA::STORE key=NUM41 index=0 val=   caller= Signals::XSIG /home/cpansand/.cpan/build/2017042909/Signals-XSIG-0.15_03-6N8LKJ/blib/lib/Signals/XSIG.pm 316
# 0.570579051971436 UNTIE caller= Signals::XSIG /home/cpansand/.cpan/build/2017042909/Signals-XSIG-0.15_03-6N8LKJ/blib/lib/Signals/XSIG.pm 199
# 0.570584058761597 _refresh_SIG key=NUM41 handler=
# 0.570591926574707 TIE caller= Signals::XSIG /home/cpansand/.cpan/build/2017042909/Signals-XSIG-0.15_03-6N8LKJ/blib/lib/Signals/XSIG.pm 201
# 0.570607900619507 TA::STORE key=TERM index=0 val=   caller= Signals::XSIG /home/cpansand/.cpan/build/2017042909/Signals-XSIG-0.15_03-6N8LKJ/blib/lib/Signals/XSIG.pm 316
# 0.570620059967041 UNTIE caller= Signals::XSIG /home/cpansand/.cpan/build/2017042909/Signals-XSIG-0.15_03-6N8LKJ/blib/lib/Signals/XSIG.pm 199
# 0.570625066757202 _refresh_SIG key=TERM handler=
# 0.570632934570312 TIE caller= Signals::XSIG /home/cpansand/.cpan/build/2017042909/Signals-XSIG-0.15_03-6N8LKJ/blib/lib/Signals/XSIG.pm 201
# 0.570647954940796 TA::STORE key=NUM58 index=0 val=   caller= Signals::XSIG /home/cpansand/.cpan/build/2017042909/Signals-XSIG-0.15_03-6N8LKJ/blib/lib/Signals/XSIG.pm 316
# 0.570657968521118 UNTIE caller= Signals::XSIG /home/cpansand/.cpan/build/2017042909/Signals-XSIG-0.15_03-6N8LKJ/blib/lib/Signals/XSIG.pm 199
# 0.570663928985596 _refresh_SIG key=NUM58 handler=
# 0.570672035217285 TIE caller= Signals::XSIG /home/cpansand/.cpan/build/2017042909/Signals-XSIG-0.15_03-6N8LKJ/blib/lib/Signals/XSIG.pm 201
# 0.570687055587769 TA::STORE key=__WARN__ index=0 val=   caller= Signals::XSIG /home/cpansand/.cpan/build/2017042909/Signals-XSIG-0.15_03-6N8LKJ/blib/lib/Signals/XSIG.pm 316
# 0.570698022842407 UNTIE caller= Signals::XSIG /home/cpansand/.cpan/build/2017042909/Signals-XSIG-0.15_03-6N8LKJ/blib/lib/Signals/XSIG.pm 199
# 0.570703029632568 _refresh_SIG key=__WARN__ handler=
# 0.570709943771362 TIE caller= Signals::XSIG /home/cpansand/.cpan/build/2017042909/Signals-XSIG-0.15_03-6N8LKJ/blib/lib/Signals/XSIG.pm 201
# 0.570724010467529 TA::STORE key=NUM47 index=0 val=   caller= Signals::XSIG /home/cpansand/.cpan/build/2017042909/Signals-XSIG-0.15_03-6N8LKJ/blib/lib/Signals/XSIG.pm 316
# 0.570734977722168 UNTIE caller= Signals::XSIG /home/cpansand/.cpan/build/2017042909/Signals-XSIG-0.15_03-6N8LKJ/blib/lib/Signals/XSIG.pm 199
# 0.570739984512329 _refresh_SIG key=NUM47 handler=
# 0.570748090744019 TIE caller= Signals::XSIG /home/cpansand/.cpan/build/2017042909/Signals-XSIG-0.15_03-6N8LKJ/blib/lib/Signals/XSIG.pm 201
# 0.570763111114502 TA::STORE key=STOP index=0 val=   caller= Signals::XSIG /home/cpansand/.cpan/build/2017042909/Signals-XSIG-0.15_03-6N8LKJ/blib/lib/Signals/XSIG.pm 316
# 0.570774078369141 UNTIE caller= Signals::XSIG /home/cpansand/.cpan/build/2017042909/Signals-XSIG-0.15_03-6N8LKJ/blib/lib/Signals/XSIG.pm 199
# 0.570779085159302 _refresh_SIG key=STOP handler=
# 0.570786952972412 TIE caller= Signals::XSIG /home/cpansand/.cpan/build/2017042909/Signals-XSIG-0.15_03-6N8LKJ/blib/lib/Signals/XSIG.pm 201
# 0.570801973342896 TA::STORE key=NUM61 index=0 val=   caller= Signals::XSIG /home/cpansand/.cpan/build/2017042909/Signals-XSIG-0.15_03-6N8LKJ/blib/lib/Signals/XSIG.pm 316
# 0.570812940597534 UNTIE caller= Signals::XSIG /home/cpansand/.cpan/build/2017042909/Signals-XSIG-0.15_03-6N8LKJ/blib/lib/Signals/XSIG.pm 199
# 0.570817947387695 _refresh_SIG key=NUM61 handler=
# 0.570826053619385 TIE caller= Signals::XSIG /home/cpansand/.cpan/build/2017042909/Signals-XSIG-0.15_03-6N8LKJ/blib/lib/Signals/XSIG.pm 201
# 0.570842027664185 TA::STORE key=TTIN index=0 val=   caller= Signals::XSIG /home/cpansand/.cpan/build/2017042909/Signals-XSIG-0.15_03-6N8LKJ/blib/lib/Signals/XSIG.pm 316
# 0.570852041244507 UNTIE caller= Signals::XSIG /home/cpansand/.cpan/build/2017042909/Signals-XSIG-0.15_03-6N8LKJ/blib/lib/Signals/XSIG.pm 199
# 0.570858001708984 _refresh_SIG key=TTIN handler=
# 0.570866107940674 TIE caller= Signals::XSIG /home/cpansand/.cpan/build/2017042909/Signals-XSIG-0.15_03-6N8LKJ/blib/lib/Signals/XSIG.pm 201
# 0.570880889892578 TA::STORE key=TTOU index=0 val=   caller= Signals::XSIG /home/cpansand/.cpan/build/2017042909/Signals-XSIG-0.15_03-6N8LKJ/blib/lib/Signals/XSIG.pm 316
# 0.570892095565796 UNTIE caller= Signals::XSIG /home/cpansand/.cpan/build/2017042909/Signals-XSIG-0.15_03-6N8LKJ/blib/lib/Signals/XSIG.pm 199
# 0.57089900970459 _refresh_SIG key=TTOU handler=
# 0.570907115936279 TIE caller= Signals::XSIG /home/cpansand/.cpan/build/2017042909/Signals-XSIG-0.15_03-6N8LKJ/blib/lib/Signals/XSIG.pm 201
# 0.570920944213867 TA::STORE key=URG index=0 val=   caller= Signals::XSIG /home/cpansand/.cpan/build/2017042909/Signals-XSIG-0.15_03-6N8LKJ/blib/lib/Signals/XSIG.pm 316
# 0.570931911468506 UNTIE caller= Signals::XSIG /home/cpansand/.cpan/build/2017042909/Signals-XSIG-0.15_03-6N8LKJ/blib/lib/Signals/XSIG.pm 199
# 0.570936918258667 _refresh_SIG key=URG handler=
# 0.570945978164673 TIE caller= Signals::XSIG /home/cpansand/.cpan/build/2017042909/Signals-XSIG-0.15_03-6N8LKJ/blib/lib/Signals/XSIG.pm 201
# 0.570960998535156 TA::STORE key=RTMAX index=0 val=   caller= Signals::XSIG /home/cpansand/.cpan/build/2017042909/Signals-XSIG-0.15_03-6N8LKJ/blib/lib/Signals/XSIG.pm 316
# 0.570971012115479 UNTIE caller= Signals::XSIG /home/cpansand/.cpan/build/2017042909/Signals-XSIG-0.15_03-6N8LKJ/blib/lib/Signals/XSIG.pm 199
# 0.570976972579956 _refresh_SIG key=RTMAX handler=
# 0.570985078811646 TIE caller= Signals::XSIG /home/cpansand/.cpan/build/2017042909/Signals-XSIG-0.15_03-6N8LKJ/blib/lib/Signals/XSIG.pm 201
# 0.571000099182129 TA::STORE key=NUM54 index=0 val=   caller= Signals::XSIG /home/cpansand/.cpan/build/2017042909/Signals-XSIG-0.15_03-6N8LKJ/blib/lib/Signals/XSIG.pm 316
# 0.571012020111084 UNTIE caller= Signals::XSIG /home/cpansand/.cpan/build/2017042909/Signals-XSIG-0.15_03-6N8LKJ/blib/lib/Signals/XSIG.pm 199
# 0.571017026901245 _refresh_SIG key=NUM54 handler=
# 0.571024894714355 TIE caller= Signals::XSIG /home/cpansand/.cpan/build/2017042909/Signals-XSIG-0.15_03-6N8LKJ/blib/lib/Signals/XSIG.pm 201
# 0.571039915084839 TA::STORE key=NUM63 index=0 val=   caller= Signals::XSIG /home/cpansand/.cpan/build/2017042909/Signals-XSIG-0.15_03-6N8LKJ/blib/lib/Signals/XSIG.pm 316
# 0.571069002151489 UNTIE caller= Signals::XSIG /home/cpansand/.cpan/build/2017042909/Signals-XSIG-0.15_03-6N8LKJ/blib/lib/Signals/XSIG.pm 199
# 0.57107400894165 _refresh_SIG key=NUM63 handler=
# 0.571083068847656 TIE caller= Signals::XSIG /home/cpansand/.cpan/build/2017042909/Signals-XSIG-0.15_03-6N8LKJ/blib/lib/Signals/XSIG.pm 201
# 0.571099042892456 TA::STORE key=TRAP index=0 val=   caller= Signals::XSIG /home/cpansand/.cpan/build/2017042909/Signals-XSIG-0.15_03-6N8LKJ/blib/lib/Signals/XSIG.pm 316
# 0.571109056472778 UNTIE caller= Signals::XSIG /home/cpansand/.cpan/build/2017042909/Signals-XSIG-0.15_03-6N8LKJ/blib/lib/Signals/XSIG.pm 199
# 0.571114063262939 _refresh_SIG key=TRAP handler=
# 0.57112193107605 TIE caller= Signals::XSIG /home/cpansand/.cpan/build/2017042909/Signals-XSIG-0.15_03-6N8LKJ/blib/lib/Signals/XSIG.pm 201
# 0.571136951446533 TA::STORE key=KILL index=0 val=   caller= Signals::XSIG /home/cpansand/.cpan/build/2017042909/Signals-XSIG-0.15_03-6N8LKJ/blib/lib/Signals/XSIG.pm 316
# 0.571146965026855 UNTIE caller= Signals::XSIG /home/cpansand/.cpan/build/2017042909/Signals-XSIG-0.15_03-6N8LKJ/blib/lib/Signals/XSIG.pm 199
# 0.571151971817017 _refresh_SIG key=KILL handler=
# 0.571161031723022 TIE caller= Signals::XSIG /home/cpansand/.cpan/build/2017042909/Signals-XSIG-0.15_03-6N8LKJ/blib/lib/Signals/XSIG.pm 201
# 0.571176052093506 TA::STORE key=NUM39 index=0 val=   caller= Signals::XSIG /home/cpansand/.cpan/build/2017042909/Signals-XSIG-0.15_03-6N8LKJ/blib/lib/Signals/XSIG.pm 316
# 0.571187019348145 UNTIE caller= Signals::XSIG /home/cpansand/.cpan/build/2017042909/Signals-XSIG-0.15_03-6N8LKJ/blib/lib/Signals/XSIG.pm 199
# 0.571192026138306 _refresh_SIG key=NUM39 handler=
# 0.571199893951416 TIE caller= Signals::XSIG /home/cpansand/.cpan/build/2017042909/Signals-XSIG-0.15_03-6N8LKJ/blib/lib/Signals/XSIG.pm 201
# 0.571214914321899 TA::STORE key=NUM50 index=0 val=   caller= Signals::XSIG /home/cpansand/.cpan/build/2017042909/Signals-XSIG-0.15_03-6N8LKJ/blib/lib/Signals/XSIG.pm 316
# 0.571225881576538 UNTIE caller= Signals::XSIG /home/cpansand/.cpan/build/2017042909/Signals-XSIG-0.15_03-6N8LKJ/blib/lib/Signals/XSIG.pm 199
# 0.571230888366699 _refresh_SIG key=NUM50 handler=
# 0.571238994598389 TIE caller= Signals::XSIG /home/cpansand/.cpan/build/2017042909/Signals-XSIG-0.15_03-6N8LKJ/blib/lib/Signals/XSIG.pm 201
# 0.571254014968872 TA::STORE key=NUM49 index=0 val=   caller= Signals::XSIG /home/cpansand/.cpan/build/2017042909/Signals-XSIG-0.15_03-6N8LKJ/blib/lib/Signals/XSIG.pm 316
# 0.571269989013672 UNTIE caller= Signals::XSIG /home/cpansand/.cpan/build/2017042909/Signals-XSIG-0.15_03-6N8LKJ/blib/lib/Signals/XSIG.pm 199
# 0.571276903152466 _refresh_SIG key=NUM49 handler=
# 0.571285963058472 TIE caller= Signals::XSIG /home/cpansand/.cpan/build/2017042909/Signals-XSIG-0.15_03-6N8LKJ/blib/lib/Signals/XSIG.pm 201
# 0.571301937103271 TA::STORE key=WINCH index=0 val=   caller= Signals::XSIG /home/cpansand/.cpan/build/2017042909/Signals-XSIG-0.15_03-6N8LKJ/blib/lib/Signals/XSIG.pm 316
# 0.57131290435791 UNTIE caller= Signals::XSIG /home/cpansand/.cpan/build/2017042909/Signals-XSIG-0.15_03-6N8LKJ/blib/lib/Signals/XSIG.pm 199
# 0.571317911148071 _refresh_SIG key=WINCH handler=
# 0.571326017379761 TIE caller= Signals::XSIG /home/cpansand/.cpan/build/2017042909/Signals-XSIG-0.15_03-6N8LKJ/blib/lib/Signals/XSIG.pm 201
# 0.571341991424561 TA::STORE key=NUM56 index=0 val=   caller= Signals::XSIG /home/cpansand/.cpan/build/2017042909/Signals-XSIG-0.15_03-6N8LKJ/blib/lib/Signals/XSIG.pm 316
# 0.571352005004883 UNTIE caller= Signals::XSIG /home/cpansand/.cpan/build/2017042909/Signals-XSIG-0.15_03-6N8LKJ/blib/lib/Signals/XSIG.pm 199
# 0.571357011795044 _refresh_SIG key=NUM56 handler=
# 0.57136607170105 TIE caller= Signals::XSIG /home/cpansand/.cpan/build/2017042909/Signals-XSIG-0.15_03-6N8LKJ/blib/lib/Signals/XSIG.pm 201
# 0.571381092071533 TA::STORE key=PWR index=0 val=   caller= Signals::XSIG /home/cpansand/.cpan/build/2017042909/Signals-XSIG-0.15_03-6N8LKJ/blib/lib/Signals/XSIG.pm 316
# 0.571392059326172 UNTIE caller= Signals::XSIG /home/cpansand/.cpan/build/2017042909/Signals-XSIG-0.15_03-6N8LKJ/blib/lib/Signals/XSIG.pm 199
# 0.571397066116333 _refresh_SIG key=PWR handler=
# 0.571404933929443 TIE caller= Signals::XSIG /home/cpansand/.cpan/build/2017042909/Signals-XSIG-0.15_03-6N8LKJ/blib/lib/Signals/XSIG.pm 201
# 0.571419954299927 TA::STORE key=NUM43 index=0 val=   caller= Signals::XSIG /home/cpansand/.cpan/build/2017042909/Signals-XSIG-0.15_03-6N8LKJ/blib/lib/Signals/XSIG.pm 316
# 0.571430921554565 UNTIE caller= Signals::XSIG /home/cpansand/.cpan/build/2017042909/Signals-XSIG-0.15_03-6N8LKJ/blib/lib/Signals/XSIG.pm 199
# 0.571435928344727 _refresh_SIG key=NUM43 handler=
# 0.571444988250732 TIE caller= Signals::XSIG /home/cpansand/.cpan/build/2017042909/Signals-XSIG-0.15_03-6N8LKJ/blib/lib/Signals/XSIG.pm 201
# 0.571459054946899 TA::STORE key=SYS index=0 val=   caller= Signals::XSIG /home/cpansand/.cpan/build/2017042909/Signals-XSIG-0.15_03-6N8LKJ/blib/lib/Signals/XSIG.pm 316
# 0.571469068527222 UNTIE caller= Signals::XSIG /home/cpansand/.cpan/build/2017042909/Signals-XSIG-0.15_03-6N8LKJ/blib/lib/Signals/XSIG.pm 199
# 0.571474075317383 _refresh_SIG key=SYS handler=
# 0.571480989456177 TIE caller= Signals::XSIG /home/cpansand/.cpan/build/2017042909/Signals-XSIG-0.15_03-6N8LKJ/blib/lib/Signals/XSIG.pm 201
# 0.57149600982666 TA::STORE key=CONT index=0 val=   caller= Signals::XSIG /home/cpansand/.cpan/build/2017042909/Signals-XSIG-0.15_03-6N8LKJ/blib/lib/Signals/XSIG.pm 316
# 0.571506977081299 UNTIE caller= Signals::XSIG /home/cpansand/.cpan/build/2017042909/Signals-XSIG-0.15_03-6N8LKJ/blib/lib/Signals/XSIG.pm 199
# 0.57152795791626 _refresh_SIG key=CONT handler=
# 0.571538925170898 TIE caller= Signals::XSIG /home/cpansand/.cpan/build/2017042909/Signals-XSIG-0.15_03-6N8LKJ/blib/lib/Signals/XSIG.pm 201
# 0.571556091308594 TA::STORE key=NUM48 index=0 val=   caller= Signals::XSIG /home/cpansand/.cpan/build/2017042909/Signals-XSIG-0.15_03-6N8LKJ/blib/lib/Signals/XSIG.pm 316
# 0.571568012237549 UNTIE caller= Signals::XSIG /home/cpansand/.cpan/build/2017042909/Signals-XSIG-0.15_03-6N8LKJ/blib/lib/Signals/XSIG.pm 199
# 0.57157301902771 _refresh_SIG key=NUM48 handler=
# 0.57158088684082 TIE caller= Signals::XSIG /home/cpansand/.cpan/build/2017042909/Signals-XSIG-0.15_03-6N8LKJ/blib/lib/Signals/XSIG.pm 201
# 0.571594953536987 TA::STORE key=CHLD index=0 val=   caller= Signals::XSIG /home/cpansand/.cpan/build/2017042909/Signals-XSIG-0.15_03-6N8LKJ/blib/lib/Signals/XSIG.pm 316
# 0.571607112884521 UNTIE caller= Signals::XSIG /home/cpansand/.cpan/build/2017042909/Signals-XSIG-0.15_03-6N8LKJ/blib/lib/Signals/XSIG.pm 199
# 0.571611881256104 _refresh_SIG key=CHLD handler=
# 0.571619033813477 TIE caller= Signals::XSIG /home/cpansand/.cpan/build/2017042909/Signals-XSIG-0.15_03-6N8LKJ/blib/lib/Signals/XSIG.pm 201
# 0.571633100509644 TA::STORE key=NUM55 index=0 val=   caller= Signals::XSIG /home/cpansand/.cpan/build/2017042909/Signals-XSIG-0.15_03-6N8LKJ/blib/lib/Signals/XSIG.pm 316
# 0.571644067764282 UNTIE caller= Signals::XSIG /home/cpansand/.cpan/build/2017042909/Signals-XSIG-0.15_03-6N8LKJ/blib/lib/Signals/XSIG.pm 199
# 0.571649074554443 _refresh_SIG key=NUM55 handler=
# 0.571656942367554 TIE caller= Signals::XSIG /home/cpansand/.cpan/build/2017042909/Signals-XSIG-0.15_03-6N8LKJ/blib/lib/Signals/XSIG.pm 201
# 0.571671962738037 TA::STORE key=NUM45 index=0 val=   caller= Signals::XSIG /home/cpansand/.cpan/build/2017042909/Signals-XSIG-0.15_03-6N8LKJ/blib/lib/Signals/XSIG.pm 316
# 0.571681976318359 UNTIE caller= Signals::XSIG /home/cpansand/.cpan/build/2017042909/Signals-XSIG-0.15_03-6N8LKJ/blib/lib/Signals/XSIG.pm 199
# 0.571687936782837 _refresh_SIG key=NUM45 handler=
# 0.571696043014526 TIE caller= Signals::XSIG /home/cpansand/.cpan/build/2017042909/Signals-XSIG-0.15_03-6N8LKJ/blib/lib/Signals/XSIG.pm 201
# 0.571710109710693 TA::STORE key=QUIT index=0 val=   caller= Signals::XSIG /home/cpansand/.cpan/build/2017042909/Signals-XSIG-0.15_03-6N8LKJ/blib/lib/Signals/XSIG.pm 316
# 0.571736097335815 UNTIE caller= Signals::XSIG /home/cpansand/.cpan/build/2017042909/Signals-XSIG-0.15_03-6N8LKJ/blib/lib/Signals/XSIG.pm 199
# 0.571742057800293 _refresh_SIG key=QUIT handler=
# 0.571751117706299 TIE caller= Signals::XSIG /home/cpansand/.cpan/build/2017042909/Signals-XSIG-0.15_03-6N8LKJ/blib/lib/Signals/XSIG.pm 201
# 0.571767091751099 TA::STORE key=NUM59 index=0 val=   caller= Signals::XSIG /home/cpansand/.cpan/build/2017042909/Signals-XSIG-0.15_03-6N8LKJ/blib/lib/Signals/XSIG.pm 316
# 0.571778059005737 UNTIE caller= Signals::XSIG /home/cpansand/.cpan/build/2017042909/Signals-XSIG-0.15_03-6N8LKJ/blib/lib/Signals/XSIG.pm 199
# 0.571783065795898 _refresh_SIG key=NUM59 handler=
# 0.571790933609009 TIE caller= Signals::XSIG /home/cpansand/.cpan/build/2017042909/Signals-XSIG-0.15_03-6N8LKJ/blib/lib/Signals/XSIG.pm 201
# 0.571805953979492 TA::STORE key=VTALRM index=0 val=   caller= Signals::XSIG /home/cpansand/.cpan/build/2017042909/Signals-XSIG-0.15_03-6N8LKJ/blib/lib/Signals/XSIG.pm 316
# 0.571816921234131 UNTIE caller= Signals::XSIG /home/cpansand/.cpan/build/2017042909/Signals-XSIG-0.15_03-6N8LKJ/blib/lib/Signals/XSIG.pm 199
# 0.571821928024292 _refresh_SIG key=VTALRM handler=
# 0.571829080581665 TIE caller= Signals::XSIG /home/cpansand/.cpan/build/2017042909/Signals-XSIG-0.15_03-6N8LKJ/blib/lib/Signals/XSIG.pm 201
# 0.571844100952148 TA::STORE key=NUM51 index=0 val=   caller= Signals::XSIG /home/cpansand/.cpan/build/2017042909/Signals-XSIG-0.15_03-6N8LKJ/blib/lib/Signals/XSIG.pm 316
# 0.571855068206787 UNTIE caller= Signals::XSIG /home/cpansand/.cpan/build/2017042909/Signals-XSIG-0.15_03-6N8LKJ/blib/lib/Signals/XSIG.pm 199
# 0.571860074996948 _refresh_SIG key=NUM51 handler=
# 0.571867942810059 TIE caller= Signals::XSIG /home/cpansand/.cpan/build/2017042909/Signals-XSIG-0.15_03-6N8LKJ/blib/lib/Signals/XSIG.pm 201
# 0.571894884109497 TA::STORE key=ALRM index=0 val=   caller= Signals::XSIG /home/cpansand/.cpan/build/2017042909/Signals-XSIG-0.15_03-6N8LKJ/blib/lib/Signals/XSIG.pm 316
# 0.571907043457031 UNTIE caller= Signals::XSIG /home/cpansand/.cpan/build/2017042909/Signals-XSIG-0.15_03-6N8LKJ/blib/lib/Signals/XSIG.pm 199
# 0.571913003921509 _refresh_SIG key=ALRM handler=
# 0.571921110153198 TIE caller= Signals::XSIG /home/cpansand/.cpan/build/2017042909/Signals-XSIG-0.15_03-6N8LKJ/blib/lib/Signals/XSIG.pm 201
# 0.571935892105103 TA::STORE key=NUM42 index=0 val=   caller= Signals::XSIG /home/cpansand/.cpan/build/2017042909/Signals-XSIG-0.15_03-6N8LKJ/blib/lib/Signals/XSIG.pm 316
# 0.57194709777832 UNTIE caller= Signals::XSIG /home/cpansand/.cpan/build/2017042909/Signals-XSIG-0.15_03-6N8LKJ/blib/lib/Signals/XSIG.pm 199
# 0.571952104568481 _refresh_SIG key=NUM42 handler=
# 0.571959972381592 TIE caller= Signals::XSIG /home/cpansand/.cpan/build/2017042909/Signals-XSIG-0.15_03-6N8LKJ/blib/lib/Signals/XSIG.pm 201
# 0.571974992752075 TA::STORE key=NUM38 index=0 val=   caller= Signals::XSIG /home/cpansand/.cpan/build/2017042909/Signals-XSIG-0.15_03-6N8LKJ/blib/lib/Signals/XSIG.pm 316
# 0.571985960006714 UNTIE caller= Signals::XSIG /home/cpansand/.cpan/build/2017042909/Signals-XSIG-0.15_03-6N8LKJ/blib/lib/Signals/XSIG.pm 199
# 0.571990966796875 _refresh_SIG key=NUM38 handler=
# 0.571999073028564 TIE caller= Signals::XSIG /home/cpansand/.cpan/build/2017042909/Signals-XSIG-0.15_03-6N8LKJ/blib/lib/Signals/XSIG.pm 201
# 0.572012901306152 TA::STORE key=RTMIN index=0 val=   caller= Signals::XSIG /home/cpansand/.cpan/build/2017042909/Signals-XSIG-0.15_03-6N8LKJ/blib/lib/Signals/XSIG.pm 316
# 0.57202410697937 UNTIE caller= Signals::XSIG /home/cpansand/.cpan/build/2017042909/Signals-XSIG-0.15_03-6N8LKJ/blib/lib/Signals/XSIG.pm 199
# 0.572029113769531 _refresh_SIG key=RTMIN handler=
# 0.572037935256958 TIE caller= Signals::XSIG /home/cpansand/.cpan/build/2017042909/Signals-XSIG-0.15_03-6N8LKJ/blib/lib/Signals/XSIG.pm 201
# 0.572052955627441 TA::STORE key=ZERO index=0 val=   caller= Signals::XSIG /home/cpansand/.cpan/build/2017042909/Signals-XSIG-0.15_03-6N8LKJ/blib/lib/Signals/XSIG.pm 316
# 0.572062969207764 UNTIE caller= Signals::XSIG /home/cpansand/.cpan/build/2017042909/Signals-XSIG-0.15_03-6N8LKJ/blib/lib/Signals/XSIG.pm 199
# 0.572067975997925 _refresh_SIG key=ZERO handler=
# 0.572078943252563 TIE caller= Signals::XSIG /home/cpansand/.cpan/build/2017042909/Signals-XSIG-0.15_03-6N8LKJ/blib/lib/Signals/XSIG.pm 201
# 0.572093963623047 TA::STORE key=XCPU index=0 val=   caller= Signals::XSIG /home/cpansand/.cpan/build/2017042909/Signals-XSIG-0.15_03-6N8LKJ/blib/lib/Signals/XSIG.pm 316
# 0.572104930877686 UNTIE caller= Signals::XSIG /home/cpansand/.cpan/build/2017042909/Signals-XSIG-0.15_03-6N8LKJ/blib/lib/Signals/XSIG.pm 199
# 0.572109937667847 _refresh_SIG key=XCPU handler=
# 0.572118043899536 TIE caller= Signals::XSIG /home/cpansand/.cpan/build/2017042909/Signals-XSIG-0.15_03-6N8LKJ/blib/lib/Signals/XSIG.pm 201
# 0.572139024734497 TA::STORE key=NUM35 index=0 val=   caller= Signals::XSIG /home/cpansand/.cpan/build/2017042909/Signals-XSIG-0.15_03-6N8LKJ/blib/lib/Signals/XSIG.pm 316
# 0.572150945663452 UNTIE caller= Signals::XSIG /home/cpansand/.cpan/build/2017042909/Signals-XSIG-0.15_03-6N8LKJ/blib/lib/Signals/XSIG.pm 199
# 0.572155952453613 _refresh_SIG key=NUM35 handler=
# 0.572164058685303 TIE caller= Signals::XSIG /home/cpansand/.cpan/build/2017042909/Signals-XSIG-0.15_03-6N8LKJ/blib/lib/Signals/XSIG.pm 201
# 0.572180986404419     CLEAR final USR1= 
# 0.572190046310425     CLEAR final USR2= 
# 0.572199106216431 FETCH key=USR1 caller= Some::Package t/02-SIGhash.t 33
# 0.572207927703857     result(1)= 
# 0.572752952575684 FIRSTKEY caller= Some::Package t/02-SIGhash.t 33
# 0.572762966156006     FIRSTKEY result=71
# 0.572771072387695 NEXTKEY lastkey=USR1 caller= Some::Package t/02-SIGhash.t 33
# 0.572777032852173 NEXTKEY lastkey=NUM40 caller= Some::Package t/02-SIGhash.t 33
# 0.572782039642334 NEXTKEY lastkey=USR2 caller= Some::Package t/02-SIGhash.t 33
# 0.572788000106812 NEXTKEY lastkey=CLD caller= Some::Package t/02-SIGhash.t 33
# 0.572793006896973 NEXTKEY lastkey=IOT caller= Some::Package t/02-SIGhash.t 33
# 0.572798013687134 NEXTKEY lastkey=NUM62 caller= Some::Package t/02-SIGhash.t 33
# 0.572803020477295 NEXTKEY lastkey=UNUSED caller= Some::Package t/02-SIGhash.t 33
# 0.57280707359314 NEXTKEY lastkey=NUM60 caller= Some::Package t/02-SIGhash.t 33
# 0.572812080383301 NEXTKEY lastkey=HUP caller= Some::Package t/02-SIGhash.t 33
# 0.572817087173462 NEXTKEY lastkey=STKFLT caller= Some::Package t/02-SIGhash.t 33
# 0.572822093963623 NEXTKEY lastkey=IO caller= Some::Package t/02-SIGhash.t 33
# 0.572825908660889 NEXTKEY lastkey=XFSZ caller= Some::Package t/02-SIGhash.t 33
# 0.57283091545105 NEXTKEY lastkey=NUM44 caller= Some::Package t/02-SIGhash.t 33
# 0.572835922241211 NEXTKEY lastkey=ILL caller= Some::Package t/02-SIGhash.t 33
# 0.572839975357056 NEXTKEY lastkey=SEGV caller= Some::Package t/02-SIGhash.t 33
# 0.572844982147217 NEXTKEY lastkey=POLL caller= Some::Package t/02-SIGhash.t 33
# 0.572849988937378 NEXTKEY lastkey=INT caller= Some::Package t/02-SIGhash.t 33
# 0.572854042053223 NEXTKEY lastkey=PIPE caller= Some::Package t/02-SIGhash.t 33
# 0.572859048843384 NEXTKEY lastkey=__DIE__ caller= Some::Package t/02-SIGhash.t 33
# 0.572864055633545 NEXTKEY lastkey=NUM53 caller= Some::Package t/02-SIGhash.t 33
# 0.57286810874939 NEXTKEY lastkey=NUM36 caller= Some::Package t/02-SIGhash.t 33
# 0.572873115539551 NEXTKEY lastkey=NUM32 caller= Some::Package t/02-SIGhash.t 33
# 0.572876930236816 NEXTKEY lastkey=TSTP caller= Some::Package t/02-SIGhash.t 33
# 0.572881937026978 NEXTKEY lastkey=ABRT caller= Some::Package t/02-SIGhash.t 33
# 0.572886943817139 NEXTKEY lastkey=PROF caller= Some::Package t/02-SIGhash.t 33
# 0.572890996932983 NEXTKEY lastkey=NUM37 caller= Some::Package t/02-SIGhash.t 33
# 0.572896003723145 NEXTKEY lastkey=BUS caller= Some::Package t/02-SIGhash.t 33
# 0.57290506362915 NEXTKEY lastkey=NUM46 caller= Some::Package t/02-SIGhash.t 33
# 0.572911024093628 NEXTKEY lastkey=NUM33 caller= Some::Package t/02-SIGhash.t 33
# 0.572916030883789 NEXTKEY lastkey=NUM57 caller= Some::Package t/02-SIGhash.t 33
# 0.572920083999634 NEXTKEY lastkey=NUM52 caller= Some::Package t/02-SIGhash.t 33
# 0.572925090789795 NEXTKEY lastkey=FPE caller= Some::Package t/02-SIGhash.t 33
# 0.572930097579956 NEXTKEY lastkey=NUM41 caller= Some::Package t/02-SIGhash.t 33
# 0.572935104370117 NEXTKEY lastkey=TERM caller= Some::Package t/02-SIGhash.t 33
# 0.572938919067383 NEXTKEY lastkey=NUM58 caller= Some::Package t/02-SIGhash.t 33
# 0.572947978973389 NEXTKEY lastkey=__WARN__ caller= Some::Package t/02-SIGhash.t 33
# 0.572953939437866 NEXTKEY lastkey=NUM47 caller= Some::Package t/02-SIGhash.t 33
# 0.572958946228027 NEXTKEY lastkey=STOP caller= Some::Package t/02-SIGhash.t 33
# 0.572962999343872 NEXTKEY lastkey=NUM61 caller= Some::Package t/02-SIGhash.t 33
# 0.572968006134033 NEXTKEY lastkey=TTIN caller= Some::Package t/02-SIGhash.t 33
# 0.572972059249878 NEXTKEY lastkey=TTOU caller= Some::Package t/02-SIGhash.t 33
# 0.572977066040039 NEXTKEY lastkey=URG caller= Some::Package t/02-SIGhash.t 33
# 0.572981119155884 NEXTKEY lastkey=RTMAX caller= Some::Package t/02-SIGhash.t 33
# 0.572985887527466 NEXTKEY lastkey=NUM54 caller= Some::Package t/02-SIGhash.t 33
# 0.572989940643311 NEXTKEY lastkey=NUM63 caller= Some::Package t/02-SIGhash.t 33
# 0.572994947433472 NEXTKEY lastkey=TRAP caller= Some::Package t/02-SIGhash.t 33
# 0.572999000549316 NEXTKEY lastkey=KILL caller= Some::Package t/02-SIGhash.t 33
# 0.573009014129639 NEXTKEY lastkey=NUM39 caller= Some::Package t/02-SIGhash.t 33
# 0.573014974594116 NEXTKEY lastkey=NUM50 caller= Some::Package t/02-SIGhash.t 33
# 0.573019027709961 NEXTKEY lastkey=NUM49 caller= Some::Package t/02-SIGhash.t 33
# 0.573024034500122 NEXTKEY lastkey=WINCH caller= Some::Package t/02-SIGhash.t 33
# 0.573028087615967 NEXTKEY lastkey=NUM56 caller= Some::Package t/02-SIGhash.t 33
# 0.573033094406128 NEXTKEY lastkey=PWR caller= Some::Package t/02-SIGhash.t 33
# 0.573036909103394 NEXTKEY lastkey=NUM43 caller= Some::Package t/02-SIGhash.t 33
# 0.573041915893555 NEXTKEY lastkey=SYS caller= Some::Package t/02-SIGhash.t 33
# 0.573045969009399 NEXTKEY lastkey=CONT caller= Some::Package t/02-SIGhash.t 33
# 0.573050975799561 NEXTKEY lastkey=NUM48 caller= Some::Package t/02-SIGhash.t 33
# 0.573055028915405 NEXTKEY lastkey=CHLD caller= Some::Package t/02-SIGhash.t 33
# 0.573060035705566 NEXTKEY lastkey=NUM55 caller= Some::Package t/02-SIGhash.t 33
# 0.573064088821411 NEXTKEY lastkey=NUM45 caller= Some::Package t/02-SIGhash.t 33
# 0.573069095611572 NEXTKEY lastkey=QUIT caller= Some::Package t/02-SIGhash.t 33
# 0.573072910308838 NEXTKEY lastkey=NUM59 caller= Some::Package t/02-SIGhash.t 33
# 0.573076963424683 NEXTKEY lastkey=VTALRM caller= Some::Package t/02-SIGhash.t 33
# 0.573081970214844 NEXTKEY lastkey=NUM51 caller= Some::Package t/02-SIGhash.t 33
# 0.573086023330688 NEXTKEY lastkey=ALRM caller= Some::Package t/02-SIGhash.t 33
# 0.573095083236694 NEXTKEY lastkey=NUM42 caller= Some::Package t/02-SIGhash.t 33
# 0.573101043701172 NEXTKEY lastkey=NUM38 caller= Some::Package t/02-SIGhash.t 33
# 0.573105096817017 NEXTKEY lastkey=RTMIN caller= Some::Package t/02-SIGhash.t 33
# 0.573110103607178 NEXTKEY lastkey=ZERO caller= Some::Package t/02-SIGhash.t 33
# 0.573115110397339 NEXTKEY lastkey=XCPU caller= Some::Package t/02-SIGhash.t 33
# 0.573123931884766 NEXTKEY lastkey=NUM35 caller= Some::Package t/02-SIGhash.t 33
# 0.573133945465088 FETCH key=USR1 caller= Some::Package t/02-SIGhash.t 33
# 0.573144912719727     result(1)= 
# 0.573162078857422 FETCH key=NUM40 caller= Some::Package t/02-SIGhash.t 33
# 0.573169946670532     result(1)= 
# 0.573183059692383 FETCH key=USR2 caller= Some::Package t/02-SIGhash.t 33
# 0.573190927505493     result(1)= 
# 0.573204040527344 FETCH key=CLD caller= Some::Package t/02-SIGhash.t 33
# 0.573211908340454     result(1)= 
# 0.573225021362305 FETCH key=IOT caller= Some::Package t/02-SIGhash.t 33
# 0.573232889175415     result(1)= 
# 0.573246002197266 FETCH key=NUM62 caller= Some::Package t/02-SIGhash.t 33
# 0.573256015777588     result(1)= 
# 0.573277950286865 FETCH key=UNUSED caller= Some::Package t/02-SIGhash.t 33
# 0.573287963867188     result(1)= 
# 0.573299884796143 FETCH key=NUM60 caller= Some::Package t/02-SIGhash.t 33
# 0.573308944702148     result(1)= 
# 0.573319911956787 FETCH key=HUP caller= Some::Package t/02-SIGhash.t 33
# 0.573328018188477     result(1)= 
# 0.573339939117432 FETCH key=STKFLT caller= Some::Package t/02-SIGhash.t 33
# 0.573348045349121     result(1)= 
# 0.573359966278076 FETCH key=IO caller= Some::Package t/02-SIGhash.t 33
# 0.573368072509766     result(1)= 
# 0.573379993438721 FETCH key=XFSZ caller= Some::Package t/02-SIGhash.t 33
# 0.573389053344727     result(1)= 
# 0.573410987854004 FETCH key=NUM44 caller= Some::Package t/02-SIGhash.t 33
# 0.573424100875854     result(1)= 
# 0.573445081710815 FETCH key=ILL caller= Some::Package t/02-SIGhash.t 33
# 0.573457956314087     result(1)= 
# 0.573478937149048 FETCH key=SEGV caller= Some::Package t/02-SIGhash.t 33
# 0.573492050170898     result(1)= 
# 0.573513984680176 FETCH key=POLL caller= Some::Package t/02-SIGhash.t 33
# 0.573529958724976     result(1)= 
# 0.573550939559937 FETCH key=INT caller= Some::Package t/02-SIGhash.t 33
# 0.573561906814575     result(1)= 
# 0.573579072952271 FETCH key=PIPE caller= Some::Package t/02-SIGhash.t 33
# 0.573590993881226     result(1)= 
# 0.573621988296509 FETCH key=NUM53 caller= Some::Package t/02-SIGhash.t 33
# 0.573632955551147     result(1)= 
# 0.573652029037476 FETCH key=NUM36 caller= Some::Package t/02-SIGhash.t 33
# 0.573662996292114     result(1)= 
# 0.573683023452759 FETCH key=NUM32 caller= Some::Package t/02-SIGhash.t 33
# 0.573698043823242     result(1)= 
# 0.573720932006836 FETCH key=TSTP caller= Some::Package t/02-SIGhash.t 33
# 0.57373309135437     result(1)= 
# 0.573746919631958 FETCH key=ABRT caller= Some::Package t/02-SIGhash.t 33
# 0.573755025863647     result(1)= 
# 0.573767900466919 FETCH key=PROF caller= Some::Package t/02-SIGhash.t 33
# 0.573775053024292     result(1)= 
# 0.573787927627563 FETCH key=NUM37 caller= Some::Package t/02-SIGhash.t 33
# 0.573796033859253     result(1)= 
# 0.573807954788208 FETCH key=BUS caller= Some::Package t/02-SIGhash.t 33
# 0.573815107345581     result(1)= 
# 0.573827981948853 FETCH key=NUM46 caller= Some::Package t/02-SIGhash.t 33
# 0.573836088180542     result(1)= 
# 0.573847055435181 FETCH key=NUM33 caller= Some::Package t/02-SIGhash.t 33
# 0.573854923248291     result(1)= 
# 0.573867082595825 FETCH key=NUM57 caller= Some::Package t/02-SIGhash.t 33
# 0.573874950408936     result(1)= 
# 0.57388710975647 FETCH key=NUM52 caller= Some::Package t/02-SIGhash.t 33
# 0.57389497756958     result(1)= 
# 0.573905944824219 FETCH key=FPE caller= Some::Package t/02-SIGhash.t 33
# 0.573914051055908     result(1)= 
# 0.573925971984863 FETCH key=NUM41 caller= Some::Package t/02-SIGhash.t 33
# 0.573941946029663     result(1)= 
# 0.573954105377197 FETCH key=TERM caller= Some::Package t/02-SIGhash.t 33
# 0.573961973190308     result(1)= 
# 0.573975086212158 FETCH key=NUM58 caller= Some::Package t/02-SIGhash.t 33
# 0.573982000350952     result(1)= 
# 0.573999881744385 FETCH key=__WARN__ caller= Some::Package t/02-SIGhash.t 33
# 0.574008941650391     result(1)= 
# 0.574021100997925 FETCH key=NUM47 caller= Some::Package t/02-SIGhash.t 33
# 0.574029922485352     result(1)= 
# 0.574042081832886 FETCH key=STOP caller= Some::Package t/02-SIGhash.t 33
# 0.57404899597168     result(1)= 
# 0.57406210899353 FETCH key=NUM61 caller= Some::Package t/02-SIGhash.t 33
# 0.574069976806641     result(1)= 
# 0.574081897735596 FETCH key=TTIN caller= Some::Package t/02-SIGhash.t 33
# 0.574089050292969     result(1)= 
# 0.574105978012085 FETCH key=TTOU caller= Some::Package t/02-SIGhash.t 33
# 0.574115991592407     result(1)= 
# 0.574127912521362 FETCH key=URG caller= Some::Package t/02-SIGhash.t 33
# 0.574136018753052     result(1)= 
# 0.574147939682007 FETCH key=RTMAX caller= Some::Package t/02-SIGhash.t 33
# 0.574156045913696     result(1)= 
# 0.574168920516968 FETCH key=NUM54 caller= Some::Package t/02-SIGhash.t 33
# 0.574176073074341     result(1)= 
# 0.574188947677612 FETCH key=NUM63 caller= Some::Package t/02-SIGhash.t 33
# 0.574196100234985     result(1)= 
# 0.57420802116394 FETCH key=TRAP caller= Some::Package t/02-SIGhash.t 33
# 0.574215888977051     result(1)= 
# 0.574228048324585 FETCH key=KILL caller= Some::Package t/02-SIGhash.t 33
# 0.574234962463379     result(1)= 
# 0.574246883392334 FETCH key=NUM39 caller= Some::Package t/02-SIGhash.t 33
# 0.574254989624023     result(1)= 
# 0.574266910552979 FETCH key=NUM50 caller= Some::Package t/02-SIGhash.t 33
# 0.574275016784668     result(1)= 
# 0.574286937713623 FETCH key=NUM49 caller= Some::Package t/02-SIGhash.t 33
# 0.574294090270996     result(1)= 
# 0.574327945709229 FETCH key=WINCH caller= Some::Package t/02-SIGhash.t 33
# 0.574340105056763     result(1)= 
# 0.574352979660034 FETCH key=NUM56 caller= Some::Package t/02-SIGhash.t 33
# 0.574361085891724     result(1)= 
# 0.574373960494995 FETCH key=PWR caller= Some::Package t/02-SIGhash.t 33
# 0.574381113052368     result(1)= 
# 0.574393033981323 FETCH key=NUM43 caller= Some::Package t/02-SIGhash.t 33
# 0.574400901794434     result(1)= 
# 0.574413061141968 FETCH key=SYS caller= Some::Package t/02-SIGhash.t 33
# 0.574420928955078     result(1)= 
# 0.574433088302612 FETCH key=CONT caller= Some::Package t/02-SIGhash.t 33
# 0.574440002441406     result(1)= 
# 0.574451923370361 FETCH key=NUM48 caller= Some::Package t/02-SIGhash.t 33
# 0.574460029602051     result(1)= 
# 0.574471950531006 FETCH key=CHLD caller= Some::Package t/02-SIGhash.t 33
# 0.574479103088379     result(1)= 
# 0.57449197769165 FETCH key=NUM55 caller= Some::Package t/02-SIGhash.t 33
# 0.57450008392334     result(1)= 
# 0.574512004852295 FETCH key=NUM45 caller= Some::Package t/02-SIGhash.t 33
# 0.574520111083984     result(1)= 
# 0.574532032012939 FETCH key=QUIT caller= Some::Package t/02-SIGhash.t 33
# 0.57453989982605     result(1)= 
# 0.574552059173584 FETCH key=NUM59 caller= Some::Package t/02-SIGhash.t 33
# 0.574559926986694     result(1)= 
# 0.574572086334229 FETCH key=VTALRM caller= Some::Package t/02-SIGhash.t 33
# 0.574579954147339     result(1)= 
# 0.574592113494873 FETCH key=NUM51 caller= Some::Package t/02-SIGhash.t 33
# 0.574599981307983     result(1)= 
# 0.574611902236938 FETCH key=ALRM caller= Some::Package t/02-SIGhash.t 33
# 0.574619054794312     result(1)= 
# 0.574631929397583 FETCH key=NUM42 caller= Some::Package t/02-SIGhash.t 33
# 0.574639081954956     result(1)= 
# 0.574651002883911 FETCH key=NUM38 caller= Some::Package t/02-SIGhash.t 33
# 0.574659109115601     result(1)= 
# 0.574671030044556 FETCH key=RTMIN caller= Some::Package t/02-SIGhash.t 33
# 0.574678897857666     result(1)= 
# 0.574690103530884 FETCH key=ZERO caller= Some::Package t/02-SIGhash.t 33
# 0.574697971343994     result(1)= 
# 0.574709892272949 FETCH key=XCPU caller= Some::Package t/02-SIGhash.t 33
# 0.574717044830322     result(1)= 
# 0.574728965759277 FETCH key=NUM35 caller= Some::Package t/02-SIGhash.t 33
# 0.574737071990967     result(1)= 
# Looks like you failed 1 test of 14.
t/02-SIGhash.t ............ 
Dubious, test returned 1 (wstat 256, 0x100)
Failed 1/14 subtests 
t/03-XSIG.t ............... ok
t/04-XSIGarray.t .......... ok
t/05-XSIGhash.t ........... ok
t/10-handlers.t ........... ok
t/11-local.t .............. ok
t/20a-defaults.t .......... ok
# expected linux to suspend on SIGTSTP, but it didn't
# expected linux to suspend on SIGTTIN, but it didn't
# expected linux to suspend on SIGTTOU, but it didn't
[linux]
1. SIGTSTP    [20] => IGNORE
2. SIGTTIN    [21] => IGNORE
3. SIGTTOU    [22] => IGNORE
t/20b-defaults.t .......... ok
t/20c-defaults.t .......... ok
t/21-override-defaults.t .. ok
t/manifest.t .............. skipped: Author tests not required for installation
t/pod-coverage.t .......... ok
t/pod.t ................... ok

Test Summary Report
-------------------
t/02-SIGhash.t          (Wstat: 256 Tests: 14 Failed: 1)
  Failed test:  7
  Non-zero exit status: 1
Files=15, Tests=391, 204 wallclock secs ( 0.09 usr  0.07 sys +  2.57 cusr  0.44 csys =  3.17 CPU)
Result: FAIL
Failed 1/15 test programs. 1/391 subtests failed.
Makefile:852: recipe for target 'test_dynamic' failed
make: *** [test_dynamic] Error 255

------------------------------
PREREQUISITES
------------------------------

Prerequisite modules loaded:

requires:

    Module              Need Have    
    ------------------- ---- --------
    Test::More          0    1.302083

build_requires:

    Module              Need Have    
    ------------------- ---- --------
    ExtUtils::MakeMaker 0    7.24    

configure_requires:

    Module              Need Have    
    ------------------- ---- --------
    ExtUtils::MakeMaker 0    7.24    


------------------------------
ENVIRONMENT AND OTHER CONTEXT
------------------------------

Environment variables:

    LANG = en_US.UTF-8
    LANGUAGE = en_US:en
    PATH = /usr/local/bin:/usr/bin:/bin:/usr/local/sbin:/usr/sbin:/sbin:/home/cpansand/bin/linux-gnu:/home/cpansand/bin/sh:/home/cpansand/bin:/usr/games:/home/cpansand/devel:/home/eserte/src/srezic-misc/scripts
    PERL5LIB = 
    PERL5OPT = 
    PERL5_CPANPLUS_IS_RUNNING = 16807
    PERL5_CPAN_IS_RUNNING = 16807
    PERL5_CPAN_IS_RUNNING_IN_RECURSION = 16707,16807
    PERLDOC = -MPod::Perldoc::ToTextOverstrike
    PERL_BATCH = yes
    PERL_CANARY_STABILITY_NOPROMPT = 1
    PERL_CPAN_REPORTER_CONFIG = /var/tmp/cpansmoker-1002/2017042909/cpanreporter_000_config.ini
    PERL_EXTUTILS_AUTOINSTALL = --defaultdeps
    PERL_USE_UNSAFE_INC = 1
    SHELL = /bin/zsh
    TERM = screen
    TMPDIR = /var/tmp/cpansmoker-1002/2017042909

Perl special variables (and OS-specific diagnostics, for MSWin32):

    $^X = /opt/perl-5.24.1t/bin/perl
    $UID/$EUID = 1002 / 1002
    $GID = 1002 1002
    $EGID = 1002 1002

Perl module toolchain versions installed:

    Module              Have      
    ------------------- ----------
    CPAN                2.11_01   
    CPAN::Meta          2.150005  
    Cwd                 3.63_01   
    ExtUtils::CBuilder  0.280225  
    ExtUtils::Command   7.24      
    ExtUtils::Install   2.04      
    ExtUtils::MakeMaker 7.24      
    ExtUtils::Manifest  1.70      
    ExtUtils::ParseXS   3.31      
    File::Spec          3.63_01   
    JSON                2.90      
    JSON::PP            2.27400   
    Module::Build       0.4220    
    Module::Signature   0.81      
    Parse::CPAN::Meta   1.4417_001
    Test::Harness       3.38      
    Test::More          1.302083  
    YAML                1.22      
    YAML::Syck          1.30      
    version             0.9916    


--

Summary of my perl5 (revision 5 version 24 subversion 1) configuration:
   
  Platform:
    osname=linux, osvers=4.8.0-2-amd64, archname=x86_64-linux-thread-multi
    uname='linux prod4 4.8.0-2-amd64 #1 smp debian 4.8.15-2 (2017-01-04) x86_64 gnulinux '
    config_args='-ds -e -Dprefix=/opt/perl-5.24.1t -Dusethreads -Dcf_email=srezic@cpan.org'
    hint=recommended, useposix=true, d_sigaction=define
    useithreads=define, usemultiplicity=define
    use64bitint=define, use64bitall=define, uselongdouble=undef
    usemymalloc=n, bincompat5005=undef
  Compiler:
    cc='cc', ccflags ='-D_REENTRANT -D_GNU_SOURCE -fwrapv -fno-strict-aliasing -pipe -fstack-protector-strong -I/usr/local/include -D_LARGEFILE_SOURCE -D_FILE_OFFSET_BITS=64',
    optimize='-O2',
    cppflags='-D_REENTRANT -D_GNU_SOURCE -fwrapv -fno-strict-aliasing -pipe -fstack-protector-strong -I/usr/local/include'
    ccversion='', gccversion='6.3.0 20170124', gccosandvers=''
    intsize=4, longsize=8, ptrsize=8, doublesize=8, byteorder=12345678, doublekind=3
    d_longlong=define, longlongsize=8, d_longdbl=define, longdblsize=16, longdblkind=3
    ivtype='long', ivsize=8, nvtype='double', nvsize=8, Off_t='off_t', lseeksize=8
    alignbytes=8, prototype=define
  Linker and Libraries:
    ld='cc', ldflags =' -fstack-protector-strong -L/usr/local/lib'
    libpth=/usr/local/lib /usr/lib/gcc/x86_64-linux-gnu/6/include-fixed /usr/include/x86_64-linux-gnu /usr/lib /lib/x86_64-linux-gnu /lib/../lib /usr/lib/x86_64-linux-gnu /usr/lib/../lib /lib
    libs=-lpthread -lnsl -lgdbm -ldb -ldl -lm -lcrypt -lutil -lc -lgdbm_compat
    perllibs=-lpthread -lnsl -ldl -lm -lcrypt -lutil -lc
    libc=libc-2.24.so, so=so, useshrplib=false, libperl=libperl.a
    gnulibc_version='2.24'
  Dynamic Linking:
    dlsrc=dl_dlopen.xs, dlext=so, d_dlsymun=undef, ccdlflags='-Wl,-E'
    cccdlflags='-fPIC', lddlflags='-shared -O2 -L/usr/local/lib -fstack-protector-strong'


Characteristics of this binary (from libperl): 
  Compile-time options: HAS_TIMES MULTIPLICITY PERLIO_LAYERS
                        PERL_COPY_ON_WRITE PERL_DONT_CREATE_GVSV
                        PERL_HASH_FUNC_ONE_AT_A_TIME_HARD
                        PERL_IMPLICIT_CONTEXT PERL_MALLOC_WRAP
                        PERL_PRESERVE_IVUV USE_64_BIT_ALL USE_64_BIT_INT
                        USE_ITHREADS USE_LARGE_FILES USE_LOCALE
                        USE_LOCALE_COLLATE USE_LOCALE_CTYPE
                        USE_LOCALE_NUMERIC USE_LOCALE_TIME USE_PERLIO
                        USE_PERL_ATOF USE_REENTRANT_API
  Built under linux
  Compiled at Feb  9 2017 22:34:23
  %ENV:
    PERL5LIB=""
    PERL5OPT=""
    PERL5_CPANPLUS_IS_RUNNING="16807"
    PERL5_CPAN_IS_RUNNING="16807"
    PERL5_CPAN_IS_RUNNING_IN_RECURSION="16707,16807"
    PERLDOC="-MPod::Perldoc::ToTextOverstrike"
    PERL_BATCH="yes"
    PERL_CANARY_STABILITY_NOPROMPT="1"
    PERL_CPAN_REPORTER_CONFIG="/var/tmp/cpansmoker-1002/2017042909/cpanreporter_000_config.ini"
    PERL_EXTUTILS_AUTOINSTALL="--defaultdeps"
    PERL_USE_UNSAFE_INC="1"
  @INC:
    /opt/perl-5.24.1t/lib/site_perl/5.24.1/x86_64-linux-thread-multi
    /opt/perl-5.24.1t/lib/site_perl/5.24.1
    /opt/perl-5.24.1t/lib/5.24.1/x86_64-linux-thread-multi
    /opt/perl-5.24.1t/lib/5.24.1
    .