Automated smoke report for branch smoke-me/khw-locale 5.25.7 patch 875a57f183ac1c46e31889e2c32aa0b7cfb17043 v5.25.6-81-g875a57f
nightshade64: Intel(R) Core(TM) i7-6700K CPU @ 4.00GHz (GenuineIntel 4008MHz) (x86_64/4 cpu[4 cores])
    on        linux - 4.6.0-1-amd64 [Debian GNU/Linux stretch/sid]
    using     ccache gcc-6 version 6.1.1 20160802
    smoketime 3 hours 19 minutes (average 16 minutes 40 seconds)

Summary: FAIL(X)

O = OK  F = Failure(s), extended report at the bottom
X = Failure(s) under TEST but not under harness
? = still running or test results not (yet) available
Build failures during:       - = unknown or N/A
c = Configure, m = make, M = make (after miniperl), t = make test-prep

v5.25.6-81-g875a57f  Configuration (common) -Dcc="ccache gcc-6"
----------- ---------------------------------------------------------
O O         
O O         -Duselongdouble
X X         -Dusequadmath
O O         -Dusethreads
O O         -Dusethreads -Duselongdouble
X X         -Dusethreads -Dusequadmath
| +--------- -DDEBUGGING
+----------- no debugging


Locally applied patches:
    SMOKE875a57f183ac1c46e31889e2c32aa0b7cfb17043

Tests skipped on user request:
    # One test name on a line
Failures: (common-args) -Dcc="ccache gcc-6"
[default] -Dusequadmath
[default] -DDEBUGGING -Dusequadmath
[default] -Dusethreads -Dusequadmath
[default] -DDEBUGGING -Dusethreads -Dusequadmath
Inconsistent test results (between TEST and harness):
    ../t/dist/Carp/t/arg_string.t........... ......................................... FAILED at test 5

Compiler messages(gcc):
pp_ctl.c: In function ‘Perl_pp_goto’:
pp_ctl.c:2798:104: warning: self-comparison always evaluates to false [-Wtautological-compare]
locale.c: In function ‘Perl_my_strerror’:
locale.c:2781:10: warning: suggest braces around empty body in an ‘else’ statement [-Wempty-body]
inflate.c: In function ‘inflateUndermine’:
inflate.c:1487:9: warning: unused parameter ‘subvert’ [-Wunused-parameter]
inflate.c: In function ‘inflateMark’:
inflate.c:1507:51: warning: left shift of negative value [-Wshift-negative-value]
pp_ctl.c:2798:112: warning: self-comparison always evaluates to false [-Wtautological-compare]
locale.c:2756:14: warning: suggest braces around empty body in an ‘else’ statement [-Wempty-body]

Non-Fatal messages(gcc):


Linux nightshade64 4.6.0-1-amd64 #1 SMP Debian 4.6.4-1 (2016-07-18)
    x86_64 GNU/Linux

This is a Debian Stretch Virtual Machine, 64 bit, running under VMware.

This machine has occasional free HD space issues on the / mount, but
they shouldn't affect smoking, which runs on a separate mount.

Expected failures: None.

-- 
Report by Test::Smoke v1.70_02 running on perl 5.22.2
(Reporter v0.053 / Smoker v0.046)
