NAME                      USED  AVAIL  REFER  MOUNTPOINT
tank@initial               53K      -  27.5G  -
tank@2018-03-05            44K      -  27.5G  -
tank@2018-03-08          1.56M      -  3.01G  -
tank@2018-03-09           206K      -  3.01G  -
tank@2018-03-10           182K      -  3.01G  -
tank@2018-03-11           182K      -  3.01G  -
tank@2018-03-12           182K      -  3.01G  -
tank@2018-03-13           228K      -  2.98G  -
tank@2018-03-14           198K      -  2.98G  -
tank@2018-03-15           199K      -  2.98G  -
tank@2018-03-16           198K      -  3.00G  -
tank@2018-03-17           198K      -  3.00G  -
tank@2018-03-18           232K      -  3.00G  -
tank@2018-03-19           246K      -  3.00G  -
tank@2018-03-21           198K      -  3.25G  -
tank@2018-03-22              0      -  3.29G  -
tank/Archive@initial       17K      -    19K  -
tank/Archive@2018-03-14      0      -  24.2G  -
tank/Archive@2018-03-15      0      -  24.2G  -
tank/Archive@2018-03-17      0      -  24.2G  -
tank/Archive@2018-03-18      0      -  24.2G  -
tank/Archive@2018-03-19      0      -  24.2G  -
tank/Archive@2018-03-21      0      -  24.2G  -
tank/Archive@2018-03-22      0      -  24.2G  -
