From: slaven@rezic.de
X-Test-Reporter-Distfile: AMD/Tapper-MCP-MessageReceiver-3.000010.tar.gz
X-Test-Reporter-Perl: v5.15.9
Subject: FAIL Tapper-MCP-MessageReceiver-3.000010 x86_64-linux 2.6.32-5-xen-amd64
Report: This distribution has been tested as part of the CPAN Testers
project, supporting the Perl programming language.  See
http://wiki.cpantesters.org/ for more information or email
questions to cpan-testers-discuss@perl.org


--
Dear AMD OSRC (AMD Operating System Research Center),

This is a computer-generated report for Tapper-MCP-MessageReceiver-3.000010
on perl 5.15.9, created by CPAN-Reporter-1.2006.

Thank you for uploading your work to CPAN.  However, there was a problem
testing your distribution.

If you think this report is invalid, please consult the CPAN Testers Wiki
for suggestions on how to avoid getting FAIL reports for missing library
or binary dependencies, unsupported operating systems, and so on:

http://wiki.cpantesters.org/wiki/CPANAuthorNotes

Sections of this report:

    * Tester comments
    * Program output
    * Prerequisites
    * Environment and other context

------------------------------
TESTER COMMENTS
------------------------------

Additional comments from tester:

none provided

------------------------------
PROGRAM OUTPUT
------------------------------

Output from '/usr/bin/make test':

PERL_DL_NONLAZY=1 /bbbike/ctps/5159linux2/install/perl-v5.15.9-134-g8aed2c6/bin/perl "-MExtUtils::Command::MM" "-e" "test_harness(0, 'inc', 'blib/lib', 'blib/arch')" t/00-load.t t/tapper-mcp-messagereceiver.t
defined(@array) is deprecated at /home/eserte/var/ctps/5159linux2/install/perl-v5.15.9-134-g8aed2c6/lib/site_perl/5.15.9/LockFile/Simple.pm line 135.
	(Maybe you should just omit the defined()?)
defined(@array) is deprecated at /home/eserte/var/ctps/5159linux2/install/perl-v5.15.9-134-g8aed2c6/lib/site_perl/5.15.9/LockFile/Simple.pm line 136.
	(Maybe you should just omit the defined()?)
# Testing Tapper::MCP::MessageReceiver 3.000010, Perl 5.015009, /bbbike/ctps/5159linux2/install/perl-v5.15.9-134-g8aed2c6/bin/perl
t/00-load.t ..................... ok
defined(@array) is deprecated at /home/eserte/var/ctps/5159linux2/install/perl-v5.15.9-134-g8aed2c6/lib/site_perl/5.15.9/LockFile/Simple.pm line 135.
	(Maybe you should just omit the defined()?)
defined(@array) is deprecated at /home/eserte/var/ctps/5159linux2/install/perl-v5.15.9-134-g8aed2c6/lib/site_perl/5.15.9/LockFile/Simple.pm line 136.
	(Maybe you should just omit the defined()?)

#   Failed test 'Daemon start without error'
#   at t/tapper-mcp-messagereceiver.t line 22.
#          got: 'defined(@array) is deprecated at /home/eserte/var/ctps/5159linux2/install/perl-v5.15.9-134-g8aed2c6/lib/site_perl/5.15.9/LockFile/Simple.pm line 135.
# 	(Maybe you should just omit the defined()?)
# defined(@array) is deprecated at /home/eserte/var/ctps/5159linux2/install/perl-v5.15.9-134-g8aed2c6/lib/site_perl/5.15.9/LockFile/Simple.pm line 136.
# 	(Maybe you should just omit the defined()?)
# '
#     expected: ''
defined(@array) is deprecated at /home/eserte/var/ctps/5159linux2/install/perl-v5.15.9-134-g8aed2c6/lib/site_perl/5.15.9/Module/Find.pm line 182.
	(Maybe you should just omit the defined()?)
DBIx::Class::Schema::connect(): Your DB is currently unversioned. Please call upgrade on your schema to sync the DB. at /home/eserte/var/ctps/5159linux2/install/perl-v5.15.9-134-g8aed2c6/lib/site_perl/5.15.9/Tapper/Model.pm line 54

#   Failed test 'Daemon stopped without error'
#   at t/tapper-mcp-messagereceiver.t line 55.
#          got: 'defined(@array) is deprecated at /home/eserte/var/ctps/5159linux2/install/perl-v5.15.9-134-g8aed2c6/lib/site_perl/5.15.9/LockFile/Simple.pm line 135.
# 	(Maybe you should just omit the defined()?)
# defined(@array) is deprecated at /home/eserte/var/ctps/5159linux2/install/perl-v5.15.9-134-g8aed2c6/lib/site_perl/5.15.9/LockFile/Simple.pm line 136.
# 	(Maybe you should just omit the defined()?)
# '
#     expected: ''
# Looks like you failed 2 tests of 5.
t/tapper-mcp-messagereceiver.t .. 
Dubious, test returned 2 (wstat 512, 0x200)
Failed 2/5 subtests 

Test Summary Report
-------------------
t/tapper-mcp-messagereceiver.t (Wstat: 512 Tests: 5 Failed: 2)
  Failed tests:  1, 5
  Non-zero exit status: 2
Files=2, Tests=6, 23 wallclock secs ( 0.01 usr  0.01 sys +  1.38 cusr  0.24 csys =  1.64 CPU)
Result: FAIL
Failed 1/2 test programs. 2/6 subtests failed.
make: *** [test_dynamic] Error 2

------------------------------
PREREQUISITES
------------------------------

Prerequisite modules loaded:

requires:

    Module              Need     Have    
    ------------------- -------- --------
    AnyEvent            0        7.0     
    App::Daemon         0        0.15    
    EV                  0        4.11    
    IO::Socket::INET    0        1.33    
    Moose               1.24     2.0403  
    perl                5.010    5.015009
    Tapper::Base        3.000010 3.000010
    Tapper::Config      3.000010 3.000010
    Tapper::Model       3.000010 3.000010
    Test::More          0        0.98    
    YAML::Syck          1.17     1.20    

build_requires:

    Module              Need     Have    
    ------------------- -------- --------
    ExtUtils::MakeMaker 6.42     6.63_02 
    IO::Socket::INET    0        1.33    
    Test::More          0        0.98    

configure_requires:

    Module              Need     Have    
    ------------------- -------- --------
    ExtUtils::MakeMaker 6.42     6.63_02 


------------------------------
ENVIRONMENT AND OTHER CONTEXT
------------------------------

Environment variables:

    DBIC_NO_WARN_BAD_PERL = 1
    LANG = C
    PATH = /usr/local/bin:/usr/bin:/bin:/usr/local/sbin:/usr/sbin:/sbin:/home/eserte/bin/linux-gnu:/home/eserte/bin/sh:/home/eserte/bin:/usr/X11R6/bin:/usr/X11/bin:/usr/games:/home/eserte/devel:/home/eserte/work/cpan-testers-parallelsmoker/utils
    PERL = /bbbike/ctps/5159linux2/install/perl-v5.15.9-134-g8aed2c6/bin/perl
    PERL5LIB = 
    PERL5OPT = 
    PERL5_CPANPLUS_IS_RUNNING = 11235
    PERL5_CPAN_IS_RUNNING = 11235
    PERL5_CPAN_IS_RUNNING_IN_RECURSION = 7794,11235
    PERLDOC = -MPod::Perldoc::ToTextOverstrike
    PERL_BATCH = yes
    PERL_CPAN_REPORTER_DIR = /home/eserte/var/ctps/5159linux2/config/perl-v5.15.9-134-g8aed2c6/cpanreporter
    PERL_EXTUTILS_AUTOINSTALL = --defaultdeps
    PERL_HTML_DISPLAY_CLASS = HTML::Display::Mozilla
    PERL_PARALLEL_SMOKER = yes
    PERL_TEST_UNPATCHED = 1
    SHELL = /usr/bin/zsh
    TERM = screen
    TMPDIR = /var/tmp/cpansmoker-1001

Perl special variables (and OS-specific diagnostics, for MSWin32):

    $^X = /bbbike/ctps/5159linux2/install/perl-v5.15.9-134-g8aed2c6/bin/perl
    $UID/$EUID = 1001 / 1001
    $GID = 1001 1001
    $EGID = 1001 1001

Perl module toolchain versions installed:

    Module              Have    
    ------------------- --------
    CPAN                1.9800  
    CPAN::Meta          2.120630
    Cwd                 3.39_02 
    ExtUtils::CBuilder  0.280206
    ExtUtils::Command   1.17    
    ExtUtils::Install   1.58    
    ExtUtils::MakeMaker 6.63_02 
    ExtUtils::Manifest  1.61    
    ExtUtils::ParseXS   3.16    
    File::Spec          3.39_02 
    JSON                n/a     
    JSON::PP            2.27200 
    Module::Build       0.39_01 
    Module::Signature   n/a     
    Parse::CPAN::Meta   1.4402  
    Test::Harness       3.23    
    Test::More          0.98    
    YAML                0.80    
    YAML::Syck          1.20    
    version             0.97    


--

Summary of my perl5 (revision 5 version 15 subversion 9) configuration:
  Commit id: 8aed2c65cec8aaa88a3d43cb2992c5383ce2e6e8
  Platform:
    osname=linux, osvers=2.6.32-5-xen-amd64, archname=x86_64-linux
    uname='linux eserte 2.6.32-5-xen-amd64 #1 smp thu mar 22 21:14:26 utc 2012 x86_64 gnulinux '
    config_args='-ds -e -Uversiononly -Dinstallusrbinperl=n -Dusedevel -Dprefix=/home/eserte/var/ctps/5159linux2/install/perl-v5.15.9-134-g8aed2c6'
    hint=recommended, useposix=true, d_sigaction=define
    useithreads=undef, usemultiplicity=undef
    useperlio=define, d_sfio=undef, uselargefiles=define, usesocks=undef
    use64bitint=define, use64bitall=define, uselongdouble=undef
    usemymalloc=n, bincompat5005=undef
  Compiler:
    cc='cc', ccflags ='-fno-strict-aliasing -pipe -fstack-protector -I/usr/local/include -D_LARGEFILE_SOURCE -D_FILE_OFFSET_BITS=64',
    optimize='-O2',
    cppflags='-fno-strict-aliasing -pipe -fstack-protector -I/usr/local/include'
    ccversion='', gccversion='4.4.5', gccosandvers=''
    intsize=4, longsize=8, ptrsize=8, doublesize=8, byteorder=12345678
    d_longlong=define, longlongsize=8, d_longdbl=define, longdblsize=16
    ivtype='long', ivsize=8, nvtype='double', nvsize=8, Off_t='off_t', lseeksize=8
    alignbytes=8, prototype=define
  Linker and Libraries:
    ld='cc', ldflags =' -fstack-protector -L/usr/local/lib'
    libpth=/usr/local/lib /lib/../lib /usr/lib/../lib /lib /usr/lib /lib64 /usr/lib64
    libs=-lnsl -ldb -ldl -lm -lcrypt -lutil -lc
    perllibs=-lnsl -ldl -lm -lcrypt -lutil -lc
    libc=/lib/libc-2.11.3.so, so=so, useshrplib=false, libperl=libperl.a
    gnulibc_version='2.11.3'
  Dynamic Linking:
    dlsrc=dl_dlopen.xs, dlext=so, d_dlsymun=undef, ccdlflags='-Wl,-E'
    cccdlflags='-fPIC', lddlflags='-shared -O2 -L/usr/local/lib -fstack-protector'


Characteristics of this binary (from libperl): 
  Compile-time options: HAS_TIMES PERLIO_LAYERS PERL_DONT_CREATE_GVSV
                        PERL_MALLOC_WRAP PERL_PRESERVE_IVUV PERL_USE_DEVEL
                        USE_64_BIT_ALL USE_64_BIT_INT USE_LARGE_FILES
                        USE_LOCALE USE_LOCALE_COLLATE USE_LOCALE_CTYPE
                        USE_LOCALE_NUMERIC USE_PERLIO USE_PERL_ATOF
  Built under linux
  Compiled at Apr 15 2012 14:12:54
  %ENV:
    PERL="/bbbike/ctps/5159linux2/install/perl-v5.15.9-134-g8aed2c6/bin/perl"
    PERL5LIB=""
    PERL5OPT=""
    PERL5_CPANPLUS_IS_RUNNING="11235"
    PERL5_CPAN_IS_RUNNING="11235"
    PERL5_CPAN_IS_RUNNING_IN_RECURSION="7794,11235"
    PERLDOC="-MPod::Perldoc::ToTextOverstrike"
    PERL_BATCH="yes"
    PERL_CPAN_REPORTER_DIR="/home/eserte/var/ctps/5159linux2/config/perl-v5.15.9-134-g8aed2c6/cpanreporter"
    PERL_EXTUTILS_AUTOINSTALL="--defaultdeps"
    PERL_HTML_DISPLAY_CLASS="HTML::Display::Mozilla"
    PERL_PARALLEL_SMOKER="yes"
    PERL_TEST_UNPATCHED="1"
  @INC:
    /home/eserte/var/ctps/5159linux2/install/perl-v5.15.9-134-g8aed2c6/lib/site_perl/5.15.9/x86_64-linux
    /home/eserte/var/ctps/5159linux2/install/perl-v5.15.9-134-g8aed2c6/lib/site_perl/5.15.9
    /home/eserte/var/ctps/5159linux2/install/perl-v5.15.9-134-g8aed2c6/lib/5.15.9/x86_64-linux
    /home/eserte/var/ctps/5159linux2/install/perl-v5.15.9-134-g8aed2c6/lib/5.15.9
    .