From: slaven@rezic.de
X-Test-Reporter-Distfile: ELIZABETH/Data-Reuse-0.08.tar.gz
X-Test-Reporter-Perl: v5.15.9
Subject: FAIL Data-Reuse-0.08 i386-freebsd 8.0-release-p4
Report: This distribution has been tested as part of the CPAN Testers
project, supporting the Perl programming language.  See
http://wiki.cpantesters.org/ for more information or email
questions to cpan-testers-discuss@perl.org


--
Dear Elizabeth Mattijsen,

This is a computer-generated report for Data-Reuse-0.08
on perl 5.15.9, created by CPAN-Reporter-1.2005.

Thank you for uploading your work to CPAN.  However, there was a problem
testing your distribution.

If you think this report is invalid, please consult the CPAN Testers Wiki
for suggestions on how to avoid getting FAIL reports for missing library
or binary dependencies, unsupported operating systems, and so on:

http://wiki.cpantesters.org/wiki/CPANAuthorNotes

Sections of this report:

    * Tester comments
    * Program output
    * Prerequisites
    * Environment and other context

------------------------------
TESTER COMMENTS
------------------------------

Additional comments from tester:

none provided

------------------------------
PROGRAM OUTPUT
------------------------------

Output from '/usr/bin/make test':

PERL_DL_NONLAZY=1 /usr/home/cpansand/var/ctps/5159/install/perl-d005e6a6a9ca86c3b2f1eaa7b931b085cf8a205b/bin/perl "-MExtUtils::Command::MM" "-e" "test_harness(0, 'blib/lib', 'blib/arch')" t/*.t

#   Failed test at t/00reuse.t line 124.
#          got: '$VAR1 = [
#           1,
#           [
#             1,
#             [
#               1,
#               $VAR1
#             ]
#           ]
#         ];
# '
#     expected: '$VAR1 = [
#           1,
#           [
#             1,
#             [
#               2,
#               {
#                 'three' => 3
#               }
#             ]
#           ]
#         ];
# '

#   Failed test at t/00reuse.t line 126.
#          got: 'SCALAR(0x279e9df0)'
#     expected: 'SCALAR(0x27a03f40)'
# Looks like you failed 2 tests of 56.
t/00reuse.t ... 
Dubious, test returned 2 (wstat 512, 0x200)
Failed 2/56 subtests 
t/10fixate.t .. ok
t/20spread.t .. ok
t/30forget.t .. ok

Test Summary Report
-------------------
t/00reuse.t (Wstat: 512 Tests: 56 Failed: 2)
  Failed tests:  43, 45
  Non-zero exit status: 2
Files=4, Tests=123,  0 wallclock secs ( 0.05 usr  0.02 sys +  0.29 cusr  0.07 csys =  0.43 CPU)
Result: FAIL
Failed 1/4 test programs. 2/123 subtests failed.
*** Error code 255

Stop in /var/tmp/CPAN-build/Data-Reuse-0.08-tAhA8i.

------------------------------
PREREQUISITES
------------------------------

Prerequisite modules loaded:

requires:

    Module              Need Have   
    ------------------- ---- -------
    Data::Alias         1.07 1.16   

build_requires:

    Module              Need Have   
    ------------------- ---- -------
    ExtUtils::MakeMaker 0    6.63_02

configure_requires:

    Module              Need Have   
    ------------------- ---- -------
    ExtUtils::MakeMaker 0    6.63_02


------------------------------
ENVIRONMENT AND OTHER CONTEXT
------------------------------

Environment variables:

    DBIC_NO_WARN_BAD_PERL = 1
    MYPERLDIR = /usr/perl5.15.9
    MYPERLVER = 5.15.9
    PATH = /usr/local/bin:/usr/X11R6/bin:/usr/X11/bin:/usr/perl5.8.0/bin:/usr/bin:/bin:/usr/local/sbin:/usr/sbin:/sbin:/usr/local/pilot/bin:/home/cpansand/bin/freebsd8.0:/home/cpansand/bin/sh:/home/cpansand/bin:/usr/X386/bin:/usr/games:/home/cpansand/devel:/usr/home/e/eserte/src/perl/CPAN-Testers-ParallelSmoker/utils
    PERL5LIB = 
    PERL5OPT = 
    PERL5_CPANPLUS_IS_RUNNING = 95694
    PERL5_CPAN_IS_RUNNING = 95694
    PERL5_CPAN_IS_RUNNING_IN_RECURSION = 95673,95694
    PERL_BATCH = yes
    PERL_CPAN_REPORTER_DIR = /home/cpansand/var/ctps/5159/config/perl-d005e6a6a9ca86c3b2f1eaa7b931b085cf8a205b/cpanreporter
    PERL_EXTUTILS_AUTOINSTALL = --defaultdeps
    PERL_HTML_DISPLAY_CLASS = HTML::Display::Mozilla
    SHELL = /usr/local/bin/zsh
    TERM = screen
    TMPDIR = /var/tmp/cpansmoker-1023

Perl special variables (and OS-specific diagnostics, for MSWin32):

    $^X = /usr/home/cpansand/var/ctps/5159/install/perl-d005e6a6a9ca86c3b2f1eaa7b931b085cf8a205b/bin/perl
    $UID/$EUID = 1023 / 1023
    $GID = 1023 1023
    $EGID = 1023 1023

Perl module toolchain versions installed:

    Module              Have    
    ------------------- --------
    CPAN                1.9800  
    CPAN::Meta          2.120630
    Cwd                 3.39_02 
    ExtUtils::CBuilder  0.280206
    ExtUtils::Command   1.17    
    ExtUtils::Install   1.58    
    ExtUtils::MakeMaker 6.63_02 
    ExtUtils::Manifest  1.61    
    ExtUtils::ParseXS   3.16    
    File::Spec          3.39_02 
    JSON                2.53    
    JSON::PP            2.27200 
    Module::Build       0.39_01 
    Module::Signature   0.68    
    Parse::CPAN::Meta   1.4402  
    Test::Harness       3.23    
    Test::More          0.98    
    YAML                0.80    
    YAML::Syck          1.20    
    version             0.96    


--

Summary of my perl5 (revision 5 version 15 subversion 9) configuration:
  Commit id: d005e6a6a9ca86c3b2f1eaa7b931b085cf8a205b
  Platform:
    osname=freebsd, osvers=8.0-release-p4, archname=i386-freebsd
    uname='freebsd biokovo.herceg.de 8.0-release-p4 freebsd 8.0-release-p4 #0: mon jul 12 20:22:27 utc 2010 root@i386-builder.daemonology.net:usrobjusrsrcsysgeneric i386 '
    config_args='-ds -e -Uversiononly -Dinstallusrbinperl=n -Dusedevel -Dprefix=/home/e/eserte/var/ctps/5159/install/perl-d005e6a6a9ca86c3b2f1eaa7b931b085cf8a205b'
    hint=recommended, useposix=true, d_sigaction=define
    useithreads=undef, usemultiplicity=undef
    useperlio=define, d_sfio=undef, uselargefiles=define, usesocks=undef
    use64bitint=undef, use64bitall=undef, uselongdouble=undef
    usemymalloc=n, bincompat5005=undef
  Compiler:
    cc='cc', ccflags ='-DHAS_FPSETMASK -DHAS_FLOATINGPOINT_H -fno-strict-aliasing -pipe -fstack-protector -I/usr/local/include',
    optimize='-O',
    cppflags='-DHAS_FPSETMASK -DHAS_FLOATINGPOINT_H -fno-strict-aliasing -pipe -fstack-protector -I/usr/local/include'
    ccversion='', gccversion='4.2.1 20070719  [FreeBSD]', gccosandvers=''
    intsize=4, longsize=4, ptrsize=4, doublesize=8, byteorder=1234
    d_longlong=define, longlongsize=8, d_longdbl=define, longdblsize=12
    ivtype='long', ivsize=4, nvtype='double', nvsize=8, Off_t='off_t', lseeksize=8
    alignbytes=4, prototype=define
  Linker and Libraries:
    ld='cc', ldflags ='-Wl,-E  -fstack-protector -L/usr/local/lib'
    libpth=/usr/lib /usr/local/lib
    libs=-lgdbm -lm -lcrypt -lutil -lc
    perllibs=-lm -lcrypt -lutil -lc
    libc=, so=so, useshrplib=false, libperl=libperl.a
    gnulibc_version=''
  Dynamic Linking:
    dlsrc=dl_dlopen.xs, dlext=so, d_dlsymun=undef, ccdlflags=' '
    cccdlflags='-DPIC -fPIC', lddlflags='-shared  -L/usr/local/lib -fstack-protector'


Characteristics of this binary (from libperl): 
  Compile-time options: HAS_TIMES PERLIO_LAYERS PERL_DONT_CREATE_GVSV
                        PERL_MALLOC_WRAP PERL_PRESERVE_IVUV PERL_USE_DEVEL
                        USE_LARGE_FILES USE_LOCALE USE_LOCALE_COLLATE
                        USE_LOCALE_CTYPE USE_LOCALE_NUMERIC USE_PERLIO
                        USE_PERL_ATOF
  Built under freebsd
  Compiled at Apr  6 2012 12:37:04
  %ENV:
    PERL5LIB=""
    PERL5OPT=""
    PERL5_CPANPLUS_IS_RUNNING="95694"
    PERL5_CPAN_IS_RUNNING="95694"
    PERL5_CPAN_IS_RUNNING_IN_RECURSION="95673,95694"
    PERL_BATCH="yes"
    PERL_CPAN_REPORTER_DIR="/home/cpansand/var/ctps/5159/config/perl-d005e6a6a9ca86c3b2f1eaa7b931b085cf8a205b/cpanreporter"
    PERL_EXTUTILS_AUTOINSTALL="--defaultdeps"
    PERL_HTML_DISPLAY_CLASS="HTML::Display::Mozilla"
  @INC:
    /home/e/eserte/var/ctps/5159/install/perl-d005e6a6a9ca86c3b2f1eaa7b931b085cf8a205b/lib/site_perl/5.15.9/i386-freebsd
    /home/e/eserte/var/ctps/5159/install/perl-d005e6a6a9ca86c3b2f1eaa7b931b085cf8a205b/lib/site_perl/5.15.9
    /home/e/eserte/var/ctps/5159/install/perl-d005e6a6a9ca86c3b2f1eaa7b931b085cf8a205b/lib/5.15.9/i386-freebsd
    /home/e/eserte/var/ctps/5159/install/perl-d005e6a6a9ca86c3b2f1eaa7b931b085cf8a205b/lib/5.15.9
    .