From: slaven@rezic.de
X-Test-Reporter-Distfile: AMD/Tapper-MCP-MessageReceiver-3.000010.tar.gz
X-Test-Reporter-Perl: v5.15.9
Subject: FAIL Tapper-MCP-MessageReceiver-3.000010 i386-freebsd 8.0-release-p4
Report: This distribution has been tested as part of the CPAN Testers
project, supporting the Perl programming language.  See
http://wiki.cpantesters.org/ for more information or email
questions to cpan-testers-discuss@perl.org


--
Dear AMD OSRC (AMD Operating System Research Center),

This is a computer-generated report for Tapper-MCP-MessageReceiver-3.000010
on perl 5.15.9, created by CPAN-Reporter-1.2006.

Thank you for uploading your work to CPAN.  However, there was a problem
testing your distribution.

If you think this report is invalid, please consult the CPAN Testers Wiki
for suggestions on how to avoid getting FAIL reports for missing library
or binary dependencies, unsupported operating systems, and so on:

http://wiki.cpantesters.org/wiki/CPANAuthorNotes

Sections of this report:

    * Tester comments
    * Program output
    * Prerequisites
    * Environment and other context

------------------------------
TESTER COMMENTS
------------------------------

Additional comments from tester:

none provided

------------------------------
PROGRAM OUTPUT
------------------------------

Output from '/usr/bin/make test':

PERL_DL_NONLAZY=1 /usr/home/cpansand/var/ctps/5159_2/install/perl-v5.15.9-134-g8aed2c6/bin/perl "-MExtUtils::Command::MM" "-e" "test_harness(0, 'inc', 'blib/lib', 'blib/arch')" t/00-load.t t/tapper-mcp-messagereceiver.t
defined(@array) is deprecated at /home/cpansand/var/ctps/5159_2/install/perl-v5.15.9-134-g8aed2c6/lib/site_perl/5.15.9/LockFile/Simple.pm line 135.
	(Maybe you should just omit the defined()?)
defined(@array) is deprecated at /home/cpansand/var/ctps/5159_2/install/perl-v5.15.9-134-g8aed2c6/lib/site_perl/5.15.9/LockFile/Simple.pm line 136.
	(Maybe you should just omit the defined()?)
# Testing Tapper::MCP::MessageReceiver 3.000010, Perl 5.015009, /usr/home/cpansand/var/ctps/5159_2/install/perl-v5.15.9-134-g8aed2c6/bin/perl
t/00-load.t ..................... ok
defined(@array) is deprecated at /home/cpansand/var/ctps/5159_2/install/perl-v5.15.9-134-g8aed2c6/lib/site_perl/5.15.9/LockFile/Simple.pm line 135.
	(Maybe you should just omit the defined()?)
defined(@array) is deprecated at /home/cpansand/var/ctps/5159_2/install/perl-v5.15.9-134-g8aed2c6/lib/site_perl/5.15.9/LockFile/Simple.pm line 136.
	(Maybe you should just omit the defined()?)

#   Failed test 'Daemon start without error'
#   at t/tapper-mcp-messagereceiver.t line 22.
#          got: 'defined(@array) is deprecated at /home/cpansand/var/ctps/5159_2/install/perl-v5.15.9-134-g8aed2c6/lib/site_perl/5.15.9/LockFile/Simple.pm line 135.
# 	(Maybe you should just omit the defined()?)
# defined(@array) is deprecated at /home/cpansand/var/ctps/5159_2/install/perl-v5.15.9-134-g8aed2c6/lib/site_perl/5.15.9/LockFile/Simple.pm line 136.
# 	(Maybe you should just omit the defined()?)
# '
#     expected: ''
defined(@array) is deprecated at /home/cpansand/var/ctps/5159_2/install/perl-v5.15.9-134-g8aed2c6/lib/site_perl/5.15.9/Module/Find.pm line 182.
	(Maybe you should just omit the defined()?)
DBIx::Class::Schema::connect(): Your DB is currently unversioned. Please call upgrade on your schema to sync the DB. at /home/cpansand/var/ctps/5159_2/install/perl-v5.15.9-134-g8aed2c6/lib/site_perl/5.15.9/Tapper/Model.pm line 54

#   Failed test 'Daemon stopped without error'
#   at t/tapper-mcp-messagereceiver.t line 55.
#          got: 'defined(@array) is deprecated at /home/cpansand/var/ctps/5159_2/install/perl-v5.15.9-134-g8aed2c6/lib/site_perl/5.15.9/LockFile/Simple.pm line 135.
# 	(Maybe you should just omit the defined()?)
# defined(@array) is deprecated at /home/cpansand/var/ctps/5159_2/install/perl-v5.15.9-134-g8aed2c6/lib/site_perl/5.15.9/LockFile/Simple.pm line 136.
# 	(Maybe you should just omit the defined()?)
# '
#     expected: ''
# Looks like you failed 2 tests of 5.
t/tapper-mcp-messagereceiver.t .. 
Dubious, test returned 2 (wstat 512, 0x200)
Failed 2/5 subtests 

Test Summary Report
-------------------
t/tapper-mcp-messagereceiver.t (Wstat: 512 Tests: 5 Failed: 2)
  Failed tests:  1, 5
  Non-zero exit status: 2
Files=2, Tests=6, 29 wallclock secs ( 0.04 usr  0.00 sys +  2.90 cusr  0.42 csys =  3.36 CPU)
Result: FAIL
Failed 1/2 test programs. 2/6 subtests failed.
*** Error code 2

Stop in /var/tmp/CPAN-build/Tapper-MCP-MessageReceiver-3.000010-EsRqnX.

------------------------------
PREREQUISITES
------------------------------

Prerequisite modules loaded:

requires:

    Module              Need     Have    
    ------------------- -------- --------
    AnyEvent            0        7.0     
    App::Daemon         0        0.15    
    EV                  0        4.11    
    IO::Socket::INET    0        1.33    
    Moose               1.24     2.0403  
    perl                5.010    5.015009
    Tapper::Base        3.000010 3.000010
    Tapper::Config      3.000010 3.000010
    Tapper::Model       3.000010 3.000010
    Test::More          0        0.98    
    YAML::Syck          1.17     1.20    

build_requires:

    Module              Need     Have    
    ------------------- -------- --------
    ExtUtils::MakeMaker 6.42     6.63_02 
    IO::Socket::INET    0        1.33    
    Test::More          0        0.98    

configure_requires:

    Module              Need     Have    
    ------------------- -------- --------
    ExtUtils::MakeMaker 6.42     6.63_02 


------------------------------
ENVIRONMENT AND OTHER CONTEXT
------------------------------

Environment variables:

    DBIC_NO_WARN_BAD_PERL = 1
    MYPERLDIR = /usr/perl5.15.9
    MYPERLVER = 5.15.9
    PATH = /usr/local/bin:/usr/X11R6/bin:/usr/X11/bin:/usr/perl5.8.0/bin:/usr/bin:/bin:/usr/local/sbin:/usr/sbin:/sbin:/usr/local/pilot/bin:/home/cpansand/bin/freebsd8.0:/home/cpansand/bin/sh:/home/cpansand/bin:/usr/X386/bin:/usr/games:/home/cpansand/devel:/usr/home/e/eserte/src/perl/CPAN-Testers-ParallelSmoker/utils
    PERL = /usr/home/cpansand/var/ctps/5159_2/install/perl-v5.15.9-134-g8aed2c6/bin/perl
    PERL5LIB = 
    PERL5OPT = 
    PERL5_CPANPLUS_IS_RUNNING = 86153
    PERL5_CPAN_IS_RUNNING = 86153
    PERL5_CPAN_IS_RUNNING_IN_RECURSION = 86056,86153
    PERL_BATCH = yes
    PERL_CPAN_REPORTER_DIR = /home/cpansand/var/ctps/5159_2/config/perl-v5.15.9-134-g8aed2c6/cpanreporter
    PERL_EXTUTILS_AUTOINSTALL = --defaultdeps
    PERL_HTML_DISPLAY_CLASS = HTML::Display::Mozilla
    SHELL = /usr/local/bin/zsh
    TERM = screen
    TMPDIR = /var/tmp/cpansmoker-1023

Perl special variables (and OS-specific diagnostics, for MSWin32):

    $^X = /usr/home/cpansand/var/ctps/5159_2/install/perl-v5.15.9-134-g8aed2c6/bin/perl
    $UID/$EUID = 1023 / 1023
    $GID = 1023 1023
    $EGID = 1023 1023

Perl module toolchain versions installed:

    Module              Have    
    ------------------- --------
    CPAN                1.9800  
    CPAN::Meta          2.120630
    Cwd                 3.39_02 
    ExtUtils::CBuilder  0.280206
    ExtUtils::Command   1.17    
    ExtUtils::Install   1.58    
    ExtUtils::MakeMaker 6.63_02 
    ExtUtils::Manifest  1.61    
    ExtUtils::ParseXS   3.16    
    File::Spec          3.39_02 
    JSON                2.53    
    JSON::PP            2.27200 
    Module::Build       0.39_01 
    Module::Signature   n/a     
    Parse::CPAN::Meta   1.4402  
    Test::Harness       3.23    
    Test::More          0.98    
    YAML                0.80    
    YAML::Syck          1.20    
    version             0.97    


--

Summary of my perl5 (revision 5 version 15 subversion 9) configuration:
  Commit id: 8aed2c65cec8aaa88a3d43cb2992c5383ce2e6e8
  Platform:
    osname=freebsd, osvers=8.0-release-p4, archname=i386-freebsd
    uname='freebsd biokovo.herceg.de 8.0-release-p4 freebsd 8.0-release-p4 #0: mon jul 12 20:22:27 utc 2010 root@i386-builder.daemonology.net:usrobjusrsrcsysgeneric i386 '
    config_args='-ds -e -Uversiononly -Dinstallusrbinperl=n -Dusedevel -Dprefix=/home/cpansand/var/ctps/5159_2/install/perl-v5.15.9-134-g8aed2c6'
    hint=recommended, useposix=true, d_sigaction=define
    useithreads=undef, usemultiplicity=undef
    useperlio=define, d_sfio=undef, uselargefiles=define, usesocks=undef
    use64bitint=undef, use64bitall=undef, uselongdouble=undef
    usemymalloc=n, bincompat5005=undef
  Compiler:
    cc='cc', ccflags ='-DHAS_FPSETMASK -DHAS_FLOATINGPOINT_H -fno-strict-aliasing -pipe -fstack-protector -I/usr/local/include',
    optimize='-O',
    cppflags='-DHAS_FPSETMASK -DHAS_FLOATINGPOINT_H -fno-strict-aliasing -pipe -fstack-protector -I/usr/local/include'
    ccversion='', gccversion='4.2.1 20070719  [FreeBSD]', gccosandvers=''
    intsize=4, longsize=4, ptrsize=4, doublesize=8, byteorder=1234
    d_longlong=define, longlongsize=8, d_longdbl=define, longdblsize=12
    ivtype='long', ivsize=4, nvtype='double', nvsize=8, Off_t='off_t', lseeksize=8
    alignbytes=4, prototype=define
  Linker and Libraries:
    ld='cc', ldflags ='-Wl,-E  -fstack-protector -L/usr/local/lib'
    libpth=/usr/lib /usr/local/lib
    libs=-lgdbm -lm -lcrypt -lutil -lc
    perllibs=-lm -lcrypt -lutil -lc
    libc=, so=so, useshrplib=false, libperl=libperl.a
    gnulibc_version=''
  Dynamic Linking:
    dlsrc=dl_dlopen.xs, dlext=so, d_dlsymun=undef, ccdlflags=' '
    cccdlflags='-DPIC -fPIC', lddlflags='-shared  -L/usr/local/lib -fstack-protector'


Characteristics of this binary (from libperl): 
  Compile-time options: HAS_TIMES PERLIO_LAYERS PERL_DONT_CREATE_GVSV
                        PERL_MALLOC_WRAP PERL_PRESERVE_IVUV PERL_USE_DEVEL
                        USE_LARGE_FILES USE_LOCALE USE_LOCALE_COLLATE
                        USE_LOCALE_CTYPE USE_LOCALE_NUMERIC USE_PERLIO
                        USE_PERL_ATOF
  Built under freebsd
  Compiled at Apr 15 2012 16:18:02
  %ENV:
    PERL="/usr/home/cpansand/var/ctps/5159_2/install/perl-v5.15.9-134-g8aed2c6/bin/perl"
    PERL5LIB=""
    PERL5OPT=""
    PERL5_CPANPLUS_IS_RUNNING="86153"
    PERL5_CPAN_IS_RUNNING="86153"
    PERL5_CPAN_IS_RUNNING_IN_RECURSION="86056,86153"
    PERL_BATCH="yes"
    PERL_CPAN_REPORTER_DIR="/home/cpansand/var/ctps/5159_2/config/perl-v5.15.9-134-g8aed2c6/cpanreporter"
    PERL_EXTUTILS_AUTOINSTALL="--defaultdeps"
    PERL_HTML_DISPLAY_CLASS="HTML::Display::Mozilla"
  @INC:
    /home/cpansand/var/ctps/5159_2/install/perl-v5.15.9-134-g8aed2c6/lib/site_perl/5.15.9/i386-freebsd
    /home/cpansand/var/ctps/5159_2/install/perl-v5.15.9-134-g8aed2c6/lib/site_perl/5.15.9
    /home/cpansand/var/ctps/5159_2/install/perl-v5.15.9-134-g8aed2c6/lib/5.15.9/i386-freebsd
    /home/cpansand/var/ctps/5159_2/install/perl-v5.15.9-134-g8aed2c6/lib/5.15.9
    .