From: andreas.koenig.gmwojprw@franz.ak.mind.de
X-Test-Reporter-Distfile: AMIRITE/Mojolicious-Plugin-Args-0.05.tar.gz
X-Test-Reporter-Perl: v5.24.0
Subject: PASS Mojolicious-Plugin-Args-0.05 x86_64-linux 4.3.0-1-amd64
Report: This distribution has been tested as part of the CPAN Testers
project, supporting the Perl programming language.  See
http://wiki.cpantesters.org/ for more information or email
questions to cpan-testers-discuss@perl.org


--
Dear AMIRITE,

This is a computer-generated report for Mojolicious-Plugin-Args-0.05
on perl 5.24.0, created by App::cpanminus::reporter 0.17 (1.7041).

Thank you for uploading your work to CPAN.  Congratulations!
All tests were successful.

Sections of this report:

    * Tester comments
    * Program output
    * Prerequisites
    * Environment and other context

------------------------------
TESTER COMMENTS
------------------------------

Additional comments from tester:

none provided

------------------------------
PROGRAM OUTPUT
------------------------------

Output from '':

Building and testing Mojolicious-Plugin-Args-0.05
cp lib/Mojolicious/Plugin/Args.pm blib/lib/Mojolicious/Plugin/Args.pm
Manifying 1 pod document
PERL_DL_NONLAZY=1 "/home/sand/src/perl/repoperls/installed-perls/perl/v5.24.0/79cc/bin/perl" "-MExtUtils::Command::MM" "-MTest::Harness" "-e" "undef *Test::Harness::Switches; test_harness(0, 'blib/lib', 'blib/arch')" t/*.t
t/00-compile.t ......... ok
# 
# Versions for all modules listed in MYMETA.json (including optional ones):
#    Version Module                  
#   -------- ------------------------
#   2.150005 CPAN::Meta              
#      2.140 CPAN::Meta::Requirements
#    7.17_03 ExtUtils::MakeMaker     
#       3.63 File::Spec              
#       3.63 File::Spec::Functions   
#     0.2304 File::Temp              
#       1.36 IO::Handle              
#       1.20 IPC::Open3              
#       1.45 List::Util              
#      undef Mojo::Base              
#      undef Mojo::JSON              
#       6.61 Mojolicious             
#   1.302017 Test::More              
#       1.11 strict                  
#     0.9916 version                 
#       1.36 warnings                
t/00-report-prereqs.t .. ok
All tests successful.
Files=2, Tests=2,  1 wallclock secs ( 0.02 usr  0.02 sys +  0.34 cusr  0.08 csys =  0.46 CPU)
Result: PASS

------------------------------
PREREQUISITES
------------------------------

Prerequisite modules loaded:

    No requirements found

------------------------------
ENVIRONMENT AND OTHER CONTEXT
------------------------------

Environment variables:

    LANG = en_US.UTF-8
    LANGUAGE = en_US:en
    PATH = /usr/lib/ccache:/home/sand/bin:/usr/local/bin:/usr/lib/ccache:/usr/bin:/bin:/usr/games:/usr/local/perl/bin:/usr/X11/bin:/sbin:/usr/sbin
    SHELL = /usr/bin/zsh
    TERM = screen

Perl special variables (and OS-specific diagnostics, for MSWin32):

    EGID = 1005 1005
    EUID = 1005
    EXECUTABLE_NAME = /home/sand/src/perl/repoperls/installed-perls/perl/v5.24.0/79cc/bin/perl
    GID = 1005 1005
    UID = 1005

Perl module toolchain versions installed:

    Module              Have    
    ------------------- --------
    CPAN                2.13    
    CPAN::Meta          2.150005
    Cwd                 3.63    
    ExtUtils::CBuilder  0.280225
    ExtUtils::Command   7.17_03 
    ExtUtils::Install   2.04    
    ExtUtils::MakeMaker 7.17_03 
    ExtUtils::Manifest  1.70    
    ExtUtils::ParseXS   3.31    
    File::Spec          3.63    
    JSON                2.90    
    JSON::PP            2.27300 
    Module::Build       0.4218  
    Module::Signature   0.79    
    Parse::CPAN::Meta   1.4417  
    Test::Harness       3.36    
    Test::More          1.302017
    YAML                1.15    
    YAML::Syck          1.29    
    version             0.9916  


--

Summary of my perl5 (revision 5 version 24 subversion 0) configuration:
  Commit id: be2c0c650b028f54e427f2469a59942edfdff8a9
  Platform:
    osname=linux, osvers=4.3.0-1-amd64, archname=x86_64-linux
    uname='linux k83 4.3.0-1-amd64 #1 smp debian 4.3.3-7 (2016-01-19) x86_64 gnulinux '
    config_args='-Dprefix=/home/sand/src/perl/repoperls/installed-perls/perl/v5.24.0/79cc -Dmyhostname=k83 -Dinstallusrbinperl=n -Uversiononly -Dusedevel -des -Ui_db -Dlibswanted=cl pthread socket inet nsl gdbm dbm malloc dl ld sun m crypt sec util c cposix posix ucb BSD gdbm_compat -Uuseithreads -Uuselongdouble -DDEBUGGING=-g'
    hint=recommended, useposix=true, d_sigaction=define
    useithreads=undef, usemultiplicity=undef
    use64bitint=define, use64bitall=define, uselongdouble=undef
    usemymalloc=n, bincompat5005=undef
  Compiler:
    cc='cc', ccflags ='-fwrapv -fno-strict-aliasing -pipe -fstack-protector-strong -I/usr/local/include -D_LARGEFILE_SOURCE -D_FILE_OFFSET_BITS=64 -D_FORTIFY_SOURCE=2',
    optimize='-O2 -g',
    cppflags='-fwrapv -fno-strict-aliasing -pipe -fstack-protector-strong -I/usr/local/include'
    ccversion='', gccversion='5.3.1 20160121', gccosandvers=''
    intsize=4, longsize=8, ptrsize=8, doublesize=8, byteorder=12345678, doublekind=3
    d_longlong=define, longlongsize=8, d_longdbl=define, longdblsize=16, longdblkind=3
    ivtype='long', ivsize=8, nvtype='double', nvsize=8, Off_t='off_t', lseeksize=8
    alignbytes=8, prototype=define
  Linker and Libraries:
    ld='cc', ldflags =' -fstack-protector-strong -L/usr/local/lib'
    libpth=/usr/local/lib /usr/lib/gcc/x86_64-linux-gnu/5/include-fixed /usr/include/x86_64-linux-gnu /usr/lib /lib/x86_64-linux-gnu /lib/../lib /usr/lib/x86_64-linux-gnu /usr/lib/../lib /lib
    libs=-lpthread -lnsl -lgdbm -ldl -lm -lcrypt -lutil -lc -lgdbm_compat
    perllibs=-lpthread -lnsl -ldl -lm -lcrypt -lutil -lc
    libc=libc-2.21.so, so=so, useshrplib=false, libperl=libperl.a
    gnulibc_version='2.21'
  Dynamic Linking:
    dlsrc=dl_dlopen.xs, dlext=so, d_dlsymun=undef, ccdlflags='-Wl,-E'
    cccdlflags='-fPIC', lddlflags='-shared -O2 -g -L/usr/local/lib -fstack-protector-strong'


Characteristics of this binary (from libperl): 
  Compile-time options: HAS_TIMES PERLIO_LAYERS PERL_COPY_ON_WRITE
                        PERL_DONT_CREATE_GVSV
                        PERL_HASH_FUNC_ONE_AT_A_TIME_HARD PERL_MALLOC_WRAP
                        PERL_PRESERVE_IVUV PERL_USE_DEVEL USE_64_BIT_ALL
                        USE_64_BIT_INT USE_LARGE_FILES USE_LOCALE
                        USE_LOCALE_COLLATE USE_LOCALE_CTYPE
                        USE_LOCALE_NUMERIC USE_LOCALE_TIME USE_PERLIO
                        USE_PERL_ATOF
  Built under linux
  Compiled at May  9 2016 18:56:06
  @INC:
    /home/sand/src/perl/repoperls/installed-perls/perl/v5.24.0/79cc/lib/site_perl/5.24.0/x86_64-linux
    /home/sand/src/perl/repoperls/installed-perls/perl/v5.24.0/79cc/lib/site_perl/5.24.0
    /home/sand/src/perl/repoperls/installed-perls/perl/v5.24.0/79cc/lib/5.24.0/x86_64-linux
    /home/sand/src/perl/repoperls/installed-perls/perl/v5.24.0/79cc/lib/5.24.0
    .