Automated smoke report for branch blead 5.19.7 patch 5f74c55e9c98631b1b9adaf27273bb10baf0b172 v5.19.6-14-g5f74c55
phoenix.squirrel.nl: Intel(R) Core(TM)2 CPU 6300 @ 1.86GHz (GenuineIntel 1862MHz) (x86_64/2 cpu)
    on        linux - 3.9.10-100.fc17.x86_64 [Fedora release 17]
    using     cc version 4.7.2 20120921 (Red Hat 4.7.2-2)
    smoketime 8 hours 19 minutes (average 1 hour 2 minutes)

Summary: FAIL(X)

O = OK  F = Failure(s), extended report at the bottom
X = Failure(s) under TEST but not under harness
? = still running or test results not (yet) available
Build failures during:       - = unknown or N/A
c = Configure, m = make, M = make (after miniperl), t = make test-prep

v5.19.6-14-g5f74c55  Configuration (common) none
----------- ---------------------------------------------------------
O O O O O O 
O O O O O O -Dusemorebits
O O X O O O -Duseithreads
O O O O O O -Duseithreads -Dusemorebits
| | | | | +- LC_ALL = nl_NL.utf8 -DDEBUGGING
| | | | +--- PERLIO = perlio -DDEBUGGING
| | | +----- PERLIO = stdio  -DDEBUGGING
| | +------- LC_ALL = nl_NL.utf8
| +--------- PERLIO = perlio
+----------- PERLIO = stdio 

Locally applied patches:
    SMOKE5f74c55e9c98631b1b9adaf27273bb10baf0b172

Failures: (common-args) none
[nl_NL.utf8] -Duseithreads
Inconsistent test results (between TEST and harness):
    ../t/cpan/Memoize/t/speed.t............. .......................................... FAILED at test 2

Compiler messages(gcc):
pp.c: In function 'Perl_pp_ucfirst':
pp.c:3533:53: warning: signed and unsigned type in conditional expression [-Wsign-compare]
utf8.c: In function 'Perl__to_utf8_upper_flags':
utf8.c:2590:15: warning: signed and unsigned type in conditional expression [-Wsign-compare]
utf8.c: In function 'Perl__to_utf8_title_flags':
utf8.c:2656:15: warning: signed and unsigned type in conditional expression [-Wsign-compare]
utf8.c: In function 'Perl__to_utf8_lower_flags':
utf8.c:2720:15: warning: signed and unsigned type in conditional expression [-Wsign-compare]
utf8.c: In function 'Perl__to_utf8_fold_flags':
utf8.c:2798:15: warning: signed and unsigned type in conditional expression [-Wsign-compare]
locale.c: In function 'Perl_new_ctype':
locale.c:195:26: warning: signed and unsigned type in conditional expression [-Wsign-compare]
locale.c:197:26: warning: signed and unsigned type in conditional expression [-Wsign-compare]


-- 
Report by Test::Smoke v1.6 running on perl 5.14.4
(Reporter v0.052 / Smoker v0.045)
