From: srezic@cpan.org
X-Test-Reporter-Distfile: BAMBR/Time-Local-TZ-0.02.tar.gz
X-Test-Reporter-Perl: v5.25.12
Subject: FAIL Time-Local-TZ-0.02 amd64-freebsd 10.3-release-p11
Report: This distribution has been tested as part of the CPAN Testers
project, supporting the Perl programming language.  See
http://wiki.cpantesters.org/ for more information or email
questions to cpan-testers-discuss@perl.org


--
Dear Sergey Panteleev,

This is a computer-generated report for Time-Local-TZ-0.02
on perl 5.25.12, created by CPAN-Reporter-1.2018.

Thank you for uploading your work to CPAN.  However, there was a problem
testing your distribution.

If you think this report is invalid, please consult the CPAN Testers Wiki
for suggestions on how to avoid getting FAIL reports for missing library
or binary dependencies, unsupported operating systems, and so on:

http://wiki.cpantesters.org/wiki/CPANAuthorNotes

Sections of this report:

    * Tester comments
    * Program output
    * Prerequisites
    * Environment and other context

------------------------------
TESTER COMMENTS
------------------------------

Additional comments from tester:

none provided

------------------------------
PROGRAM OUTPUT
------------------------------

Output from '/usr/bin/make test':

"/usr/perl5.25.12p/bin/perl5.25.12" -MExtUtils::Command::MM -e 'cp_nonempty' -- TZ.bs blib/arch/auto/Time/Local/TZ/TZ.bs 644
PERL_DL_NONLAZY=1 "/usr/perl5.25.12p/bin/perl5.25.12" "-MExtUtils::Command::MM" "-MTest::Harness" "-e" "undef *Test::Harness::Switches; test_harness(0, 'blib/lib', 'blib/arch')" t/*.t
t/00-base.t ....................... ok
perl5.25.12: environment corrupt; missing value for Test::More::ok

#   Failed test 'tz_localtime('Europe/Moscow', 0') as string with TZ set'
#   at t/01-tz_localtime-tz_timelocal.t line 40.
#          got: 'Thu Jan  1 01:00:00 1970'
#     expected: 'Thu Jan  1 03:00:00 1970'
perl5.25.12: environment corrupt; missing value for P'0B
perl5.25.12: environment corrupt; missing value for P'0B
t/01-tz_localtime-tz_timelocal.t .. 
Failed 45/71 subtests 
perl5.25.12: environment corrupt; missing value for PǘB
perl5.25.12: environment corrupt; missing value for PǘB

#   Failed test 'tz_truncate(UTC, 0, 3) with TZ set'
#   at t/02-tz_truncate.t line 58.
#          got: '-3600'
#     expected: '0'
perl5.25.12: environment corrupt; missing value for PǘB
perl5.25.12: environment corrupt; missing value for PǘB

#   Failed test 'tz_truncate(UTC, 0, 3) with TZ unset'
#   at t/02-tz_truncate.t line 67.
#          got: '-3600'
#     expected: '0'
perl5.25.12: environment corrupt; missing value for PǘB
perl5.25.12: environment corrupt; missing value for PǘB

#   Failed test 'tz_truncate(UTC, 0, 4) with TZ set'
#   at t/02-tz_truncate.t line 58.
#          got: '-3600'
#     expected: '0'
perl5.25.12: environment corrupt; missing value for PǘB
perl5.25.12: environment corrupt; missing value for PǘB

#   Failed test 'tz_truncate(UTC, 0, 4) with TZ unset'
#   at t/02-tz_truncate.t line 67.
#          got: '-3600'
#     expected: '0'
perl5.25.12: environment corrupt; missing value for PǘB
perl5.25.12: environment corrupt; missing value for PǘB

#   Failed test 'tz_truncate(UTC, 0, 5) with TZ set'
#   at t/02-tz_truncate.t line 58.
#          got: '-3600'
#     expected: '0'
perl5.25.12: environment corrupt; missing value for PǘB
perl5.25.12: environment corrupt; missing value for PǘB

#   Failed test 'tz_truncate(UTC, 0, 5) with TZ unset'
#   at t/02-tz_truncate.t line 67.
#          got: '-3600'
#     expected: '0'
perl5.25.12: environment corrupt; missing value for PǘB
perl5.25.12: environment corrupt; missing value for PǘB
perl5.25.12: environment corrupt; missing value for PǘB
perl5.25.12: environment corrupt; missing value for PǘB
perl5.25.12: environment corrupt; missing value for PǘB
perl5.25.12: environment corrupt; missing value for PǘB
perl5.25.12: environment corrupt; missing value for PǘB
perl5.25.12: environment corrupt; missing value for PǘB
perl5.25.12: environment corrupt; missing value for PǘB
perl5.25.12: environment corrupt; missing value for PǘB

#   Failed test 'tz_truncate(Europe/Moscow, 0, 3) with TZ set'
#   at t/02-tz_truncate.t line 58.
#          got: '-3600'
#     expected: '-10800'
perl5.25.12: environment corrupt; missing value for PǘB
perl5.25.12: environment corrupt; missing value for PǘB

#   Failed test 'tz_truncate(Europe/Moscow, 0, 3) with TZ unset'
#   at t/02-tz_truncate.t line 67.
#          got: '-3600'
#     expected: '-10800'
perl5.25.12: environment corrupt; missing value for PǘB
perl5.25.12: environment corrupt; missing value for PǘB

#   Failed test 'tz_truncate(Europe/Moscow, 0, 4) with TZ set'
#   at t/02-tz_truncate.t line 58.
#          got: '-3600'
#     expected: '-10800'
perl5.25.12: environment corrupt; missing value for PǘB
perl5.25.12: environment corrupt; missing value for PǘB

#   Failed test 'tz_truncate(Europe/Moscow, 0, 4) with TZ unset'
#   at t/02-tz_truncate.t line 67.
#          got: '-3600'
#     expected: '-10800'
perl5.25.12: environment corrupt; missing value for PǘB
perl5.25.12: environment corrupt; missing value for PǘB

#   Failed test 'tz_truncate(Europe/Moscow, 0, 5) with TZ set'
#   at t/02-tz_truncate.t line 58.
#          got: '-3600'
#     expected: '-10800'
perl5.25.12: environment corrupt; missing value for PǘB
perl5.25.12: environment corrupt; missing value for PǘB

#   Failed test 'tz_truncate(Europe/Moscow, 0, 5) with TZ unset'
#   at t/02-tz_truncate.t line 67.
#          got: '-3600'
#     expected: '-10800'
perl5.25.12: environment corrupt; missing value for PǘB
perl5.25.12: environment corrupt; missing value for PǘB
perl5.25.12: environment corrupt; missing value for PǘB
perl5.25.12: environment corrupt; missing value for PǘB
perl5.25.12: environment corrupt; missing value for PǘB
perl5.25.12: environment corrupt; missing value for PǘB
perl5.25.12: environment corrupt; missing value for PǘB
perl5.25.12: environment corrupt; missing value for PǘB
perl5.25.12: environment corrupt; missing value for PǘB
perl5.25.12: environment corrupt; missing value for PǘB

#   Failed test 'tz_truncate(UTC, 1461670850, 3) with TZ set'
#   at t/02-tz_truncate.t line 58.
#          got: '1461621600'
#     expected: '1461628800'
perl5.25.12: environment corrupt; missing value for PǘB
perl5.25.12: environment corrupt; missing value for PǘB

#   Failed test 'tz_truncate(UTC, 1461670850, 3) with TZ unset'
#   at t/02-tz_truncate.t line 67.
#          got: '1461621600'
#     expected: '1461628800'
perl5.25.12: environment corrupt; missing value for PǘB
perl5.25.12: environment corrupt; missing value for PǘB

#   Failed test 'tz_truncate(UTC, 1461670850, 4) with TZ set'
#   at t/02-tz_truncate.t line 58.
#          got: '1459461600'
#     expected: '1459468800'
perl5.25.12: environment corrupt; missing value for PǘB
perl5.25.12: environment corrupt; missing value for PǘB

#   Failed test 'tz_truncate(UTC, 1461670850, 4) with TZ unset'
#   at t/02-tz_truncate.t line 67.
#          got: '1459461600'
#     expected: '1459468800'
perl5.25.12: environment corrupt; missing value for PǘB
perl5.25.12: environment corrupt; missing value for PǘB

#   Failed test 'tz_truncate(UTC, 1461670850, 5) with TZ set'
#   at t/02-tz_truncate.t line 58.
#          got: '1451599200'
#     expected: '1451606400'
perl5.25.12: environment corrupt; missing value for PǘB
perl5.25.12: environment corrupt; missing value for PǘB

#   Failed test 'tz_truncate(UTC, 1461670850, 5) with TZ unset'
#   at t/02-tz_truncate.t line 67.
#          got: '1451599200'
#     expected: '1451606400'
perl5.25.12: environment corrupt; missing value for PǘB
perl5.25.12: environment corrupt; missing value for PǘB
perl5.25.12: environment corrupt; missing value for PǘB
perl5.25.12: environment corrupt; missing value for PǘB
perl5.25.12: environment corrupt; missing value for PǘB
perl5.25.12: environment corrupt; missing value for PǘB
perl5.25.12: environment corrupt; missing value for PǘB
perl5.25.12: environment corrupt; missing value for PǘB
perl5.25.12: environment corrupt; missing value for PǘB
perl5.25.12: environment corrupt; missing value for PǘB

#   Failed test 'tz_truncate(Europe/Moscow, 1461660050, 3) with TZ set'
#   at t/02-tz_truncate.t line 58.
#          got: '1461621600'
#     expected: '1461618000'
perl5.25.12: environment corrupt; missing value for PǘB
perl5.25.12: environment corrupt; missing value for PǘB

#   Failed test 'tz_truncate(Europe/Moscow, 1461660050, 3) with TZ unset'
#   at t/02-tz_truncate.t line 67.
#          got: '1461621600'
#     expected: '1461618000'
perl5.25.12: environment corrupt; missing value for PǘB
perl5.25.12: environment corrupt; missing value for PǘB

#   Failed test 'tz_truncate(Europe/Moscow, 1461660050, 4) with TZ set'
#   at t/02-tz_truncate.t line 58.
#          got: '1459461600'
#     expected: '1459458000'
perl5.25.12: environment corrupt; missing value for PǘB
perl5.25.12: environment corrupt; missing value for PǘB

#   Failed test 'tz_truncate(Europe/Moscow, 1461660050, 4) with TZ unset'
#   at t/02-tz_truncate.t line 67.
#          got: '1459461600'
#     expected: '1459458000'
perl5.25.12: environment corrupt; missing value for PǘB
perl5.25.12: environment corrupt; missing value for PǘB

#   Failed test 'tz_truncate(Europe/Moscow, 1461660050, 5) with TZ set'
#   at t/02-tz_truncate.t line 58.
#          got: '1451599200'
#     expected: '1451595600'
perl5.25.12: environment corrupt; missing value for PǘB
perl5.25.12: environment corrupt; missing value for PǘB

#   Failed test 'tz_truncate(Europe/Moscow, 1461660050, 5) with TZ unset'
#   at t/02-tz_truncate.t line 67.
#          got: '1451599200'
#     expected: '1451595600'
perl5.25.12: environment corrupt; missing value for PǘB
perl5.25.12: environment corrupt; missing value for PǘB
perl5.25.12: environment corrupt; missing value for PǘB
perl5.25.12: environment corrupt; missing value for PǘB
perl5.25.12: environment corrupt; missing value for PǘB
perl5.25.12: environment corrupt; missing value for PǘB
perl5.25.12: environment corrupt; missing value for PǘB
perl5.25.12: environment corrupt; missing value for PǘB
perl5.25.12: environment corrupt; missing value for PǘB
perl5.25.12: environment corrupt; missing value for PǘB

#   Failed test 'tz_truncate(???, 1461670850, 3) with TZ set'
#   at t/02-tz_truncate.t line 58.
#          got: '1461621600'
#     expected: '1461628800'
perl5.25.12: environment corrupt; missing value for PǘB
perl5.25.12: environment corrupt; missing value for PǘB

#   Failed test 'tz_truncate(???, 1461670850, 3) with TZ unset'
#   at t/02-tz_truncate.t line 67.
#          got: '1461621600'
#     expected: '1461628800'
perl5.25.12: environment corrupt; missing value for PǘB
perl5.25.12: environment corrupt; missing value for PǘB

#   Failed test 'tz_truncate(???, 1461670850, 4) with TZ set'
#   at t/02-tz_truncate.t line 58.
#          got: '1459461600'
#     expected: '1459468800'
perl5.25.12: environment corrupt; missing value for PǘB
perl5.25.12: environment corrupt; missing value for PǘB

#   Failed test 'tz_truncate(???, 1461670850, 4) with TZ unset'
#   at t/02-tz_truncate.t line 67.
#          got: '1459461600'
#     expected: '1459468800'
perl5.25.12: environment corrupt; missing value for PǘB
perl5.25.12: environment corrupt; missing value for PǘB

#   Failed test 'tz_truncate(???, 1461670850, 5) with TZ set'
#   at t/02-tz_truncate.t line 58.
#          got: '1451599200'
#     expected: '1451606400'
perl5.25.12: environment corrupt; missing value for PǘB
perl5.25.12: environment corrupt; missing value for PǘB

#   Failed test 'tz_truncate(???, 1461670850, 5) with TZ unset'
#   at t/02-tz_truncate.t line 67.
#          got: '1451599200'
#     expected: '1451606400'
# Looks like you failed 30 tests of 124.
t/02-tz_truncate.t ................ 
Dubious, test returned 30 (wstat 7680, 0x1e00)
Failed 30/124 subtests 
t/03-tz_offset.t .................. ok
t/pod-coverage.t .................. skipped: Author tests not required for installation
t/pod.t ........................... skipped: Author tests not required for installation

Test Summary Report
-------------------
t/01-tz_localtime-tz_timelocal.t (Wstat: 10 Tests: 27 Failed: 1)
  Failed test:  20
  Non-zero wait status: 10
  Parse errors: Bad plan.  You planned 71 tests but ran 27.
t/02-tz_truncate.t              (Wstat: 7680 Tests: 124 Failed: 30)
  Failed tests:  9, 11, 13, 15, 17, 19, 29, 31, 33, 35, 37
                39, 49, 51, 53, 55, 57, 59, 69, 71, 73
                75, 77, 79, 89, 91, 93, 95, 97, 99
  Non-zero exit status: 30
Files=6, Tests=165,  0 wallclock secs ( 0.00 usr  0.03 sys +  0.02 cusr  0.20 csys =  0.26 CPU)
Result: FAIL
Failed 2/6 test programs. 31/165 subtests failed.
*** Error code 255

Stop.
make: stopped in /home/cpansand/.cpan/build/2017050209/Time-Local-TZ-0.02-1

------------------------------
PREREQUISITES
------------------------------

Prerequisite modules loaded:

build_requires:

    Module              Need Have
    ------------------- ---- ----
    ExtUtils::MakeMaker 0    7.24

configure_requires:

    Module              Need Have
    ------------------- ---- ----
    ExtUtils::MakeMaker 0    7.24


------------------------------
ENVIRONMENT AND OTHER CONTEXT
------------------------------

Environment variables:

    LC_ALL = de_DE.ISO8859-1
    PATH = /usr/local/bin:/usr/bin:/bin:/usr/local/sbin:/usr/sbin:/sbin:/home/cpansand/bin/freebsd10.3:/home/cpansand/bin/sh:/home/cpansand/bin:/usr/games:/home/cpansand/devel:/home/eserte/src/srezic-misc/scripts
    PERL5LIB = 
    PERL5OPT = 
    PERL5_CPANPLUS_IS_RUNNING = 68230
    PERL5_CPAN_IS_RUNNING = 68230
    PERL5_CPAN_IS_RUNNING_IN_RECURSION = 68191,68230
    PERLDOC = -MPod::Perldoc::ToTextOverstrike
    PERL_BATCH = yes
    PERL_CANARY_STABILITY_NOPROMPT = 1
    PERL_CPAN_REPORTER_CONFIG = /var/tmp/cpansmoker-1023/2017050209/cpanreporter_000_config.ini
    PERL_EXTUTILS_AUTOINSTALL = --defaultdeps
    PERL_USE_UNSAFE_INC = 1
    SHELL = /usr/local/bin/zsh
    TERM = screen
    TMPDIR = /var/tmp/cpansmoker-1023/2017050209

Perl special variables (and OS-specific diagnostics, for MSWin32):

    $^X = /usr/perl5.25.12p/bin/perl5.25.12
    $UID/$EUID = 1023 / 1023
    $GID = 1023 1023
    $EGID = 1023 1023

Perl module toolchain versions installed:

    Module              Have      
    ------------------- ----------
    CPAN                2.18      
    CPAN::Meta          2.150010  
    Cwd                 3.67      
    ExtUtils::CBuilder  0.280225  
    ExtUtils::Command   7.24      
    ExtUtils::Install   2.04      
    ExtUtils::MakeMaker 7.24      
    ExtUtils::Manifest  1.70      
    ExtUtils::ParseXS   3.34      
    File::Spec          3.67      
    JSON                2.90      
    JSON::PP            2.27400_02
    Module::Build       0.4222    
    Module::Signature   0.81      
    Parse::CPAN::Meta   2.150010  
    Test::Harness       3.38      
    Test::More          1.302083  
    YAML                1.23      
    YAML::Syck          1.30      
    version             0.9917    


--

Summary of my perl5 (revision 5 version 25 subversion 12) configuration:
   
  Platform:
    osname=freebsd
    osvers=10.3-release-p11
    archname=amd64-freebsd
    uname='freebsd cvrsnica-freebsd-101.herceg.de 10.3-release-p11 freebsd 10.3-release-p11 #0: mon oct 24 18:49:24 utc 2016 root@amd64-builder.daemonology.net:usrobjusrsrcsysgeneric amd64 '
    config_args='-ds -e -Dprefix=/usr/perl5.25.12p -Dusedevel -Dusemallocwrap=no -Dcf_email=srezic@cpan.org -Doptimize=-O2 -pipe'
    hint=previous
    useposix=true
    d_sigaction=define
    useithreads=undef
    usemultiplicity=undef
    use64bitint=define
    use64bitall=define
    uselongdouble=undef
    usemymalloc=n
    default_inc_excludes_dot=define
    bincompat5005=undef
  Compiler:
    cc='cc'
    ccflags ='-DHAS_FPSETMASK -DHAS_FLOATINGPOINT_H -fno-strict-aliasing -pipe -fstack-protector -I/usr/local/include -D_FORTIFY_SOURCE=2'
    optimize='-O2 -pipe'
    cppflags='-DHAS_FPSETMASK -DHAS_FLOATINGPOINT_H -fno-strict-aliasing -pipe -fstack-protector -I/usr/local/include'
    ccversion=''
    gccversion='4.2.1 Compatible FreeBSD Clang 3.4.1 (tags/RELEASE_34/dot1-final 208032)'
    gccosandvers=''
    intsize=4
    longsize=8
    ptrsize=8
    doublesize=8
    byteorder=12345678
    doublekind=3
    d_longlong=define
    longlongsize=8
    d_longdbl=define
    longdblsize=16
    longdblkind=3
    ivtype='long'
    ivsize=8
    nvtype='double'
    nvsize=8
    Off_t='off_t'
    lseeksize=8
    alignbytes=8
    prototype=define
  Linker and Libraries:
    ld='cc'
    ldflags ='-pthread -Wl,-E  -fstack-protector -L/usr/local/lib'
    libpth=/usr/lib /usr/local/lib /usr/include/clang/3.4.1 /usr/lib /usr/include/clang/3.4.1 /usr/lib
    libs=-lpthread -lgdbm -lm -lcrypt -lutil -lc -lelf
    perllibs=-lpthread -lm -lcrypt -lutil -lc -lelf
    libc=
    so=so
    useshrplib=false
    libperl=libperl.a
    gnulibc_version=''
  Dynamic Linking:
    dlsrc=dl_dlopen.xs
    dlext=so
    d_dlsymun=undef
    ccdlflags=' '
    cccdlflags='-DPIC -fPIC'
    lddlflags='-shared  -L/usr/local/lib -fstack-protector'


Characteristics of this binary (from libperl): 
  Compile-time options:
    HAS_TIMES
    PERLIO_LAYERS
    PERL_COPY_ON_WRITE
    PERL_DONT_CREATE_GVSV
    PERL_OP_PARENT
    PERL_PRESERVE_IVUV
    PERL_USE_DEVEL
    USE_64_BIT_ALL
    USE_64_BIT_INT
    USE_LARGE_FILES
    USE_LOCALE
    USE_LOCALE_COLLATE
    USE_LOCALE_CTYPE
    USE_LOCALE_NUMERIC
    USE_LOCALE_TIME
    USE_PERLIO
    USE_PERL_ATOF
  Built under freebsd
  Compiled at Apr 20 2017 22:19:27
  %ENV:
    PERL5LIB=""
    PERL5OPT=""
    PERL5_CPANPLUS_IS_RUNNING="68230"
    PERL5_CPAN_IS_RUNNING="68230"
    PERL5_CPAN_IS_RUNNING_IN_RECURSION="68191,68230"
    PERLDOC="-MPod::Perldoc::ToTextOverstrike"
    PERL_BATCH="yes"
    PERL_CANARY_STABILITY_NOPROMPT="1"
    PERL_CPAN_REPORTER_CONFIG="/var/tmp/cpansmoker-1023/2017050209/cpanreporter_000_config.ini"
    PERL_EXTUTILS_AUTOINSTALL="--defaultdeps"
    PERL_USE_UNSAFE_INC="1"
  @INC:
    /usr/perl5.25.12p/lib/site_perl/5.25.12/amd64-freebsd
    /usr/perl5.25.12p/lib/site_perl/5.25.12
    /usr/perl5.25.12p/lib/5.25.12/amd64-freebsd
    /usr/perl5.25.12p/lib/5.25.12
    .