From: srezic@cpan.org
X-Test-Reporter-Distfile: JDDPAUSE/MarpaX-ESLIF-1.0.49.tar.gz
X-Test-Reporter-Perl: v5.18.4
Subject: FAIL MarpaX-ESLIF-1.0.49 amd64-freebsd 10.1-release
Report: This distribution has been tested as part of the CPAN Testers
project, supporting the Perl programming language.  See
http://wiki.cpantesters.org/ for more information or email
questions to cpan-testers-discuss@perl.org


--
Dear Jean-Damien Durand,

This is a computer-generated report for MarpaX-ESLIF-1.0.49
on perl 5.18.4, created by CPAN-Reporter-1.2018.

Thank you for uploading your work to CPAN.  However, there was a problem
testing your distribution.

If you think this report is invalid, please consult the CPAN Testers Wiki
for suggestions on how to avoid getting FAIL reports for missing library
or binary dependencies, unsupported operating systems, and so on:

http://wiki.cpantesters.org/wiki/CPANAuthorNotes

Sections of this report:

    * Tester comments
    * Program output
    * Prerequisites
    * Environment and other context

------------------------------
TESTER COMMENTS
------------------------------

Additional comments from tester:

none provided

------------------------------
PROGRAM OUTPUT
------------------------------

Output from '/usr/bin/make test':

"/usr/perl5.18.4p/bin/perl5.18.4" -MExtUtils::Command::MM -e 'cp_nonempty' -- ESLIF.bs blib/arch/auto/MarpaX/ESLIF/ESLIF.bs 644
PERL_DL_NONLAZY=1 "/usr/perl5.18.4p/bin/perl5.18.4" "-MExtUtils::Command::MM" "-MTest::Harness" "-e" "undef *Test::Harness::Switches; test_harness(0, 'blib/lib', 'blib/arch')" t/*.t

#   Failed test 'MarpaX/ESLIF.pm loaded ok'
#   at t/00-compile.t line 49.
#          got: '65280'
#     expected: '0'
Can't load '/home/cpansand/.cpan/build/2017033000/MarpaX-ESLIF-1.0.49-9/blib/arch/auto/MarpaX/ESLIF/ESLIF.so' for module MarpaX::ESLIF: /home/cpansand/.cpan/build/2017033000/MarpaX-ESLIF-1.0.49-9/blib/arch/auto/MarpaX/ESLIF/ESLIF.so: Undefined symbol "libiconv" at /usr/perl5.18.4p/lib/5.18.4/amd64-freebsd/DynaLoader.pm line 190.
 at /home/cpansand/.cpan/build/2017033000/MarpaX-ESLIF-1.0.49-9/blib/lib/MarpaX/ESLIF.pm line 18.
BEGIN failed--compilation aborted at /home/cpansand/.cpan/build/2017033000/MarpaX-ESLIF-1.0.49-9/blib/lib/MarpaX/ESLIF.pm line 18.
Compilation failed in require at -e line 1.
# Looks like you failed 1 test of 4.
t/00-compile.t ......... 
Dubious, test returned 1 (wstat 256, 0x100)
Failed 1/4 subtests 
# 
# Versions for all modules listed in MYMETA.json (including optional ones):
# 
# === Configure Requires ===
# 
#     Module                Want     Have
#     --------------------- ---- --------
#     Archive::Tar           any     2.24
#     Config                 any 5.018004
#     Config::AutoConf       any    0.313
#     Config::AutoConf::INI  any    0.005
#     ExtUtils::CBuilder     any 0.280224
#     ExtUtils::Constant     any     0.23
#     ExtUtils::CppGuess     any     0.11
#     ExtUtils::MakeMaker    any     7.24
#     File::Basename         any     2.84
#     File::Copy             any     2.26
#     File::Copy::Recursive  any     0.38
#     File::Find             any     1.23
#     File::Path             any     2.12
#     File::Spec             any     3.62
#     File::chdir            any   0.1010
#     IO::Handle             any     1.34
#     IPC::Run               any     0.94
#     POSIX                  any     1.32
#     Perl::OSType           any    1.009
#     diagnostics            any     1.31
#     strict                 any     1.07
# 
# === Build Requires ===
# 
#     Module              Want Have
#     ------------------- ---- ----
#     ExtUtils::MakeMaker  any 7.24
# 
# === Test Requires ===
# 
#     Module                      Want     Have
#     --------------------------- ---- --------
#     Encode                       any     2.87
#     ExtUtils::MakeMaker          any     7.24
#     File::Spec                   any     3.62
#     File::Temp                   any   0.2304
#     IO::Handle                   any     1.34
#     IPC::Open3                   any     1.13
#     Log::Any                     any    1.049
#     Log::Any::Adapter            any    1.049
#     Log::Any::Adapter::Log4perl  any     0.08
#     Log::Log4perl                any     1.48
#     Test::More                   any 1.302075
#     Try::Tiny                    any     0.27
#     blib                        1.01     1.06
#     diagnostics                  any     1.31
# 
# === Test Recommends ===
# 
#     Module         Want     Have
#     ---------- -------- --------
#     CPAN::Meta 2.120900 2.150010
# 
# === Runtime Requires ===
# 
#     Module   Want Have
#     -------- ---- ----
#     Carp      any 1.38
#     XSLoader  any 0.24
#     strict    any 1.07
#     vars      any 1.03
#     warnings  any 1.18
# 
t/00-report-prereqs.t .. ok

#   Failed test 'require MarpaX::ESLIF;'
#   at t/test.t line 205.
#     Tried to require 'MarpaX::ESLIF'.
#     Error:  Can't load '/home/cpansand/.cpan/build/2017033000/MarpaX-ESLIF-1.0.49-9/blib/arch/auto/MarpaX/ESLIF/ESLIF.so' for module MarpaX::ESLIF: /home/cpansand/.cpan/build/2017033000/MarpaX-ESLIF-1.0.49-9/blib/arch/auto/MarpaX/ESLIF/ESLIF.so: Undefined symbol "libiconv" at /usr/perl5.18.4p/lib/5.18.4/amd64-freebsd/DynaLoader.pm line 190.
#  at /home/cpansand/.cpan/build/2017033000/MarpaX-ESLIF-1.0.49-9/blib/lib/MarpaX/ESLIF.pm line 18.
# BEGIN failed--compilation aborted at /home/cpansand/.cpan/build/2017033000/MarpaX-ESLIF-1.0.49-9/blib/lib/MarpaX/ESLIF.pm line 18.
# Compilation failed in require at (eval 17) line 2.
Uncaught exception from user code:
	&MarpaX::ESLIF::Event::Type::constant not defined at t/test.t line 214.
	MarpaX::ESLIF::Event::Type::AUTOLOAD("MARPAESLIF_EVENTTYPE_NONE") called at /home/cpansand/.cpan/build/2017033000/MarpaX-ESLIF-1.0.49-9/blib/lib/MarpaX/ESLIF/Event/Type.pm line 26
	MarpaX::ESLIF::Event::Type::AUTOLOAD("MarpaX::ESLIF::Event::Type") called at t/test.t line 214
# Tests were run but no plan was declared and done_testing() was not seen.
# Looks like your test exited with 255 just after 4.
t/test.t ............... 
Dubious, test returned 255 (wstat 65280, 0xff00)
Failed 1/4 subtests 

Test Summary Report
-------------------
t/00-compile.t       (Wstat: 256 Tests: 4 Failed: 1)
  Failed test:  1
  Non-zero exit status: 1
t/test.t             (Wstat: 65280 Tests: 4 Failed: 1)
  Failed test:  1
  Non-zero exit status: 255
  Parse errors: No plan found in TAP output
Files=3, Tests=9,  1 wallclock secs ( 0.02 usr  0.02 sys +  0.08 cusr  0.28 csys =  0.39 CPU)
Result: FAIL
Failed 2/3 test programs. 2/9 subtests failed.
*** Error code 255

Stop.
make: stopped in /home/cpansand/.cpan/build/2017033000/MarpaX-ESLIF-1.0.49-9

------------------------------
PREREQUISITES
------------------------------

Prerequisite modules loaded:

requires:

    Module                      Need  Have    
    --------------------------- ----- --------
    Carp                        0     1.38    
    perl                        5.008 5.018004
    strict                      0     1.07    
    vars                        0     1.03    
    warnings                    0     1.18    
    XSLoader                    0     0.24    

build_requires:

    Module                      Need  Have    
    --------------------------- ----- --------
    blib                        1.01  1.06    
    diagnostics                 0     1.31    
    Encode                      0     2.87    
    ExtUtils::MakeMaker         0     7.24    
    File::Spec                  0     3.62    
    File::Temp                  0     0.2304  
    IO::Handle                  0     1.34    
    IPC::Open3                  0     1.13    
    Log::Any                    0     1.049   
    Log::Any::Adapter           0     1.049   
    Log::Any::Adapter::Log4perl 0     0.08    
    Log::Log4perl               0     1.48    
    Test::More                  0     1.302075
    Try::Tiny                   0     0.27    

configure_requires:

    Module                      Need  Have    
    --------------------------- ----- --------
    Archive::Tar                0     2.24    
    Config                      0     5.018004
    Config::AutoConf            0     0.313   
    Config::AutoConf::INI       0     0.005   
    diagnostics                 0     1.31    
    ExtUtils::CBuilder          0     0.280224
    ExtUtils::Constant          0     0.23    
    ExtUtils::CppGuess          0     0.11    
    ExtUtils::MakeMaker         0     7.24    
    File::Basename              0     2.84    
    File::chdir                 0     0.1010  
    File::Copy                  0     2.26    
    File::Copy::Recursive       0     0.38    
    File::Find                  0     1.23    
    File::Path                  0     2.12    
    File::Spec                  0     3.62    
    IO::Handle                  0     1.34    
    IPC::Run                    0     0.94    
    perl                        5.006 5.018004
    Perl::OSType                0     1.009   
    POSIX                       0     1.32    
    strict                      0     1.07    


------------------------------
ENVIRONMENT AND OTHER CONTEXT
------------------------------

Environment variables:

    LC_ALL = de_DE.ISO8859-1
    PATH = /usr/local/bin:/usr/bin:/bin:/usr/local/sbin:/usr/sbin:/sbin:/home/cpansand/bin/freebsd10.3:/home/cpansand/bin/sh:/home/cpansand/bin:/usr/games:/home/cpansand/devel:/home/eserte/src/srezic-misc/scripts
    PERL5LIB = 
    PERL5OPT = 
    PERL5_CPANPLUS_IS_RUNNING = 17969
    PERL5_CPAN_IS_RUNNING = 17969
    PERL5_CPAN_IS_RUNNING_IN_RECURSION = 17930,17969
    PERLDOC = -MPod::Perldoc::ToTextOverstrike
    PERL_BATCH = yes
    PERL_CANARY_STABILITY_NOPROMPT = 1
    PERL_CPAN_REPORTER_CONFIG = /var/tmp/cpansmoker-1023/2017033000/cpanreporter_000_config.ini
    PERL_EXTUTILS_AUTOINSTALL = --defaultdeps
    SHELL = /usr/local/bin/zsh
    TERM = screen
    TMPDIR = /var/tmp/cpansmoker-1023/2017033000

Perl special variables (and OS-specific diagnostics, for MSWin32):

    $^X = /usr/perl5.18.4p/bin/perl5.18.4
    $UID/$EUID = 1023 / 1023
    $GID = 1023 1023
    $EGID = 1023 1023

Perl module toolchain versions installed:

    Module              Have    
    ------------------- --------
    CPAN                2.16    
    CPAN::Meta          2.150010
    Cwd                 3.62    
    ExtUtils::CBuilder  0.280224
    ExtUtils::Command   7.24    
    ExtUtils::Install   2.04    
    ExtUtils::MakeMaker 7.24    
    ExtUtils::Manifest  1.70    
    ExtUtils::ParseXS   3.24    
    File::Spec          3.62    
    JSON                2.90    
    JSON::PP            2.27400 
    Module::Build       0.4220  
    Module::Signature   0.79    
    Parse::CPAN::Meta   2.150010
    Test::Harness       3.38    
    Test::More          1.302075
    YAML                1.21    
    YAML::Syck          1.29    
    version             0.9917  


--

Summary of my perl5 (revision 5 version 18 subversion 4) configuration:
   
  Platform:
    osname=freebsd, osvers=10.1-release, archname=amd64-freebsd
    uname='freebsd cvrsnica-freebsd-101.herceg.de 10.1-release freebsd 10.1-release #0 r274401: tue nov 11 21:02:49 utc 2014 root@releng1.nyi.freebsd.org:usrobjusrsrcsysgeneric amd64 '
    config_args='-ds -e -Dprefix=/usr/perl5.18.4p'
    hint=recommended, useposix=true, d_sigaction=define
    useithreads=undef, usemultiplicity=undef
    useperlio=define, d_sfio=undef, uselargefiles=define, usesocks=undef
    use64bitint=define, use64bitall=define, uselongdouble=undef
    usemymalloc=n, bincompat5005=undef
  Compiler:
    cc='cc', ccflags ='-DHAS_FPSETMASK -DHAS_FLOATINGPOINT_H -fno-strict-aliasing -pipe -fstack-protector -I/usr/local/include',
    optimize='-O',
    cppflags='-DHAS_FPSETMASK -DHAS_FLOATINGPOINT_H -fno-strict-aliasing -pipe -fstack-protector -I/usr/local/include'
    ccversion='', gccversion='4.2.1 Compatible FreeBSD Clang 3.4.1 (tags/RELEASE_34/dot1-final 208032)', gccosandvers=''
    intsize=4, longsize=8, ptrsize=8, doublesize=8, byteorder=12345678
    d_longlong=define, longlongsize=8, d_longdbl=define, longdblsize=16
    ivtype='long', ivsize=8, nvtype='double', nvsize=8, Off_t='off_t', lseeksize=8
    alignbytes=8, prototype=define
  Linker and Libraries:
    ld='cc', ldflags ='-pthread -Wl,-E  -fstack-protector -L/usr/local/lib'
    libpth=/usr/lib /usr/local/lib
    libs=-lgdbm -lm -lcrypt -lutil -lc
    perllibs=-lm -lcrypt -lutil -lc
    libc=, so=so, useshrplib=false, libperl=libperl.a
    gnulibc_version=''
  Dynamic Linking:
    dlsrc=dl_dlopen.xs, dlext=so, d_dlsymun=undef, ccdlflags=' '
    cccdlflags='-DPIC -fPIC', lddlflags='-shared  -L/usr/local/lib -fstack-protector'


Characteristics of this binary (from libperl): 
  Compile-time options: HAS_TIMES PERLIO_LAYERS PERL_DONT_CREATE_GVSV
                        PERL_HASH_FUNC_ONE_AT_A_TIME_HARD PERL_MALLOC_WRAP
                        PERL_PRESERVE_IVUV PERL_SAWAMPERSAND USE_64_BIT_ALL
                        USE_64_BIT_INT USE_LARGE_FILES USE_LOCALE
                        USE_LOCALE_COLLATE USE_LOCALE_CTYPE
                        USE_LOCALE_NUMERIC USE_PERLIO USE_PERL_ATOF
  Built under freebsd
  Compiled at Apr  4 2015 13:03:15
  %ENV:
    PERL5LIB=""
    PERL5OPT=""
    PERL5_CPANPLUS_IS_RUNNING="17969"
    PERL5_CPAN_IS_RUNNING="17969"
    PERL5_CPAN_IS_RUNNING_IN_RECURSION="17930,17969"
    PERLDOC="-MPod::Perldoc::ToTextOverstrike"
    PERL_BATCH="yes"
    PERL_CANARY_STABILITY_NOPROMPT="1"
    PERL_CPAN_REPORTER_CONFIG="/var/tmp/cpansmoker-1023/2017033000/cpanreporter_000_config.ini"
    PERL_EXTUTILS_AUTOINSTALL="--defaultdeps"
  @INC:
    /usr/perl5.18.4p/lib/site_perl/5.18.4/amd64-freebsd
    /usr/perl5.18.4p/lib/site_perl/5.18.4
    /usr/perl5.18.4p/lib/5.18.4/amd64-freebsd
    /usr/perl5.18.4p/lib/5.18.4
    .