From: srezic@cpan.org
X-Test-Reporter-Distfile: MUIR/modules/File-Flock-2013.06.tar.gz
X-Test-Reporter-Perl: v5.17.10
Subject: FAIL File-Flock-2013.06 amd64-freebsd 9.0-release
Report: This distribution has been tested as part of the CPAN Testers
project, supporting the Perl programming language.  See
http://wiki.cpantesters.org/ for more information or email
questions to cpan-testers-discuss@perl.org


--
Dear David Muir Sharnoff,

This is a computer-generated report for File-Flock-2013.06
on perl 5.17.10, created by CPAN-Reporter-1.2009.

Thank you for uploading your work to CPAN.  However, there was a problem
testing your distribution.

If you think this report is invalid, please consult the CPAN Testers Wiki
for suggestions on how to avoid getting FAIL reports for missing library
or binary dependencies, unsupported operating systems, and so on:

http://wiki.cpantesters.org/wiki/CPANAuthorNotes

Sections of this report:

    * Tester comments
    * Program output
    * Prerequisites
    * Environment and other context

------------------------------
TESTER COMMENTS
------------------------------

Additional comments from tester:

none provided

------------------------------
PROGRAM OUTPUT
------------------------------

Output from '/usr/bin/make test':

PERL_DL_NONLAZY=1 /usr/perl5.17.10/bin/perl5.17.10 "-MExtUtils::Command::MM" "-e" "test_harness(0, 'blib/lib', 'blib/arch')" t/*.t
t/auto.t ......... skipped: flock() is supported on this platform
t/auto2.t ........ skipped: flock() is supported on this platform
t/flock.t ........ ok
t/flock2.t ....... ok
Use of my $_ is experimental at /var/tmp/build/File-Flock-2013.06-ogB9ZO/blib/lib/File/Flock/Subprocess.pm line 58.
Use of my $_ is experimental at /var/tmp/build/File-Flock-2013.06-ogB9ZO/blib/lib/File/Flock/Subprocess.pm line 68.
Use of uninitialized value $ok in scalar chomp at /var/tmp/build/File-Flock-2013.06-ogB9ZO/blib/lib/File/Flock/Subprocess.pm line 111.
Use of uninitialized value $ok in pattern match (m//) at /var/tmp/build/File-Flock-2013.06-ogB9ZO/blib/lib/File/Flock/Subprocess.pm line 116.
Use of uninitialized value $ok in pattern match (m//) at /var/tmp/build/File-Flock-2013.06-ogB9ZO/blib/lib/File/Flock/Subprocess.pm line 123.
Use of uninitialized value $ok in concatenation (.) or string at /var/tmp/build/File-Flock-2013.06-ogB9ZO/blib/lib/File/Flock/Subprocess.pm line 127.
unexpected response from lock proxy:  at /var/tmp/build/File-Flock-2013.06-ogB9ZO/blib/lib/File/Flock/Subprocess.pm line 127.
Compilation failed in require at t/forking.t line 12.
Bad arg length for Socket::unpack_sockaddr_un, length is 16, should be 106 at /usr/perl5.17.10/lib/5.17.10/amd64-freebsd/Socket.pm line 845.
 at /usr/local/src/CPAN/build/IO-Event-0.809-T1YAi0/blib/lib/IO/Event.pm line 284.
	IO::Event::Common::ie_do_invoke('IO::Event::Socket::UNIX=GLOB(0x216718b8)', 1, 'ie_connection') called at /usr/local/src/CPAN/build/IO-Event-0.809-T1YAi0/blib/lib/IO/Event.pm line 251
	IO::Event::Common::ie_invoke('IO::Event::Socket::UNIX=GLOB(0x216718b8)', 1, 'ie_connection') called at /usr/local/src/CPAN/build/IO-Event-0.809-T1YAi0/blib/lib/IO/Event.pm line 322
	IO::Event::Common::ie_dispatch_read('IO::Event::Socket::UNIX=GLOB(0x216718b8)') called at /usr/local/src/CPAN/build/IO-Event-0.809-T1YAi0/blib/lib/IO/Event/AnyEvent.pm line 117
	IO::Event::AnyEvent::__ANON__() called at /usr/local/src/CPAN/build/AnyEvent-7.04-xrhVmn/blib/lib/AnyEvent/Loop.pm line 248
	AnyEvent::Loop::one_event() called at /usr/local/src/CPAN/build/AnyEvent-7.04-xrhVmn/blib/lib/AnyEvent/Impl/Perl.pm line 46
	AnyEvent::CondVar::Base::_wait('AnyEvent::CondVar=HASH(0x22c83618)') called at /usr/local/src/CPAN/build/AnyEvent-7.04-xrhVmn/blib/lib/AnyEvent.pm line 1981
	AnyEvent::CondVar::Base::recv('AnyEvent::CondVar=HASH(0x22c83618)') called at /usr/local/src/CPAN/build/IO-Event-0.809-T1YAi0/blib/lib/IO/Event/AnyEvent.pm line 67
	IO::Event::AnyEvent::loop() called at /usr/local/src/CPAN/build/IO-Event-0.809-T1YAi0/blib/lib/IO/Event.pm line 28
	IO::Event::loop() called at /var/tmp/build/File-Flock-2013.06-ogB9ZO/blib/lib/File/Flock/Subprocess.pm line 260
	File::Flock::Subprocess::run_lockserver('IO::Handle=GLOB(0x217af558)') called at /var/tmp/build/File-Flock-2013.06-ogB9ZO/blib/lib/File/Flock/Subprocess.pm line 467
	File::Flock::Subprocess::BEGIN() called at /var/tmp/build/File-Flock-2013.06-ogB9ZO/blib/lib/File/Flock/Subprocess.pm line 473
	eval {...} called at /var/tmp/build/File-Flock-2013.06-ogB9ZO/blib/lib/File/Flock/Subprocess.pm line 473
	require File/Flock/Subprocess.pm called at /var/tmp/build/File-Flock-2013.06-ogB9ZO/blib/lib/File/Flock/Forking.pm line 17
	require File/Flock/Forking.pm called at t/forking.t line 8
	main::__ANON__() called at /var/tmp/build/File-Flock-2013.06-ogB9ZO/t/wrap.tm line 29
	main::dirwrap('CODE(0x20c165e8)') called at t/forking.t line 13
BEGIN failed--compilation aborted at /var/tmp/build/File-Flock-2013.06-ogB9ZO/blib/lib/File/Flock/Subprocess.pm line 473.
Compilation failed in require at /var/tmp/build/File-Flock-2013.06-ogB9ZO/blib/lib/File/Flock/Forking.pm line 17.
Compilation failed in require at t/forking.t line 8.
Use of uninitialized value $ok in scalar chomp at /var/tmp/build/File-Flock-2013.06-ogB9ZO/blib/lib/File/Flock/Subprocess.pm line 111.
Use of uninitialized value $ok in scalar chomp at /var/tmp/build/File-Flock-2013.06-ogB9ZO/blib/lib/File/Flock/Subprocess.pm line 111.
Use of uninitialized value $ok in scalar chomp at /var/tmp/build/File-Flock-2013.06-ogB9ZO/blib/lib/File/Flock/Subprocess.pm line 111.
Use of uninitialized value $ok in pattern match (m//) at /var/tmp/build/File-Flock-2013.06-ogB9ZO/blib/lib/File/Flock/Subprocess.pm line 116.
Use of uninitialized value $ok in pattern match (m//) at /var/tmp/build/File-Flock-2013.06-ogB9ZO/blib/lib/File/Flock/Subprocess.pm line 116.
Use of uninitialized value $ok in pattern match (m//) at /var/tmp/build/File-Flock-2013.06-ogB9ZO/blib/lib/File/Flock/Subprocess.pm line 123.
Use of uninitialized value $ok in pattern match (m//) at /var/tmp/build/File-Flock-2013.06-ogB9ZO/blib/lib/File/Flock/Subprocess.pm line 123.
Use of uninitialized value $ok in concatenation (.) or string at /var/tmp/build/File-Flock-2013.06-ogB9ZO/blib/lib/File/Flock/Subprocess.pm line 127.
Use of uninitialized value $ok in concatenation (.) or string at /var/tmp/build/File-Flock-2013.06-ogB9ZO/blib/lib/File/Flock/Subprocess.pm line 127.
Use of uninitialized value $ok in scalar chomp at /var/tmp/build/File-Flock-2013.06-ogB9ZO/blib/lib/File/Flock/Subprocess.pm line 111.
Use of uninitialized value $ok in pattern match (m//) at /var/tmp/build/File-Flock-2013.06-ogB9ZO/blib/lib/File/Flock/Subprocess.pm line 116.
Use of uninitialized value $ok in pattern match (m//) at /var/tmp/build/File-Flock-2013.06-ogB9ZO/blib/lib/File/Flock/Subprocess.pm line 123.
Use of uninitialized value $ok in concatenation (.) or string at /var/tmp/build/File-Flock-2013.06-ogB9ZO/blib/lib/File/Flock/Subprocess.pm line 127.
Use of uninitialized value $ok in pattern match (m//) at /var/tmp/build/File-Flock-2013.06-ogB9ZO/blib/lib/File/Flock/Subprocess.pm line 116.
unexpected response from lock proxy:  at /var/tmp/build/File-Flock-2013.06-ogB9ZO/blib/lib/File/Flock/Subprocess.pm line 127.
Compilation failed in require at t/forking.t line 12.
unexpected response from lock proxy:  at /var/tmp/build/File-Flock-2013.06-ogB9ZO/blib/lib/File/Flock/Subprocess.pm line 127.
Compilation failed in require at t/forking.t line 12.
Use of uninitialized value $ok in scalar chomp at /var/tmp/build/File-Flock-2013.06-ogB9ZO/blib/lib/File/Flock/Subprocess.pm line 111.
Use of uninitialized value $ok in pattern match (m//) at /var/tmp/build/File-Flock-2013.06-ogB9ZO/blib/lib/File/Flock/Subprocess.pm line 123.
Use of uninitialized value $ok in pattern match (m//) at /var/tmp/build/File-Flock-2013.06-ogB9ZO/blib/lib/File/Flock/Subprocess.pm line 116.
Use of uninitialized value $ok in concatenation (.) or string at /var/tmp/build/File-Flock-2013.06-ogB9ZO/blib/lib/File/Flock/Subprocess.pm line 127.
Use of uninitialized value $ok in pattern match (m//) at /var/tmp/build/File-Flock-2013.06-ogB9ZO/blib/lib/File/Flock/Subprocess.pm line 123.
unexpected response from lock proxy:  at /var/tmp/build/File-Flock-2013.06-ogB9ZO/blib/lib/File/Flock/Subprocess.pm line 127.
Compilation failed in require at t/forking.t line 12.
unexpected response from lock proxy:  at /var/tmp/build/File-Flock-2013.06-ogB9ZO/blib/lib/File/Flock/Subprocess.pm line 127.
Compilation failed in require at t/forking.t line 12.
Use of uninitialized value $ok in concatenation (.) or string at /var/tmp/build/File-Flock-2013.06-ogB9ZO/blib/lib/File/Flock/Subprocess.pm line 127.
Use of uninitialized value $ok in scalar chomp at /var/tmp/build/File-Flock-2013.06-ogB9ZO/blib/lib/File/Flock/Subprocess.pm line 111.
Use of uninitialized value $ok in pattern match (m//) at /var/tmp/build/File-Flock-2013.06-ogB9ZO/blib/lib/File/Flock/Subprocess.pm line 116.
Use of uninitialized value $ok in pattern match (m//) at /var/tmp/build/File-Flock-2013.06-ogB9ZO/blib/lib/File/Flock/Subprocess.pm line 123.
Use of uninitialized value $ok in concatenation (.) or string at /var/tmp/build/File-Flock-2013.06-ogB9ZO/blib/lib/File/Flock/Subprocess.pm line 127.
unexpected response from lock proxy:  at /var/tmp/build/File-Flock-2013.06-ogB9ZO/blib/lib/File/Flock/Subprocess.pm line 127.
Compilation failed in require at t/forking.t line 12.
unexpected response from lock proxy:  at /var/tmp/build/File-Flock-2013.06-ogB9ZO/blib/lib/File/Flock/Subprocess.pm line 127.
Compilation failed in require at t/forking.t line 12.
t/forking.t ...... 
Dubious, test returned 53 (wstat 13568, 0x3500)
Failed 198/199 subtests 
Use of my $_ is experimental at /var/tmp/build/File-Flock-2013.06-ogB9ZO/blib/lib/File/Flock/Subprocess.pm line 58.
Use of my $_ is experimental at /var/tmp/build/File-Flock-2013.06-ogB9ZO/blib/lib/File/Flock/Subprocess.pm line 68.
Use of uninitialized value $ok in scalar chomp at /var/tmp/build/File-Flock-2013.06-ogB9ZO/blib/lib/File/Flock/Subprocess.pm line 111.
Use of uninitialized value $ok in pattern match (m//) at /var/tmp/build/File-Flock-2013.06-ogB9ZO/blib/lib/File/Flock/Subprocess.pm line 116.
Use of uninitialized value $ok in pattern match (m//) at /var/tmp/build/File-Flock-2013.06-ogB9ZO/blib/lib/File/Flock/Subprocess.pm line 123.
Use of uninitialized value $ok in concatenation (.) or string at /var/tmp/build/File-Flock-2013.06-ogB9ZO/blib/lib/File/Flock/Subprocess.pm line 127.
unexpected response from lock proxy:  at /var/tmp/build/File-Flock-2013.06-ogB9ZO/blib/lib/File/Flock/Subprocess.pm line 127.
Compilation failed in require at t/forking2.t line 12.
# Looks like your test exited with 255 before it could output anything.
Bad arg length for Socket::unpack_sockaddr_un, length is 16, should be 106 at /usr/perl5.17.10/lib/5.17.10/amd64-freebsd/Socket.pm line 845.
 at /usr/local/src/CPAN/build/IO-Event-0.809-T1YAi0/blib/lib/IO/Event.pm line 284.
	IO::Event::Common::ie_do_invoke('IO::Event::Socket::UNIX=GLOB(0x217af4e0)', 1, 'ie_connection') called at /usr/local/src/CPAN/build/IO-Event-0.809-T1YAi0/blib/lib/IO/Event.pm line 251
	IO::Event::Common::ie_invoke('IO::Event::Socket::UNIX=GLOB(0x217af4e0)', 1, 'ie_connection') called at /usr/local/src/CPAN/build/IO-Event-0.809-T1YAi0/blib/lib/IO/Event.pm line 322
	IO::Event::Common::ie_dispatch_read('IO::Event::Socket::UNIX=GLOB(0x217af4e0)') called at /usr/local/src/CPAN/build/IO-Event-0.809-T1YAi0/blib/lib/IO/Event/AnyEvent.pm line 117
	IO::Event::AnyEvent::__ANON__() called at /usr/local/src/CPAN/build/AnyEvent-7.04-xrhVmn/blib/lib/AnyEvent/Loop.pm line 248
	AnyEvent::Loop::one_event() called at /usr/local/src/CPAN/build/AnyEvent-7.04-xrhVmn/blib/lib/AnyEvent/Impl/Perl.pm line 46
	AnyEvent::CondVar::Base::_wait('AnyEvent::CondVar=HASH(0x22c83618)') called at /usr/local/src/CPAN/build/AnyEvent-7.04-xrhVmn/blib/lib/AnyEvent.pm line 1981
	AnyEvent::CondVar::Base::recv('AnyEvent::CondVar=HASH(0x22c83618)') called at /usr/local/src/CPAN/build/IO-Event-0.809-T1YAi0/blib/lib/IO/Event/AnyEvent.pm line 67
	IO::Event::AnyEvent::loop() called at /usr/local/src/CPAN/build/IO-Event-0.809-T1YAi0/blib/lib/IO/Event.pm line 28
	IO::Event::loop() called at /var/tmp/build/File-Flock-2013.06-ogB9ZO/blib/lib/File/Flock/Subprocess.pm line 260
	File::Flock::Subprocess::run_lockserver('IO::Handle=GLOB(0x217af558)') called at /var/tmp/build/File-Flock-2013.06-ogB9ZO/blib/lib/File/Flock/Subprocess.pm line 467
	File::Flock::Subprocess::BEGIN() called at /var/tmp/build/File-Flock-2013.06-ogB9ZO/blib/lib/File/Flock/Subprocess.pm line 473
	eval {...} called at /var/tmp/build/File-Flock-2013.06-ogB9ZO/blib/lib/File/Flock/Subprocess.pm line 473
	require File/Flock/Subprocess.pm called at /var/tmp/build/File-Flock-2013.06-ogB9ZO/blib/lib/File/Flock/Forking.pm line 17
	require File/Flock/Forking.pm called at t/forking2.t line 8
	main::__ANON__() called at /var/tmp/build/File-Flock-2013.06-ogB9ZO/t/wrap.tm line 29
	main::dirwrap('CODE(0x20c165e8)') called at t/forking2.t line 13
BEGIN failed--compilation aborted at /var/tmp/build/File-Flock-2013.06-ogB9ZO/blib/lib/File/Flock/Subprocess.pm line 473.
Compilation failed in require at /var/tmp/build/File-Flock-2013.06-ogB9ZO/blib/lib/File/Flock/Forking.pm line 17.
Compilation failed in require at t/forking2.t line 8.
t/forking2.t ..... 
Dubious, test returned 255 (wstat 65280, 0xff00)
Failed 20/20 subtests 
Use of my $_ is experimental at /var/tmp/build/File-Flock-2013.06-ogB9ZO/blib/lib/File/Flock/Subprocess.pm line 58.
Use of my $_ is experimental at /var/tmp/build/File-Flock-2013.06-ogB9ZO/blib/lib/File/Flock/Subprocess.pm line 68.
Use of uninitialized value $ok in scalar chomp at /var/tmp/build/File-Flock-2013.06-ogB9ZO/blib/lib/File/Flock/Subprocess.pm line 111.
Use of uninitialized value $ok in pattern match (m//) at /var/tmp/build/File-Flock-2013.06-ogB9ZO/blib/lib/File/Flock/Subprocess.pm line 116.
Use of uninitialized value $ok in pattern match (m//) at /var/tmp/build/File-Flock-2013.06-ogB9ZO/blib/lib/File/Flock/Subprocess.pm line 123.
Use of uninitialized value $ok in concatenation (.) or string at /var/tmp/build/File-Flock-2013.06-ogB9ZO/blib/lib/File/Flock/Subprocess.pm line 127.
unexpected response from lock proxy:  at /var/tmp/build/File-Flock-2013.06-ogB9ZO/blib/lib/File/Flock/Subprocess.pm line 127.
Compilation failed in require at t/subprocess.t line 9.
Bad arg length for Socket::unpack_sockaddr_un, length is 16, should be 106 at /usr/perl5.17.10/lib/5.17.10/amd64-freebsd/Socket.pm line 845.
 at /usr/local/src/CPAN/build/IO-Event-0.809-T1YAi0/blib/lib/IO/Event.pm line 284.
	IO::Event::Common::ie_do_invoke('IO::Event::Socket::UNIX=GLOB(0x22c32870)', 1, 'ie_connection') called at /usr/local/src/CPAN/build/IO-Event-0.809-T1YAi0/blib/lib/IO/Event.pm line 251
	IO::Event::Common::ie_invoke('IO::Event::Socket::UNIX=GLOB(0x22c32870)', 1, 'ie_connection') called at /usr/local/src/CPAN/build/IO-Event-0.809-T1YAi0/blib/lib/IO/Event.pm line 322
	IO::Event::Common::ie_dispatch_read('IO::Event::Socket::UNIX=GLOB(0x22c32870)') called at /usr/local/src/CPAN/build/IO-Event-0.809-T1YAi0/blib/lib/IO/Event/AnyEvent.pm line 117
	IO::Event::AnyEvent::__ANON__() called at /usr/local/src/CPAN/build/AnyEvent-7.04-xrhVmn/blib/lib/AnyEvent/Loop.pm line 248
	AnyEvent::Loop::one_event() called at /usr/local/src/CPAN/build/AnyEvent-7.04-xrhVmn/blib/lib/AnyEvent/Impl/Perl.pm line 46
	AnyEvent::CondVar::Base::_wait('AnyEvent::CondVar=HASH(0x22c3fbb8)') called at /usr/local/src/CPAN/build/AnyEvent-7.04-xrhVmn/blib/lib/AnyEvent.pm line 1981
	AnyEvent::CondVar::Base::recv('AnyEvent::CondVar=HASH(0x22c3fbb8)') called at /usr/local/src/CPAN/build/IO-Event-0.809-T1YAi0/blib/lib/IO/Event/AnyEvent.pm line 67
	IO::Event::AnyEvent::loop() called at /usr/local/src/CPAN/build/IO-Event-0.809-T1YAi0/blib/lib/IO/Event.pm line 28
	IO::Event::loop() called at /var/tmp/build/File-Flock-2013.06-ogB9ZO/blib/lib/File/Flock/Subprocess.pm line 260
	File::Flock::Subprocess::run_lockserver('IO::Handle=GLOB(0x21751a98)') called at /var/tmp/build/File-Flock-2013.06-ogB9ZO/blib/lib/File/Flock/Subprocess.pm line 467
	File::Flock::Subprocess::BEGIN() called at /var/tmp/build/File-Flock-2013.06-ogB9ZO/blib/lib/File/Flock/Subprocess.pm line 473
	eval {...} called at /var/tmp/build/File-Flock-2013.06-ogB9ZO/blib/lib/File/Flock/Subprocess.pm line 473
	require File/Flock/Subprocess.pm called at t/subprocess.t line 7
	main::__ANON__() called at /var/tmp/build/File-Flock-2013.06-ogB9ZO/t/wrap.tm line 29
	main::dirwrap('CODE(0x20c165e8)') called at t/subprocess.t line 10
BEGIN failed--compilation aborted at /var/tmp/build/File-Flock-2013.06-ogB9ZO/blib/lib/File/Flock/Subprocess.pm line 473.
Compilation failed in require at t/subprocess.t line 7.
Use of uninitialized value $ok in scalar chomp at /var/tmp/build/File-Flock-2013.06-ogB9ZO/blib/lib/File/Flock/Subprocess.pm line 111.
Use of uninitialized value $ok in pattern match (m//) at /var/tmp/build/File-Flock-2013.06-ogB9ZO/blib/lib/File/Flock/Subprocess.pm line 116.
Use of uninitialized value $ok in pattern match (m//) at /var/tmp/build/File-Flock-2013.06-ogB9ZO/blib/lib/File/Flock/Subprocess.pm line 123.
Use of uninitialized value $ok in concatenation (.) or string at /var/tmp/build/File-Flock-2013.06-ogB9ZO/blib/lib/File/Flock/Subprocess.pm line 127.
Use of uninitialized value $ok in scalar chomp at /var/tmp/build/File-Flock-2013.06-ogB9ZO/blib/lib/File/Flock/Subprocess.pm line 111.
Use of uninitialized value $ok in pattern match (m//) at /var/tmp/build/File-Flock-2013.06-ogB9ZO/blib/lib/File/Flock/Subprocess.pm line 116.
Use of uninitialized value $ok in pattern match (m//) at /var/tmp/build/File-Flock-2013.06-ogB9ZO/blib/lib/File/Flock/Subprocess.pm line 123.
Use of uninitialized value $ok in concatenation (.) or string at /var/tmp/build/File-Flock-2013.06-ogB9ZO/blib/lib/File/Flock/Subprocess.pm line 127.
unexpected response from lock proxy:  at /var/tmp/build/File-Flock-2013.06-ogB9ZO/blib/lib/File/Flock/Subprocess.pm line 127.
Compilation failed in require at t/subprocess.t line 9.
unexpected response from lock proxy:  at /var/tmp/build/File-Flock-2013.06-ogB9ZO/blib/lib/File/Flock/Subprocess.pm line 127.
Compilation failed in require at t/subprocess.t line 9.
Use of uninitialized value $ok in scalar chomp at /var/tmp/build/File-Flock-2013.06-ogB9ZO/blib/lib/File/Flock/Subprocess.pm line 111.
Use of uninitialized value $ok in pattern match (m//) at /var/tmp/build/File-Flock-2013.06-ogB9ZO/blib/lib/File/Flock/Subprocess.pm line 116.
Use of uninitialized value $ok in pattern match (m//) at /var/tmp/build/File-Flock-2013.06-ogB9ZO/blib/lib/File/Flock/Subprocess.pm line 123.
Use of uninitialized value $ok in concatenation (.) or string at /var/tmp/build/File-Flock-2013.06-ogB9ZO/blib/lib/File/Flock/Subprocess.pm line 127.
Use of uninitialized value $ok in scalar chomp at /var/tmp/build/File-Flock-2013.06-ogB9ZO/blib/lib/File/Flock/Subprocess.pm line 111.
Use of uninitialized value $ok in pattern match (m//) at /var/tmp/build/File-Flock-2013.06-ogB9ZO/blib/lib/File/Flock/Subprocess.pm line 116.
Use of uninitialized value $ok in pattern match (m//) at /var/tmp/build/File-Flock-2013.06-ogB9ZO/blib/lib/File/Flock/Subprocess.pm line 123.
Use of uninitialized value $ok in concatenation (.) or string at /var/tmp/build/File-Flock-2013.06-ogB9ZO/blib/lib/File/Flock/Subprocess.pm line 127.
unexpected response from lock proxy:  at /var/tmp/build/File-Flock-2013.06-ogB9ZO/blib/lib/File/Flock/Subprocess.pm line 127.
Compilation failed in require at t/subprocess.t line 9.
unexpected response from lock proxy:  at /var/tmp/build/File-Flock-2013.06-ogB9ZO/blib/lib/File/Flock/Subprocess.pm line 127.
Compilation failed in require at t/subprocess.t line 9.
Use of uninitialized value $ok in scalar chomp at /var/tmp/build/File-Flock-2013.06-ogB9ZO/blib/lib/File/Flock/Subprocess.pm line 111.
Use of uninitialized value $ok in pattern match (m//) at /var/tmp/build/File-Flock-2013.06-ogB9ZO/blib/lib/File/Flock/Subprocess.pm line 116.
Use of uninitialized value $ok in pattern match (m//) at /var/tmp/build/File-Flock-2013.06-ogB9ZO/blib/lib/File/Flock/Subprocess.pm line 123.
Use of uninitialized value $ok in concatenation (.) or string at /var/tmp/build/File-Flock-2013.06-ogB9ZO/blib/lib/File/Flock/Subprocess.pm line 127.
unexpected response from lock proxy:  at /var/tmp/build/File-Flock-2013.06-ogB9ZO/blib/lib/File/Flock/Subprocess.pm line 127.
Compilation failed in require at t/subprocess.t line 9.
Use of uninitialized value $ok in scalar chomp at /var/tmp/build/File-Flock-2013.06-ogB9ZO/blib/lib/File/Flock/Subprocess.pm line 111.
Use of uninitialized value $ok in pattern match (m//) at /var/tmp/build/File-Flock-2013.06-ogB9ZO/blib/lib/File/Flock/Subprocess.pm line 116.
Use of uninitialized value $ok in pattern match (m//) at /var/tmp/build/File-Flock-2013.06-ogB9ZO/blib/lib/File/Flock/Subprocess.pm line 123.
Use of uninitialized value $ok in concatenation (.) or string at /var/tmp/build/File-Flock-2013.06-ogB9ZO/blib/lib/File/Flock/Subprocess.pm line 127.
unexpected response from lock proxy:  at /var/tmp/build/File-Flock-2013.06-ogB9ZO/blib/lib/File/Flock/Subprocess.pm line 127.
Compilation failed in require at t/subprocess.t line 9.
t/subprocess.t ... 
Dubious, test returned 53 (wstat 13568, 0x3500)
Failed 198/199 subtests 
Use of my $_ is experimental at /var/tmp/build/File-Flock-2013.06-ogB9ZO/blib/lib/File/Flock/Subprocess.pm line 58.
Use of my $_ is experimental at /var/tmp/build/File-Flock-2013.06-ogB9ZO/blib/lib/File/Flock/Subprocess.pm line 68.
Use of uninitialized value $ok in scalar chomp at /var/tmp/build/File-Flock-2013.06-ogB9ZO/blib/lib/File/Flock/Subprocess.pm line 111.
Use of uninitialized value $ok in pattern match (m//) at /var/tmp/build/File-Flock-2013.06-ogB9ZO/blib/lib/File/Flock/Subprocess.pm line 116.
Use of uninitialized value $ok in pattern match (m//) at /var/tmp/build/File-Flock-2013.06-ogB9ZO/blib/lib/File/Flock/Subprocess.pm line 123.
Use of uninitialized value $ok in concatenation (.) or string at /var/tmp/build/File-Flock-2013.06-ogB9ZO/blib/lib/File/Flock/Subprocess.pm line 127.
unexpected response from lock proxy:  at /var/tmp/build/File-Flock-2013.06-ogB9ZO/blib/lib/File/Flock/Subprocess.pm line 127.
Compilation failed in require at t/subprocess2.t line 9.
# Looks like your test exited with 255 before it could output anything.
Bad arg length for Socket::unpack_sockaddr_un, length is 16, should be 106 at /usr/perl5.17.10/lib/5.17.10/amd64-freebsd/Socket.pm line 845.
 at /usr/local/src/CPAN/build/IO-Event-0.809-T1YAi0/blib/lib/IO/Event.pm line 284.
	IO::Event::Common::ie_do_invoke('IO::Event::Socket::UNIX=GLOB(0x22d0d150)', 1, 'ie_connection') called at /usr/local/src/CPAN/build/IO-Event-0.809-T1YAi0/blib/lib/IO/Event.pm line 251
	IO::Event::Common::ie_invoke('IO::Event::Socket::UNIX=GLOB(0x22d0d150)', 1, 'ie_connection') called at /usr/local/src/CPAN/build/IO-Event-0.809-T1YAi0/blib/lib/IO/Event.pm line 322
	IO::Event::Common::ie_dispatch_read('IO::Event::Socket::UNIX=GLOB(0x22d0d150)') called at /usr/local/src/CPAN/build/IO-Event-0.809-T1YAi0/blib/lib/IO/Event/AnyEvent.pm line 117
	IO::Event::AnyEvent::__ANON__() called at /usr/local/src/CPAN/build/AnyEvent-7.04-xrhVmn/blib/lib/AnyEvent/Loop.pm line 248
	AnyEvent::Loop::one_event() called at /usr/local/src/CPAN/build/AnyEvent-7.04-xrhVmn/blib/lib/AnyEvent/Impl/Perl.pm line 46
	AnyEvent::CondVar::Base::_wait('AnyEvent::CondVar=HASH(0x22c3fbb8)') called at /usr/local/src/CPAN/build/AnyEvent-7.04-xrhVmn/blib/lib/AnyEvent.pm line 1981
	AnyEvent::CondVar::Base::recv('AnyEvent::CondVar=HASH(0x22c3fbb8)') called at /usr/local/src/CPAN/build/IO-Event-0.809-T1YAi0/blib/lib/IO/Event/AnyEvent.pm line 67
	IO::Event::AnyEvent::loop() called at /usr/local/src/CPAN/build/IO-Event-0.809-T1YAi0/blib/lib/IO/Event.pm line 28
	IO::Event::loop() called at /var/tmp/build/File-Flock-2013.06-ogB9ZO/blib/lib/File/Flock/Subprocess.pm line 260
	File::Flock::Subprocess::run_lockserver('IO::Handle=GLOB(0x21751a98)') called at /var/tmp/build/File-Flock-2013.06-ogB9ZO/blib/lib/File/Flock/Subprocess.pm line 467
	File::Flock::Subprocess::BEGIN() called at /var/tmp/build/File-Flock-2013.06-ogB9ZO/blib/lib/File/Flock/Subprocess.pm line 473
	eval {...} called at /var/tmp/build/File-Flock-2013.06-ogB9ZO/blib/lib/File/Flock/Subprocess.pm line 473
	require File/Flock/Subprocess.pm called at t/subprocess2.t line 7
	main::__ANON__() called at /var/tmp/build/File-Flock-2013.06-ogB9ZO/t/wrap.tm line 29
	main::dirwrap('CODE(0x20c165e8)') called at t/subprocess2.t line 10
BEGIN failed--compilation aborted at /var/tmp/build/File-Flock-2013.06-ogB9ZO/blib/lib/File/Flock/Subprocess.pm line 473.
Compilation failed in require at t/subprocess2.t line 7.
t/subprocess2.t .. 
Dubious, test returned 255 (wstat 65280, 0xff00)
Failed 20/20 subtests 

Test Summary Report
-------------------
t/forking.t    (Wstat: 13568 Tests: 1 Failed: 0)
  Non-zero exit status: 53
  Parse errors: Bad plan.  You planned 199 tests but ran 1.
t/forking2.t   (Wstat: 65280 Tests: 0 Failed: 0)
  Non-zero exit status: 255
  Parse errors: Bad plan.  You planned 20 tests but ran 0.
t/subprocess.t (Wstat: 13568 Tests: 1 Failed: 0)
  Non-zero exit status: 53
  Parse errors: Bad plan.  You planned 199 tests but ran 1.
t/subprocess2.t (Wstat: 65280 Tests: 0 Failed: 0)
  Non-zero exit status: 255
  Parse errors: Bad plan.  You planned 20 tests but ran 0.
Files=8, Tests=221, 412 wallclock secs ( 0.09 usr  0.01 sys +  0.75 cusr  0.52 csys =  1.37 CPU)
Result: FAIL
Failed 4/8 test programs. 0/221 subtests failed.
*** Error code 255

Stop in /var/tmp/build/File-Flock-2013.06-ogB9ZO.

------------------------------
PREREQUISITES
------------------------------

Prerequisite modules loaded:

requires:

    Module                Need  Have   
    --------------------- ----- -------
    AnyEvent              0     7.04   
    Data::Structure::Util 0     0.15   
    IO::Event             0.809 0.809  
    Time::HiRes           0     1.9725 

build_requires:

    Module                Need  Have   
    --------------------- ----- -------
    File::Slurp           0     9999.19
    Test::SharedFork      0     0.21   
    Time::HiRes           0     1.9725 

configure_requires:

    Module                Need  Have   
    --------------------- ----- -------
    ExtUtils::MakeMaker   0     6.65_01


------------------------------
ENVIRONMENT AND OTHER CONTEXT
------------------------------

Environment variables:

    DBIC_NO_WARN_BAD_PERL = 1
    LC_ALL = de_DE.ISO8859-1
    PATH = /usr/local/bin:/usr/X11R6/bin:/usr/X11/bin:/usr/bin:/bin:/usr/local/sbin:/usr/sbin:/sbin:/home/e/eserte/bin/freebsd9.0:/home/e/eserte/bin/sh:/home/e/eserte/bin:/usr/games:/home/e/eserte/devel:/home/e/eserte/src/srezic-misc/scripts
    PERL5LIB = /usr/local/src/CPAN/build/Data-Structure-Util-0.15-g6dUMO/blib/arch:/usr/local/src/CPAN/build/Data-Structure-Util-0.15-g6dUMO/blib/lib:/usr/local/src/CPAN/build/Test-SharedFork-0.21-9ve5yN/blib/arch:/usr/local/src/CPAN/build/Test-SharedFork-0.21-9ve5yN/blib/lib:/usr/local/src/CPAN/build/IO-Event-0.809-T1YAi0/blib/arch:/usr/local/src/CPAN/build/IO-Event-0.809-T1YAi0/blib/lib:/usr/local/src/CPAN/build/AnyEvent-7.04-xrhVmn/blib/arch:/usr/local/src/CPAN/build/AnyEvent-7.04-xrhVmn/blib/lib:/usr/local/src/CPAN/build/Event-1.21-VZKLH5/blib/arch:/usr/local/src/CPAN/build/Event-1.21-VZKLH5/blib/lib
    PERL5OPT = 
    PERL5_CPANPLUS_IS_RUNNING = 8362
    PERL5_CPAN_IS_RUNNING = 8362
    PERL5_CPAN_IS_RUNNING_IN_RECURSION = 8330,8362
    PERLDOC = -MPod::Perldoc::ToTextOverstrike
    PERL_BATCH = yes
    PERL_CPAN_REPORTER_CONFIG = /var/tmp/cpansmoker-1000/Frd2nkfkTp_config.ini
    PERL_EXTUTILS_AUTOINSTALL = --defaultdeps
    PERL_HTML_DISPLAY_CLASS = HTML::Display::Mozilla
    SHELL = /usr/local/bin/zsh
    STDPERL = perl
    TERM = xterm
    TMPDIR = /var/tmp/cpansmoker-1000

Perl special variables (and OS-specific diagnostics, for MSWin32):

    $^X = /usr/perl5.17.10/bin/perl5.17.10
    $UID/$EUID = 1000 / 1000
    $GID = 1000 1000 0 5 920 1023 1024
    $EGID = 1000 1000 0 5 920 1023 1024

Perl module toolchain versions installed:

    Module              Have    
    ------------------- --------
    CPAN                2.00    
    CPAN::Meta          2.120921
    Cwd                 3.40    
    ExtUtils::CBuilder  0.280209
    ExtUtils::Command   1.17    
    ExtUtils::Install   1.59    
    ExtUtils::MakeMaker 6.65_01 
    ExtUtils::Manifest  1.63    
    ExtUtils::ParseXS   3.18    
    File::Spec          3.40    
    JSON                2.53    
    JSON::PP            2.27202 
    Module::Build       0.4003  
    Module::Signature   n/a     
    Parse::CPAN::Meta   1.4404  
    Test::Harness       3.26    
    Test::More          0.98    
    YAML                0.84    
    YAML::Syck          1.25    
    version             0.9902  


--

Summary of my perl5 (revision 5 version 17 subversion 10) configuration:
   
  Platform:
    osname=freebsd, osvers=9.0-release, archname=amd64-freebsd
    uname='freebsd cvrsnica.herceg.de 9.0-release freebsd 9.0-release #0: tue jan 3 07:46:30 utc 2012 root@farrell.cse.buffalo.edu:usrobjusrsrcsysgeneric amd64 '
    config_args='-D useshrplib=true -Dprefix=/usr/perl5.17.10 -Dusemymalloc=n -D cc=ccache cc -D usedevel=define -Dgccansipedantic -de'
    hint=recommended, useposix=true, d_sigaction=define
    useithreads=undef, usemultiplicity=undef
    useperlio=define, d_sfio=undef, uselargefiles=define, usesocks=undef
    use64bitint=define, use64bitall=define, uselongdouble=undef
    usemymalloc=n, bincompat5005=undef
  Compiler:
    cc='ccache cc', ccflags ='-DHAS_FPSETMASK -DHAS_FLOATINGPOINT_H -fno-strict-aliasing -pipe -fstack-protector -I/usr/local/include',
    optimize='-O2 -pipe',
    cppflags='-DHAS_FPSETMASK -DHAS_FLOATINGPOINT_H -fno-strict-aliasing -pipe -fstack-protector -I/usr/local/include'
    ccversion='', gccversion='4.2.1 20070831 patched [FreeBSD]', gccosandvers=''
    intsize=4, longsize=8, ptrsize=8, doublesize=8, byteorder=12345678
    d_longlong=define, longlongsize=8, d_longdbl=define, longdblsize=16
    ivtype='long', ivsize=8, nvtype='double', nvsize=8, Off_t='off_t', lseeksize=8
    alignbytes=8, prototype=define
  Linker and Libraries:
    ld='ccache cc', ldflags ='-Wl,-E  -fstack-protector -L/usr/local/lib'
    libpth=/usr/lib /usr/local/lib
    libs=-lgdbm -lm -lcrypt -lutil -lc
    perllibs=-lm -lcrypt -lutil -lc
    libc=, so=so, useshrplib=true, libperl=libperl.so
    gnulibc_version=''
  Dynamic Linking:
    dlsrc=dl_dlopen.xs, dlext=so, d_dlsymun=undef, ccdlflags='  -Wl,-R/usr/perl5.17.10/lib/5.17.10/amd64-freebsd/CORE'
    cccdlflags='-DPIC -fPIC', lddlflags='-shared  -L/usr/local/lib -fstack-protector'


Characteristics of this binary (from libperl): 
  Compile-time options: HAS_TIMES PERLIO_LAYERS PERL_DONT_CREATE_GVSV
                        PERL_MALLOC_WRAP PERL_PRESERVE_IVUV PERL_SAWAMPERSAND
                        PERL_USE_DEVEL USE_64_BIT_ALL USE_64_BIT_INT
                        USE_LARGE_FILES USE_LOCALE USE_LOCALE_COLLATE
                        USE_LOCALE_CTYPE USE_LOCALE_NUMERIC USE_PERLIO
                        USE_PERL_ATOF
  Built under freebsd
  Compiled at Mar 23 2013 12:51:24
  %ENV:
    PERL5LIB="/usr/local/src/CPAN/build/Data-Structure-Util-0.15-g6dUMO/blib/arch:/usr/local/src/CPAN/build/Data-Structure-Util-0.15-g6dUMO/blib/lib:/usr/local/src/CPAN/build/Test-SharedFork-0.21-9ve5yN/blib/arch:/usr/local/src/CPAN/build/Test-SharedFork-0.21-9ve5yN/blib/lib:/usr/local/src/CPAN/build/IO-Event-0.809-T1YAi0/blib/arch:/usr/local/src/CPAN/build/IO-Event-0.809-T1YAi0/blib/lib:/usr/local/src/CPAN/build/AnyEvent-7.04-xrhVmn/blib/arch:/usr/local/src/CPAN/build/AnyEvent-7.04-xrhVmn/blib/lib:/usr/local/src/CPAN/build/Event-1.21-VZKLH5/blib/arch:/usr/local/src/CPAN/build/Event-1.21-VZKLH5/blib/lib"
    PERL5OPT=""
    PERL5_CPANPLUS_IS_RUNNING="8362"
    PERL5_CPAN_IS_RUNNING="8362"
    PERL5_CPAN_IS_RUNNING_IN_RECURSION="8330,8362"
    PERLDOC="-MPod::Perldoc::ToTextOverstrike"
    PERL_BATCH="yes"
    PERL_CPAN_REPORTER_CONFIG="/var/tmp/cpansmoker-1000/Frd2nkfkTp_config.ini"
    PERL_EXTUTILS_AUTOINSTALL="--defaultdeps"
    PERL_HTML_DISPLAY_CLASS="HTML::Display::Mozilla"
  @INC:
    /usr/local/src/CPAN/build/Data-Structure-Util-0.15-g6dUMO/blib/arch
    /usr/local/src/CPAN/build/Data-Structure-Util-0.15-g6dUMO/blib/lib
    /usr/local/src/CPAN/build/Test-SharedFork-0.21-9ve5yN/blib/arch
    /usr/local/src/CPAN/build/Test-SharedFork-0.21-9ve5yN/blib/lib
    /usr/local/src/CPAN/build/IO-Event-0.809-T1YAi0/blib/arch
    /usr/local/src/CPAN/build/IO-Event-0.809-T1YAi0/blib/lib
    /usr/local/src/CPAN/build/AnyEvent-7.04-xrhVmn/blib/arch
    /usr/local/src/CPAN/build/AnyEvent-7.04-xrhVmn/blib/lib
    /usr/local/src/CPAN/build/Event-1.21-VZKLH5/blib/arch
    /usr/local/src/CPAN/build/Event-1.21-VZKLH5/blib/lib
    /usr/perl5.17.10/lib/site_perl/5.17.10/amd64-freebsd
    /usr/perl5.17.10/lib/site_perl/5.17.10
    /usr/perl5.17.10/lib/5.17.10/amd64-freebsd
    /usr/perl5.17.10/lib/5.17.10
    .