Automated smoke report for branch blead 5.29.2 patch 065c341a5cb198ae9b03f6aa4a3c778976f87a6b v5.29.1-31-g065c341
li796-253: Intel(R) Xeon(R) CPU E5-2680 v3 @ 2.50GHz (GenuineIntel 2500MHz) (x86_64/2 cpu)
    on        linux - 4.15.13-x86_64-linode106 [Debian GNU/Linux 8.10 (jessie)]
    using     cc version 4.9.2
    smoketime 1 hour 11 minutes (average 17 minutes 57 seconds)

Summary: FAIL(F)

O = OK  F = Failure(s), extended report at the bottom
X = Failure(s) under TEST but not under harness
? = still running or test results not (yet) available
Build failures during:       - = unknown or N/A
c = Configure, m = make, M = make (after miniperl), t = make test-prep

v5.29.1-31-g065c341  Configuration (common) none
----------- ---------------------------------------------------------
O O O O     
F O F F     -Duseithreads
| | | +----- PERLIO = perlio -DDEBUGGING
| | +------- PERLIO = stdio  -DDEBUGGING
| +--------- PERLIO = perlio
+----------- PERLIO = stdio


Locally applied patches:
    SMOKE065c341a5cb198ae9b03f6aa4a3c778976f87a6b

Testsuite was run only with 'harness'

Tests skipped on user request:
    # One test name on a line
Failures: (common-args) none
[stdio] -Duseithreads
[stdio/perlio] -DDEBUGGING -Duseithreads
../dist/Time-HiRes/t/itimer.t...............................??????

Compiler messages(gcc):


Non-Fatal messages(gcc):



-- 
Report by Test::Smoke v1.72 running on perl 5.20.2
(Reporter v0.053 / Smoker v0.046)
