From: stro@cpan.org
X-Test-Reporter-Distfile: DAGOLDEN/CPAN-Reporter-Smoker-0.23.tar.gz
X-Test-Reporter-Perl: v5.10.1
Subject: FAIL CPAN-Reporter-Smoker-0.23 x86_64-linux 2.6.32-33-generic
Report: This distribution has been tested as part of the CPAN Testers
project, supporting the Perl programming language.  See
http://wiki.cpantesters.org/ for more information or email
questions to cpan-testers-discuss@perl.org


--
Dear David Golden,

This is a computer-generated report for CPAN-Reporter-Smoker-0.23
on perl 5.10.1, created by CPAN-Reporter-1.1902.

Thank you for uploading your work to CPAN.  However, there was a problem
testing your distribution.

If you think this report is invalid, please consult the CPAN Testers Wiki
for suggestions on how to avoid getting FAIL reports for missing library
or binary dependencies, unsupported operating systems, and so on:

http://wiki.cpantesters.org/wiki/CPANAuthorNotes

Sections of this report:

    * Tester comments
    * Program output
    * Prerequisites
    * Environment and other context

------------------------------
TESTER COMMENTS
------------------------------

Additional comments from tester:

none provided

------------------------------
PROGRAM OUTPUT
------------------------------

Output from '/usr/bin/make test':

PERL_DL_NONLAZY=1 /home/trushel/perl/perl5101/bin/perl "-MExtUtils::Command::MM" "-e" "test_harness(0, 'blib/lib', 'blib/arch')" t/*.t
t/00-compile.t ........ ok
t/00load.t ............ ok
t/args.t .............. ok

#   Failed test 'Number of reports in history'
#   at t/smoke-all.t line 60.
#          got: '0'
#     expected: '6'
# Looks like you failed 1 test of 5.
t/smoke-all.t ......... 
Dubious, test returned 1 (wstat 256, 0x100)
Failed 1/5 subtests 

#   Failed test 'Number of reports in history'
#   at t/smoke-disabled.t line 67.
#          got: '0'
#     expected: '1'
# Looks like you failed 1 test of 5.
t/smoke-disabled.t .... 
Dubious, test returned 1 (wstat 256, 0x100)
Failed 1/5 subtests 

#   Failed test 'Number of reports in history'
#   at t/smoke-list-array.t line 73.
#          got: '0'
#     expected: '2'
# Looks like you failed 1 test of 6.
t/smoke-list-array.t .. 
Dubious, test returned 1 (wstat 256, 0x100)
Failed 1/6 subtests 

#   Failed test 'Number of reports in history'
#   at t/smoke-list-file.t line 70.
#          got: '0'
#     expected: '2'
# Looks like you failed 1 test of 6.
t/smoke-list-file.t ... 
Dubious, test returned 1 (wstat 256, 0x100)
Failed 1/6 subtests 

#   Failed test 'Number of reports in history'
#   at t/smoke-restart.t line 62.
#          got: '0'
#     expected: '6'
# Looks like you failed 1 test of 6.
t/smoke-restart.t ..... 
Dubious, test returned 1 (wstat 256, 0x100)
Failed 1/6 subtests 

#   Failed test 'Number of reports in history'
#   at t/smoke-reverse.t line 76.
#          got: '0'
#     expected: '2'
# Looks like you failed 1 test of 7.
t/smoke-reverse.t ..... 
Dubious, test returned 1 (wstat 256, 0x100)
Failed 1/7 subtests 

Test Summary Report
-------------------
t/smoke-all.t       (Wstat: 256 Tests: 5 Failed: 1)
  Failed test:  5
  Non-zero exit status: 1
t/smoke-disabled.t  (Wstat: 256 Tests: 5 Failed: 1)
  Failed test:  5
  Non-zero exit status: 1
t/smoke-list-array.t (Wstat: 256 Tests: 6 Failed: 1)
  Failed test:  6
  Non-zero exit status: 1
t/smoke-list-file.t (Wstat: 256 Tests: 6 Failed: 1)
  Failed test:  6
  Non-zero exit status: 1
t/smoke-restart.t   (Wstat: 256 Tests: 6 Failed: 1)
  Failed test:  5
  Non-zero exit status: 1
t/smoke-reverse.t   (Wstat: 256 Tests: 7 Failed: 1)
  Failed test:  7
  Non-zero exit status: 1
Files=9, Tests=74, 87 wallclock secs ( 0.04 usr  0.02 sys + 41.42 cusr  6.26 csys = 47.74 CPU)
Result: FAIL
Failed 6/9 test programs. 6/74 subtests failed.
make: *** [test_dynamic] Error 1

------------------------------
PREREQUISITES
------------------------------

Prerequisite modules loaded:

requires:

    Module                  Need   Have    
    ----------------------- ------ --------
    Carp                    0      1.11    
    Compress::Zlib          1.2    2.037   
    Config                  0      0       
    CPAN                    1.93   1.97_51 
    CPAN::HandleConfig      0      5.5003  
    CPAN::Reporter::History 1.1702 1.19_04 
    CPAN::Tarzip            0      5.5011  
    Exporter                0      5.63    
    ExtUtils::MakeMaker     6.46   6.55_02 
    Fcntl                   0      1.06    
    File::Basename          0      2.77    
    File::Spec              3.27   3.30    
    File::Temp              0.20   0.22    
    Module::Build           0.30   0.3800  
    perl                    5.006  5.010001
    Probe::Perl             0.01   0.01    
    Term::Title             0.01   0.03    
    Test::Reporter          1.54   1.58    

build_requires:

    Module                  Need   Have    
    ----------------------- ------ --------
    CPAN::Checksums         0      2.07    
    Cwd                     3.27   3.30    
    File::Find              0      1.14    
    File::Path              0      2.07_03 
    IO::CaptureOutput       1.06   1.1102  
    IO::File                0      1.14    
    Test::More              0.62   0.98    
    vars                    0      1.01    

configure_requires:

    Module                  Need   Have    
    ----------------------- ------ --------
    ExtUtils::MakeMaker     6.30   6.55_02 


------------------------------
ENVIRONMENT AND OTHER CONTEXT
------------------------------

Environment variables:

    LANG = en_US.UTF-8
    LANGUAGE = en
    LC_COLLATE = C
    LC_MONETARY = C
    LC_NUMERIC = C
    LC_TIME = C
    PATH = /usr/local/sbin:/usr/local/bin:/usr/sbin:/usr/bin:/sbin:/bin
    PERL5LIB = 
    PERL5OPT = 
    PERL5_CPANPLUS_IS_RUNNING = 2732
    PERL5_CPAN_IS_RUNNING = 2732
    SHELL = /bin/bash
    TERM = xterm

Perl special variables (and OS-specific diagnostics, for MSWin32):

    $^X = /home/trushel/perl/perl5101/bin/perl
    $UID/$EUID = 138375 / 138375
    $GID = 5762 4 20 21 24 25 26 30 44 46 104 105 119 122 431 5762
    $EGID = 5762 4 20 21 24 25 26 30 44 46 104 105 119 122 431 5762

Perl module toolchain versions installed:

    Module              Have    
    ------------------- --------
    CPAN                1.97_51 
    Cwd                 3.30    
    ExtUtils::CBuilder  0.280202
    ExtUtils::Command   1.16    
    ExtUtils::Install   1.54    
    ExtUtils::MakeMaker 6.55_02 
    ExtUtils::Manifest  1.56    
    ExtUtils::ParseXS   2.2206  
    File::Spec          3.30    
    Module::Build       0.3800  
    Module::Signature   n/a     
    Test::Harness       3.17    
    Test::More          0.98    
    YAML                0.73    
    YAML::Syck          n/a     
    version             0.91    


--

Summary of my perl5 (revision 5 version 10 subversion 1) configuration:
   
  Platform:
    osname=linux, osvers=2.6.32-33-generic, archname=x86_64-linux
    uname='linux trushel-glaptop 2.6.32-33-generic #70-ubuntu smp thu jul 7 21:13:52 utc 2011 x86_64 gnulinux '
    config_args=''
    hint=recommended, useposix=true, d_sigaction=define
    useithreads=undef, usemultiplicity=undef
    useperlio=define, d_sfio=undef, uselargefiles=define, usesocks=undef
    use64bitint=define, use64bitall=define, uselongdouble=undef
    usemymalloc=n, bincompat5005=undef
  Compiler:
    cc='cc', ccflags ='-fno-strict-aliasing -pipe -fstack-protector -I/usr/local/include -D_LARGEFILE_SOURCE -D_FILE_OFFSET_BITS=64',
    optimize='-O2',
    cppflags='-fno-strict-aliasing -pipe -fstack-protector -I/usr/local/include'
    ccversion='', gccversion='4.4.3', gccosandvers=''
    intsize=4, longsize=8, ptrsize=8, doublesize=8, byteorder=12345678
    d_longlong=define, longlongsize=8, d_longdbl=define, longdblsize=16
    ivtype='long', ivsize=8, nvtype='double', nvsize=8, Off_t='off_t', lseeksize=8
    alignbytes=8, prototype=define
  Linker and Libraries:
    ld='cc', ldflags =' -fstack-protector -L/usr/local/lib'
    libpth=/usr/local/lib /lib /usr/lib /lib64 /usr/lib64
    libs=-lnsl -ldb -ldl -lm -lcrypt -lutil -lc
    perllibs=-lnsl -ldl -lm -lcrypt -lutil -lc
    libc=/lib/libc-2.11.1.so, so=so, useshrplib=false, libperl=libperl.a
    gnulibc_version='2.11.1'
  Dynamic Linking:
    dlsrc=dl_dlopen.xs, dlext=so, d_dlsymun=undef, ccdlflags='-Wl,-E'
    cccdlflags='-fPIC', lddlflags='-shared -O2 -L/usr/local/lib -fstack-protector'


Characteristics of this binary (from libperl): 
  Compile-time options: PERL_DONT_CREATE_GVSV PERL_MALLOC_WRAP USE_64_BIT_ALL
                        USE_64_BIT_INT USE_LARGE_FILES USE_PERLIO
  Built under linux
  Compiled at Jul 20 2011 06:19:42
  %ENV:
    PERL5LIB=""
    PERL5OPT=""
    PERL5_CPANPLUS_IS_RUNNING="2732"
    PERL5_CPAN_IS_RUNNING="2732"
  @INC:
    /home/trushel/perl/perl5101/lib/5.10.1/x86_64-linux
    /home/trushel/perl/perl5101/lib/5.10.1
    /home/trushel/perl/perl5101/lib/site_perl/5.10.1/x86_64-linux
    /home/trushel/perl/perl5101/lib/site_perl/5.10.1
    .