Automated smoke report for branch blead 5.29.2 patch e94c3f6a8d515b39961010524037ca044f029524 v5.29.1-62-ge94c3f6
li796-253: Intel(R) Xeon(R) CPU E5-2680 v3 @ 2.50GHz (GenuineIntel 2500MHz) (x86_64/2 cpu)
    on        linux - 4.15.13-x86_64-linode106 [Debian GNU/Linux 8.10 (jessie)]
    using     cc version 4.9.2
    smoketime 1 hour 12 minutes (average 18 minutes 1 seconds)

Summary: FAIL(F)

O = OK  F = Failure(s), extended report at the bottom
X = Failure(s) under TEST but not under harness
? = still running or test results not (yet) available
Build failures during:       - = unknown or N/A
c = Configure, m = make, M = make (after miniperl), t = make test-prep

v5.29.1-62-ge94c3f6  Configuration (common) none
----------- ---------------------------------------------------------
F F F F     -Dusequadmath
F F F F     -Duseithreads -Dusequadmath
| | | +----- PERLIO = perlio -DDEBUGGING
| | +------- PERLIO = stdio  -DDEBUGGING
| +--------- PERLIO = perlio
+----------- PERLIO = stdio


Locally applied patches:
    SMOKEe94c3f6a8d515b39961010524037ca044f029524

Testsuite was run only with 'harness'

Tests skipped on user request:
    # One test name on a line
Failures: (common-args) none
[stdio/perlio] -Dusequadmath
[stdio] -DDEBUGGING -Dusequadmath
[stdio/perlio] -Duseithreads -Dusequadmath
../lib/File/Copy.t..........................................FAILED
    53
    Non-zero exit status: 1

[perlio] -DDEBUGGING -Dusequadmath
[stdio/perlio] -DDEBUGGING -Duseithreads -Dusequadmath
../dist/Time-HiRes/t/itimer.t...............................??????
../lib/File/Copy.t..........................................FAILED
    53
    Non-zero exit status: 1

Compiler messages(gcc):


Non-Fatal messages(gcc):



-- 
Report by Test::Smoke v1.72 running on perl 5.20.2
(Reporter v0.053 / Smoker v0.046)
