From: srezic@cpan.org
X-Test-Reporter-Distfile: MOB/Signals-XSIG-0.15_02.tar.gz
X-Test-Reporter-Perl: v5.22.1
Subject: FAIL Signals-XSIG-0.15_02 x86_64-linux 3.16.0-4-amd64
Report: This distribution has been tested as part of the CPAN Testers
project, supporting the Perl programming language.  See
http://wiki.cpantesters.org/ for more information or email
questions to cpan-testers-discuss@perl.org


--
Dear Marty O'Brien,

This is a computer-generated report for Signals-XSIG-0.15_02
on perl 5.22.1, created by CPAN-Reporter-1.2018.

Thank you for uploading your work to CPAN.  However, there was a problem
testing your distribution.

If you think this report is invalid, please consult the CPAN Testers Wiki
for suggestions on how to avoid getting FAIL reports for missing library
or binary dependencies, unsupported operating systems, and so on:

http://wiki.cpantesters.org/wiki/CPANAuthorNotes

Sections of this report:

    * Tester comments
    * Program output
    * Prerequisites
    * Environment and other context

------------------------------
TESTER COMMENTS
------------------------------

Additional comments from tester:

none provided

------------------------------
PROGRAM OUTPUT
------------------------------

Output from '/usr/bin/make test':

PERL_DL_NONLAZY=1 "/bbbike/perl-5.22.1/bin/perl" "-MExtUtils::Command::MM" "-MTest::Harness" "-e" "undef *Test::Harness::Switches; test_harness(0, 'blib/lib', 'blib/arch')" t/*.t
# Testing Signals::XSIG 0.15_02, Perl 5.022001, /bbbike/perl-5.22.1/bin/perl
t/00-load.t ............... ok
No such signal: SIGxyz at /tmpfs/.cpan-build-cpansand/2017042800/Signals-XSIG-0.15_02-6/blib/lib/Signals/XSIG.pm line 285, <DATA> line 287.
t/01-SIG.t ................ ok

#   Failed test 'SIGUSR1(1) handler undef after %SIG cleared'
#   at t/02-SIGhash.t line 33.
# Defined handlers: USR1
# $VAR1 = 'tied SIG dump:';
# $VAR2 = bless( {
#   'DEBUG_LOG' => [
#     [
#       'STORE',
#       [
#         'USR1',
#         'IGNORE'
#       ],
#       '0.672029972076416',
#       [
#         'Some::Package',
#         't/02-SIGhash.t',
#         23
#       ]
#     ],
#     [
#       'UNTIE',
#       [
#         2
#       ],
#       '0.672065019607544',
#       [
#         'Signals::XSIG',
#         '/tmpfs/.cpan-build-cpansand/2017042800/Signals-XSIG-0.15_02-6/blib/lib/Signals/XSIG.pm',
#         191
#       ]
#     ],
#     [
#       'TIE',
#       [],
#       '0.672076940536499',
#       [
#         'Signals::XSIG',
#         '/tmpfs/.cpan-build-cpansand/2017042800/Signals-XSIG-0.15_02-6/blib/lib/Signals/XSIG.pm',
#         193
#       ]
#     ],
#     [
#       'STORE',
#       [
#         'USR2',
#         'DEFAULT'
#       ],
#       '0.672089099884033',
#       [
#         'Some::Package',
#         't/02-SIGhash.t',
#         23
#       ]
#     ],
#     [
#       'UNTIE',
#       [
#         3
#       ],
#       '0.672112941741943',
#       [
#         'Signals::XSIG',
#         '/tmpfs/.cpan-build-cpansand/2017042800/Signals-XSIG-0.15_02-6/blib/lib/Signals/XSIG.pm',
#         191
#       ]
#     ],
#     [
#       'TIE',
#       [],
#       '0.672121047973633',
#       [
#         'Signals::XSIG',
#         '/tmpfs/.cpan-build-cpansand/2017042800/Signals-XSIG-0.15_02-6/blib/lib/Signals/XSIG.pm',
#         193
#       ]
#     ],
#     [
#       'FETCH',
#       [
#         'USR1'
#       ],
#       '0.672131061553955',
#       [
#         'Some::Package',
#         't/02-SIGhash.t',
#         24
#       ]
#     ],
#     [
#       'FETCH',
#       [
#         'USR2'
#       ],
#       '0.672226905822754',
#       [
#         'Some::Package',
#         't/02-SIGhash.t',
#         25
#       ]
#     ],
#     [
#       'CLEAR',
#       [],
#       '0.672538042068481',
#       [
#         'Some::Package',
#         't/02-SIGhash.t',
#         30
#       ]
#     ],
#     [
#       'TIE',
#       [],
#       '0.672573089599609',
#       [
#         'Signals::XSIG',
#         '/tmpfs/.cpan-build-cpansand/2017042800/Signals-XSIG-0.15_02-6/blib/lib/Signals/XSIG.pm',
#         193
#       ]
#     ],
#     [
#       'UNTIE',
#       [
#         2
#       ],
#       '0.672595024108887',
#       [
#         'Signals::XSIG',
#         '/tmpfs/.cpan-build-cpansand/2017042800/Signals-XSIG-0.15_02-6/blib/lib/Signals/XSIG.pm',
#         191
#       ]
#     ],
#     [
#       'TIE',
#       [],
#       '0.672605037689209',
#       [
#         'Signals::XSIG',
#         '/tmpfs/.cpan-build-cpansand/2017042800/Signals-XSIG-0.15_02-6/blib/lib/Signals/XSIG.pm',
#         193
#       ]
#     ],
#     [
#       'UNTIE',
#       [
#         2
#       ],
#       '0.672620058059692',
#       [
#         'Signals::XSIG',
#         '/tmpfs/.cpan-build-cpansand/2017042800/Signals-XSIG-0.15_02-6/blib/lib/Signals/XSIG.pm',
#         191
#       ]
#     ],
#     [
#       'TIE',
#       [],
#       '0.672629117965698',
#       [
#         'Signals::XSIG',
#         '/tmpfs/.cpan-build-cpansand/2017042800/Signals-XSIG-0.15_02-6/blib/lib/Signals/XSIG.pm',
#         193
#       ]
#     ],
#     [
#       'UNTIE',
#       [
#         2
#       ],
#       '0.672643899917603',
#       [
#         'Signals::XSIG',
#         '/tmpfs/.cpan-build-cpansand/2017042800/Signals-XSIG-0.15_02-6/blib/lib/Signals/XSIG.pm',
#         191
#       ]
#     ],
#     [
#       'TIE',
#       [],
#       '0.672651052474976',
#       [
#         'Signals::XSIG',
#         '/tmpfs/.cpan-build-cpansand/2017042800/Signals-XSIG-0.15_02-6/blib/lib/Signals/XSIG.pm',
#         193
#       ]
#     ],
#     [
#       'UNTIE',
#       [
#         2
#       ],
#       '0.672665119171143',
#       [
#         'Signals::XSIG',
#         '/tmpfs/.cpan-build-cpansand/2017042800/Signals-XSIG-0.15_02-6/blib/lib/Signals/XSIG.pm',
#         191
#       ]
#     ],
#     [
#       'TIE',
#       [],
#       '0.672672986984253',
#       [
#         'Signals::XSIG',
#         '/tmpfs/.cpan-build-cpansand/2017042800/Signals-XSIG-0.15_02-6/blib/lib/Signals/XSIG.pm',
#         193
#       ]
#     ],
#     [
#       'UNTIE',
#       [
#         2
#       ],
#       '0.672688007354736',
#       [
#         'Signals::XSIG',
#         '/tmpfs/.cpan-build-cpansand/2017042800/Signals-XSIG-0.15_02-6/blib/lib/Signals/XSIG.pm',
#         191
#       ]
#     ],
#     [
#       'TIE',
#       [],
#       '0.67269492149353',
#       [
#         'Signals::XSIG',
#         '/tmpfs/.cpan-build-cpansand/2017042800/Signals-XSIG-0.15_02-6/blib/lib/Signals/XSIG.pm',
#         193
#       ]
#     ],
#     [
#       'UNTIE',
#       [
#         2
#       ],
#       '0.672708988189697',
#       [
#         'Signals::XSIG',
#         '/tmpfs/.cpan-build-cpansand/2017042800/Signals-XSIG-0.15_02-6/blib/lib/Signals/XSIG.pm',
#         191
#       ]
#     ],
#     [
#       'TIE',
#       [],
#       '0.672717094421387',
#       [
#         'Signals::XSIG',
#         '/tmpfs/.cpan-build-cpansand/2017042800/Signals-XSIG-0.15_02-6/blib/lib/Signals/XSIG.pm',
#         193
#       ]
#     ],
#     [
#       'UNTIE',
#       [
#         2
#       ],
#       '0.672730922698975',
#       [
#         'Signals::XSIG',
#         '/tmpfs/.cpan-build-cpansand/2017042800/Signals-XSIG-0.15_02-6/blib/lib/Signals/XSIG.pm',
#         191
#       ]
#     ],
#     [
#       'TIE',
#       [],
#       '0.672739028930664',
#       [
#         'Signals::XSIG',
#         '/tmpfs/.cpan-build-cpansand/2017042800/Signals-XSIG-0.15_02-6/blib/lib/Signals/XSIG.pm',
#         193
#       ]
#     ],
#     [
#       'UNTIE',
#       [
#         2
#       ],
#       '0.672751903533936',
#       [
#         'Signals::XSIG',
#         '/tmpfs/.cpan-build-cpansand/2017042800/Signals-XSIG-0.15_02-6/blib/lib/Signals/XSIG.pm',
#         191
#       ]
#     ],
#     [
#       'TIE',
#       [],
#       '0.672758102416992',
#       [
#         'Signals::XSIG',
#         '/tmpfs/.cpan-build-cpansand/2017042800/Signals-XSIG-0.15_02-6/blib/lib/Signals/XSIG.pm',
#         193
#       ]
#     ],
#     [
#       'UNTIE',
#       [
#         2
#       ],
#       '0.672772884368896',
#       [
#         'Signals::XSIG',
#         '/tmpfs/.cpan-build-cpansand/2017042800/Signals-XSIG-0.15_02-6/blib/lib/Signals/XSIG.pm',
#         191
#       ]
#     ],
#     [
#       'TIE',
#       [],
#       '0.672780990600586',
#       [
#         'Signals::XSIG',
#         '/tmpfs/.cpan-build-cpansand/2017042800/Signals-XSIG-0.15_02-6/blib/lib/Signals/XSIG.pm',
#         193
#       ]
#     ],
#     [
#       'UNTIE',
#       [
#         2
#       ],
#       '0.672795057296753',
#       [
#         'Signals::XSIG',
#         '/tmpfs/.cpan-build-cpansand/2017042800/Signals-XSIG-0.15_02-6/blib/lib/Signals/XSIG.pm',
#         191
#       ]
#     ],
#     [
#       'TIE',
#       [],
#       '0.672801971435547',
#       [
#         'Signals::XSIG',
#         '/tmpfs/.cpan-build-cpansand/2017042800/Signals-XSIG-0.15_02-6/blib/lib/Signals/XSIG.pm',
#         193
#       ]
#     ],
#     [
#       'UNTIE',
#       [
#         2
#       ],
#       '0.672816038131714',
#       [
#         'Signals::XSIG',
#         '/tmpfs/.cpan-build-cpansand/2017042800/Signals-XSIG-0.15_02-6/blib/lib/Signals/XSIG.pm',
#         191
#       ]
#     ],
#     [
#       'TIE',
#       [],
#       '0.67282509803772',
#       [
#         'Signals::XSIG',
#         '/tmpfs/.cpan-build-cpansand/2017042800/Signals-XSIG-0.15_02-6/blib/lib/Signals/XSIG.pm',
#         193
#       ]
#     ],
#     [
#       'UNTIE',
#       [
#         2
#       ],
#       '0.672837972640991',
#       [
#         'Signals::XSIG',
#         '/tmpfs/.cpan-build-cpansand/2017042800/Signals-XSIG-0.15_02-6/blib/lib/Signals/XSIG.pm',
#         191
#       ]
#     ],
#     [
#       'TIE',
#       [],
#       '0.672846078872681',
#       [
#         'Signals::XSIG',
#         '/tmpfs/.cpan-build-cpansand/2017042800/Signals-XSIG-0.15_02-6/blib/lib/Signals/XSIG.pm',
#         193
#       ]
#     ],
#     [
#       'UNTIE',
#       [
#         2
#       ],
#       '0.672859907150269',
#       [
#         'Signals::XSIG',
#         '/tmpfs/.cpan-build-cpansand/2017042800/Signals-XSIG-0.15_02-6/blib/lib/Signals/XSIG.pm',
#         191
#       ]
#     ],
#     [
#       'TIE',
#       [],
#       '0.67286491394043',
#       [
#         'Signals::XSIG',
#         '/tmpfs/.cpan-build-cpansand/2017042800/Signals-XSIG-0.15_02-6/blib/lib/Signals/XSIG.pm',
#         193
#       ]
#     ],
#     [
#       'UNTIE',
#       [
#         2
#       ],
#       '0.672877073287964',
#       [
#         'Signals::XSIG',
#         '/tmpfs/.cpan-build-cpansand/2017042800/Signals-XSIG-0.15_02-6/blib/lib/Signals/XSIG.pm',
#         191
#       ]
#     ],
#     [
#       'TIE',
#       [],
#       '0.672883987426758',
#       [
#         'Signals::XSIG',
#         '/tmpfs/.cpan-build-cpansand/2017042800/Signals-XSIG-0.15_02-6/blib/lib/Signals/XSIG.pm',
#         193
#       ]
#     ],
#     [
#       'UNTIE',
#       [
#         2
#       ],
#       '0.672897100448608',
#       [
#         'Signals::XSIG',
#         '/tmpfs/.cpan-build-cpansand/2017042800/Signals-XSIG-0.15_02-6/blib/lib/Signals/XSIG.pm',
#         191
#       ]
#     ],
#     [
#       'TIE',
#       [],
#       '0.672907114028931',
#       [
#         'Signals::XSIG',
#         '/tmpfs/.cpan-build-cpansand/2017042800/Signals-XSIG-0.15_02-6/blib/lib/Signals/XSIG.pm',
#         193
#       ]
#     ],
#     [
#       'UNTIE',
#       [
#         2
#       ],
#       '0.672920942306519',
#       [
#         'Signals::XSIG',
#         '/tmpfs/.cpan-build-cpansand/2017042800/Signals-XSIG-0.15_02-6/blib/lib/Signals/XSIG.pm',
#         191
#       ]
#     ],
#     [
#       'TIE',
#       [],
#       '0.672928094863892',
#       [
#         'Signals::XSIG',
#         '/tmpfs/.cpan-build-cpansand/2017042800/Signals-XSIG-0.15_02-6/blib/lib/Signals/XSIG.pm',
#         193
#       ]
#     ],
#     [
#       'UNTIE',
#       [
#         2
#       ],
#       '0.672941923141479',
#       [
#         'Signals::XSIG',
#         '/tmpfs/.cpan-build-cpansand/2017042800/Signals-XSIG-0.15_02-6/blib/lib/Signals/XSIG.pm',
#         191
#       ]
#     ],
#     [
#       'TIE',
#       [],
#       '0.672949075698853',
#       [
#         'Signals::XSIG',
#         '/tmpfs/.cpan-build-cpansand/2017042800/Signals-XSIG-0.15_02-6/blib/lib/Signals/XSIG.pm',
#         193
#       ]
#     ],
#     [
#       'UNTIE',
#       [
#         2
#       ],
#       '0.67296290397644',
#       [
#         'Signals::XSIG',
#         '/tmpfs/.cpan-build-cpansand/2017042800/Signals-XSIG-0.15_02-6/blib/lib/Signals/XSIG.pm',
#         191
#       ]
#     ],
#     [
#       'TIE',
#       [],
#       '0.672970056533813',
#       [
#         'Signals::XSIG',
#         '/tmpfs/.cpan-build-cpansand/2017042800/Signals-XSIG-0.15_02-6/blib/lib/Signals/XSIG.pm',
#         193
#       ]
#     ],
#     [
#       'UNTIE',
#       [
#         2
#       ],
#       '0.672982931137085',
#       [
#         'Signals::XSIG',
#         '/tmpfs/.cpan-build-cpansand/2017042800/Signals-XSIG-0.15_02-6/blib/lib/Signals/XSIG.pm',
#         191
#       ]
#     ],
#     [
#       'TIE',
#       [],
#       '0.672991037368774',
#       [
#         'Signals::XSIG',
#         '/tmpfs/.cpan-build-cpansand/2017042800/Signals-XSIG-0.15_02-6/blib/lib/Signals/XSIG.pm',
#         193
#       ]
#     ],
#     [
#       'UNTIE',
#       [
#         2
#       ],
#       '0.673005104064941',
#       [
#         'Signals::XSIG',
#         '/tmpfs/.cpan-build-cpansand/2017042800/Signals-XSIG-0.15_02-6/blib/lib/Signals/XSIG.pm',
#         191
#       ]
#     ],
#     [
#       'TIE',
#       [],
#       '0.673012971878052',
#       [
#         'Signals::XSIG',
#         '/tmpfs/.cpan-build-cpansand/2017042800/Signals-XSIG-0.15_02-6/blib/lib/Signals/XSIG.pm',
#         193
#       ]
#     ],
#     [
#       'UNTIE',
#       [
#         2
#       ],
#       '0.673026084899902',
#       [
#         'Signals::XSIG',
#         '/tmpfs/.cpan-build-cpansand/2017042800/Signals-XSIG-0.15_02-6/blib/lib/Signals/XSIG.pm',
#         191
#       ]
#     ],
#     [
#       'TIE',
#       [],
#       '0.67303204536438',
#       [
#         'Signals::XSIG',
#         '/tmpfs/.cpan-build-cpansand/2017042800/Signals-XSIG-0.15_02-6/blib/lib/Signals/XSIG.pm',
#         193
#       ]
#     ],
#     [
#       'UNTIE',
#       [
#         2
#       ],
#       '0.673044919967651',
#       [
#         'Signals::XSIG',
#         '/tmpfs/.cpan-build-cpansand/2017042800/Signals-XSIG-0.15_02-6/blib/lib/Signals/XSIG.pm',
#         191
#       ]
#     ],
#     [
#       'TIE',
#       [],
#       '0.673053979873657',
#       [
#         'Signals::XSIG',
#         '/tmpfs/.cpan-build-cpansand/2017042800/Signals-XSIG-0.15_02-6/blib/lib/Signals/XSIG.pm',
#         193
#       ]
#     ],
#     [
#       'UNTIE',
#       [
#         2
#       ],
#       '0.673067092895508',
#       [
#         'Signals::XSIG',
#         '/tmpfs/.cpan-build-cpansand/2017042800/Signals-XSIG-0.15_02-6/blib/lib/Signals/XSIG.pm',
#         191
#       ]
#     ],
#     [
#       'TIE',
#       [],
#       '0.673073053359985',
#       [
#         'Signals::XSIG',
#         '/tmpfs/.cpan-build-cpansand/2017042800/Signals-XSIG-0.15_02-6/blib/lib/Signals/XSIG.pm',
#         193
#       ]
#     ],
#     [
#       'UNTIE',
#       [
#         2
#       ],
#       '0.673085927963257',
#       [
#         'Signals::XSIG',
#         '/tmpfs/.cpan-build-cpansand/2017042800/Signals-XSIG-0.15_02-6/blib/lib/Signals/XSIG.pm',
#         191
#       ]
#     ],
#     [
#       'TIE',
#       [],
#       '0.673094034194946',
#       [
#         'Signals::XSIG',
#         '/tmpfs/.cpan-build-cpansand/2017042800/Signals-XSIG-0.15_02-6/blib/lib/Signals/XSIG.pm',
#         193
#       ]
#     ],
#     [
#       'UNTIE',
#       [
#         2
#       ],
#       '0.673106908798218',
#       [
#         'Signals::XSIG',
#         '/tmpfs/.cpan-build-cpansand/2017042800/Signals-XSIG-0.15_02-6/blib/lib/Signals/XSIG.pm',
#         191
#       ]
#     ],
#     [
#       'TIE',
#       [],
#       '0.673115015029907',
#       [
#         'Signals::XSIG',
#         '/tmpfs/.cpan-build-cpansand/2017042800/Signals-XSIG-0.15_02-6/blib/lib/Signals/XSIG.pm',
#         193
#       ]
#     ],
#     [
#       'UNTIE',
#       [
#         2
#       ],
#       '0.673126935958862',
#       [
#         'Signals::XSIG',
#         '/tmpfs/.cpan-build-cpansand/2017042800/Signals-XSIG-0.15_02-6/blib/lib/Signals/XSIG.pm',
#         191
#       ]
#     ],
#     [
#       'TIE',
#       [],
#       '0.673135042190552',
#       [
#         'Signals::XSIG',
#         '/tmpfs/.cpan-build-cpansand/2017042800/Signals-XSIG-0.15_02-6/blib/lib/Signals/XSIG.pm',
#         193
#       ]
#     ],
#     [
#       'UNTIE',
#       [
#         2
#       ],
#       '0.673147916793823',
#       [
#         'Signals::XSIG',
#         '/tmpfs/.cpan-build-cpansand/2017042800/Signals-XSIG-0.15_02-6/blib/lib/Signals/XSIG.pm',
#         191
#       ]
#     ],
#     [
#       'TIE',
#       [],
#       '0.673155069351196',
#       [
#         'Signals::XSIG',
#         '/tmpfs/.cpan-build-cpansand/2017042800/Signals-XSIG-0.15_02-6/blib/lib/Signals/XSIG.pm',
#         193
#       ]
#     ],
#     [
#       'UNTIE',
#       [
#         2
#       ],
#       '0.673166990280151',
#       [
#         'Signals::XSIG',
#         '/tmpfs/.cpan-build-cpansand/2017042800/Signals-XSIG-0.15_02-6/blib/lib/Signals/XSIG.pm',
#         191
#       ]
#     ],
#     [
#       'TIE',
#       [],
#       '0.673172950744629',
#       [
#         'Signals::XSIG',
#         '/tmpfs/.cpan-build-cpansand/2017042800/Signals-XSIG-0.15_02-6/blib/lib/Signals/XSIG.pm',
#         193
#       ]
#     ],
#     [
#       'UNTIE',
#       [
#         2
#       ],
#       '0.673186063766479',
#       [
#         'Signals::XSIG',
#         '/tmpfs/.cpan-build-cpansand/2017042800/Signals-XSIG-0.15_02-6/blib/lib/Signals/XSIG.pm',
#         191
#       ]
#     ],
#     [
#       'TIE',
#       [],
#       '0.67319393157959',
#       [
#         'Signals::XSIG',
#         '/tmpfs/.cpan-build-cpansand/2017042800/Signals-XSIG-0.15_02-6/blib/lib/Signals/XSIG.pm',
#         193
#       ]
#     ],
#     [
#       'UNTIE',
#       [
#         2
#       ],
#       '0.673206090927124',
#       [
#         'Signals::XSIG',
#         '/tmpfs/.cpan-build-cpansand/2017042800/Signals-XSIG-0.15_02-6/blib/lib/Signals/XSIG.pm',
#         191
#       ]
#     ],
#     [
#       'TIE',
#       [],
#       '0.673213005065918',
#       [
#         'Signals::XSIG',
#         '/tmpfs/.cpan-build-cpansand/2017042800/Signals-XSIG-0.15_02-6/blib/lib/Signals/XSIG.pm',
#         193
#       ]
#     ],
#     [
#       'UNTIE',
#       [
#         2
#       ],
#       '0.673224925994873',
#       [
#         'Signals::XSIG',
#         '/tmpfs/.cpan-build-cpansand/2017042800/Signals-XSIG-0.15_02-6/blib/lib/Signals/XSIG.pm',
#         191
#       ]
#     ],
#     [
#       'TIE',
#       [],
#       '0.673233032226562',
#       [
#         'Signals::XSIG',
#         '/tmpfs/.cpan-build-cpansand/2017042800/Signals-XSIG-0.15_02-6/blib/lib/Signals/XSIG.pm',
#         193
#       ]
#     ],
#     [
#       'UNTIE',
#       [
#         2
#       ],
#       '0.673245906829834',
#       [
#         'Signals::XSIG',
#         '/tmpfs/.cpan-build-cpansand/2017042800/Signals-XSIG-0.15_02-6/blib/lib/Signals/XSIG.pm',
#         191
#       ]
#     ],
#     [
#       'TIE',
#       [],
#       '0.673252105712891',
#       [
#         'Signals::XSIG',
#         '/tmpfs/.cpan-build-cpansand/2017042800/Signals-XSIG-0.15_02-6/blib/lib/Signals/XSIG.pm',
#         193
#       ]
#     ],
#     [
#       'UNTIE',
#       [
#         2
#       ],
#       '0.673264026641846',
#       [
#         'Signals::XSIG',
#         '/tmpfs/.cpan-build-cpansand/2017042800/Signals-XSIG-0.15_02-6/blib/lib/Signals/XSIG.pm',
#         191
#       ]
#     ],
#     [
#       'TIE',
#       [],
#       '0.673269987106323',
#       [
#         'Signals::XSIG',
#         '/tmpfs/.cpan-build-cpansand/2017042800/Signals-XSIG-0.15_02-6/blib/lib/Signals/XSIG.pm',
#         193
#       ]
#     ],
#     [
#       'UNTIE',
#       [
#         2
#       ],
#       '0.67328405380249',
#       [
#         'Signals::XSIG',
#         '/tmpfs/.cpan-build-cpansand/2017042800/Signals-XSIG-0.15_02-6/blib/lib/Signals/XSIG.pm',
#         191
#       ]
#     ],
#     [
#       'TIE',
#       [],
#       '0.673290967941284',
#       [
#         'Signals::XSIG',
#         '/tmpfs/.cpan-build-cpansand/2017042800/Signals-XSIG-0.15_02-6/blib/lib/Signals/XSIG.pm',
#         193
#       ]
#     ],
#     [
#       'UNTIE',
#       [
#         2
#       ],
#       '0.673304080963135',
#       [
#         'Signals::XSIG',
#         '/tmpfs/.cpan-build-cpansand/2017042800/Signals-XSIG-0.15_02-6/blib/lib/Signals/XSIG.pm',
#         191
#       ]
#     ],
#     [
#       'TIE',
#       [],
#       '0.673310041427612',
#       [
#         'Signals::XSIG',
#         '/tmpfs/.cpan-build-cpansand/2017042800/Signals-XSIG-0.15_02-6/blib/lib/Signals/XSIG.pm',
#         193
#       ]
#     ],
#     [
#       'UNTIE',
#       [
#         2
#       ],
#       '0.673321008682251',
#       [
#         'Signals::XSIG',
#         '/tmpfs/.cpan-build-cpansand/2017042800/Signals-XSIG-0.15_02-6/blib/lib/Signals/XSIG.pm',
#         191
#       ]
#     ],
#     [
#       'TIE',
#       [],
#       '0.67332911491394',
#       [
#         'Signals::XSIG',
#         '/tmpfs/.cpan-build-cpansand/2017042800/Signals-XSIG-0.15_02-6/blib/lib/Signals/XSIG.pm',
#         193
#       ]
#     ],
#     [
#       'UNTIE',
#       [
#         2
#       ],
#       '0.673341989517212',
#       [
#         'Signals::XSIG',
#         '/tmpfs/.cpan-build-cpansand/2017042800/Signals-XSIG-0.15_02-6/blib/lib/Signals/XSIG.pm',
#         191
#       ]
#     ],
#     [
#       'TIE',
#       [],
#       '0.673348903656006',
#       [
#         'Signals::XSIG',
#         '/tmpfs/.cpan-build-cpansand/2017042800/Signals-XSIG-0.15_02-6/blib/lib/Signals/XSIG.pm',
#         193
#       ]
#     ],
#     [
#       'UNTIE',
#       [
#         2
#       ],
#       '0.67336106300354',
#       [
#         'Signals::XSIG',
#         '/tmpfs/.cpan-build-cpansand/2017042800/Signals-XSIG-0.15_02-6/blib/lib/Signals/XSIG.pm',
#         191
#       ]
#     ],
#     [
#       'TIE',
#       [],
#       '0.67336893081665',
#       [
#         'Signals::XSIG',
#         '/tmpfs/.cpan-build-cpansand/2017042800/Signals-XSIG-0.15_02-6/blib/lib/Signals/XSIG.pm',
#         193
#       ]
#     ],
#     [
#       'UNTIE',
#       [
#         2
#       ],
#       '0.673382997512817',
#       [
#         'Signals::XSIG',
#         '/tmpfs/.cpan-build-cpansand/2017042800/Signals-XSIG-0.15_02-6/blib/lib/Signals/XSIG.pm',
#         191
#       ]
#     ],
#     [
#       'TIE',
#       [],
#       '0.673388957977295',
#       [
#         'Signals::XSIG',
#         '/tmpfs/.cpan-build-cpansand/2017042800/Signals-XSIG-0.15_02-6/blib/lib/Signals/XSIG.pm',
#         193
#       ]
#     ],
#     [
#       'UNTIE',
#       [
#         2
#       ],
#       '0.673402070999146',
#       [
#         'Signals::XSIG',
#         '/tmpfs/.cpan-build-cpansand/2017042800/Signals-XSIG-0.15_02-6/blib/lib/Signals/XSIG.pm',
#         191
#       ]
#     ],
#     [
#       'TIE',
#       [],
#       '0.673409938812256',
#       [
#         'Signals::XSIG',
#         '/tmpfs/.cpan-build-cpansand/2017042800/Signals-XSIG-0.15_02-6/blib/lib/Signals/XSIG.pm',
#         193
#       ]
#     ],
#     [
#       'UNTIE',
#       [
#         2
#       ],
#       '0.673424005508423',
#       [
#         'Signals::XSIG',
#         '/tmpfs/.cpan-build-cpansand/2017042800/Signals-XSIG-0.15_02-6/blib/lib/Signals/XSIG.pm',
#         191
#       ]
#     ],
#     [
#       'TIE',
#       [],
#       '0.673432111740112',
#       [
#         'Signals::XSIG',
#         '/tmpfs/.cpan-build-cpansand/2017042800/Signals-XSIG-0.15_02-6/blib/lib/Signals/XSIG.pm',
#         193
#       ]
#     ],
#     [
#       'UNTIE',
#       [
#         2
#       ],
#       '0.673444032669067',
#       [
#         'Signals::XSIG',
#         '/tmpfs/.cpan-build-cpansand/2017042800/Signals-XSIG-0.15_02-6/blib/lib/Signals/XSIG.pm',
#         191
#       ]
#     ],
#     [
#       'TIE',
#       [],
#       '0.673450946807861',
#       [
#         'Signals::XSIG',
#         '/tmpfs/.cpan-build-cpansand/2017042800/Signals-XSIG-0.15_02-6/blib/lib/Signals/XSIG.pm',
#         193
#       ]
#     ],
#     [
#       'UNTIE',
#       [
#         2
#       ],
#       '0.673465013504028',
#       [
#         'Signals::XSIG',
#         '/tmpfs/.cpan-build-cpansand/2017042800/Signals-XSIG-0.15_02-6/blib/lib/Signals/XSIG.pm',
#         191
#       ]
#     ],
#     [
#       'TIE',
#       [],
#       '0.673471927642822',
#       [
#         'Signals::XSIG',
#         '/tmpfs/.cpan-build-cpansand/2017042800/Signals-XSIG-0.15_02-6/blib/lib/Signals/XSIG.pm',
#         193
#       ]
#     ],
#     [
#       'UNTIE',
#       [
#         2
#       ],
#       '0.673482894897461',
#       [
#         'Signals::XSIG',
#         '/tmpfs/.cpan-build-cpansand/2017042800/Signals-XSIG-0.15_02-6/blib/lib/Signals/XSIG.pm',
#         191
#       ]
#     ],
#     [
#       'TIE',
#       [],
#       '0.673490047454834',
#       [
#         'Signals::XSIG',
#         '/tmpfs/.cpan-build-cpansand/2017042800/Signals-XSIG-0.15_02-6/blib/lib/Signals/XSIG.pm',
#         193
#       ]
#     ],
#     [
#       'UNTIE',
#       [
#         2
#       ],
#       '0.673501968383789',
#       [
#         'Signals::XSIG',
#         '/tmpfs/.cpan-build-cpansand/2017042800/Signals-XSIG-0.15_02-6/blib/lib/Signals/XSIG.pm',
#         191
#       ]
#     ],
#     [
#       'TIE',
#       [],
#       '0.673508882522583',
#       [
#         'Signals::XSIG',
#         '/tmpfs/.cpan-build-cpansand/2017042800/Signals-XSIG-0.15_02-6/blib/lib/Signals/XSIG.pm',
#         193
#       ]
#     ],
#     [
#       'UNTIE',
#       [
#         2
#       ],
#       '0.673521995544434',
#       [
#         'Signals::XSIG',
#         '/tmpfs/.cpan-build-cpansand/2017042800/Signals-XSIG-0.15_02-6/blib/lib/Signals/XSIG.pm',
#         191
#       ]
#     ],
#     [
#       'TIE',
#       [],
#       '0.673528909683228',
#       [
#         'Signals::XSIG',
#         '/tmpfs/.cpan-build-cpansand/2017042800/Signals-XSIG-0.15_02-6/blib/lib/Signals/XSIG.pm',
#         193
#       ]
#     ],
#     [
#       'UNTIE',
#       [
#         2
#       ],
#       '0.673541069030762',
#       [
#         'Signals::XSIG',
#         '/tmpfs/.cpan-build-cpansand/2017042800/Signals-XSIG-0.15_02-6/blib/lib/Signals/XSIG.pm',
#         191
#       ]
#     ],
#     [
#       'TIE',
#       [],
#       '0.673548936843872',
#       [
#         'Signals::XSIG',
#         '/tmpfs/.cpan-build-cpansand/2017042800/Signals-XSIG-0.15_02-6/blib/lib/Signals/XSIG.pm',
#         193
#       ]
#     ],
#     [
#       'UNTIE',
#       [
#         2
#       ],
#       '0.673561096191406',
#       [
#         'Signals::XSIG',
#         '/tmpfs/.cpan-build-cpansand/2017042800/Signals-XSIG-0.15_02-6/blib/lib/Signals/XSIG.pm',
#         191
#       ]
#     ],
#     [
#       'TIE',
#       [],
#       '0.6735680103302',
#       [
#         'Signals::XSIG',
#         '/tmpfs/.cpan-build-cpansand/2017042800/Signals-XSIG-0.15_02-6/blib/lib/Signals/XSIG.pm',
#         193
#       ]
#     ],
#     [
#       'UNTIE',
#       [
#         2
#       ],
#       '0.673579931259155',
#       [
#         'Signals::XSIG',
#         '/tmpfs/.cpan-build-cpansand/2017042800/Signals-XSIG-0.15_02-6/blib/lib/Signals/XSIG.pm',
#         191
#       ]
#     ],
#     [
#       'TIE',
#       [],
#       '0.673588037490845',
#       [
#         'Signals::XSIG',
#         '/tmpfs/.cpan-build-cpansand/2017042800/Signals-XSIG-0.15_02-6/blib/lib/Signals/XSIG.pm',
#         193
#       ]
#     ],
#     [
#       'UNTIE',
#       [
#         2
#       ],
#       '0.673600912094116',
#       [
#         'Signals::XSIG',
#         '/tmpfs/.cpan-build-cpansand/2017042800/Signals-XSIG-0.15_02-6/blib/lib/Signals/XSIG.pm',
#         191
#       ]
#     ],
#     [
#       'TIE',
#       [],
#       '0.673609018325806',
#       [
#         'Signals::XSIG',
#         '/tmpfs/.cpan-build-cpansand/2017042800/Signals-XSIG-0.15_02-6/blib/lib/Signals/XSIG.pm',
#         193
#       ]
#     ],
#     [
#       'UNTIE',
#       [
#         2
#       ],
#       '0.673619985580444',
#       [
#         'Signals::XSIG',
#         '/tmpfs/.cpan-build-cpansand/2017042800/Signals-XSIG-0.15_02-6/blib/lib/Signals/XSIG.pm',
#         191
#       ]
#     ],
#     [
#       'TIE',
#       [],
#       '0.673626899719238',
#       [
#         'Signals::XSIG',
#         '/tmpfs/.cpan-build-cpansand/2017042800/Signals-XSIG-0.15_02-6/blib/lib/Signals/XSIG.pm',
#         193
#       ]
#     ],
#     [
#       'UNTIE',
#       [
#         2
#       ],
#       '0.673640012741089',
#       [
#         'Signals::XSIG',
#         '/tmpfs/.cpan-build-cpansand/2017042800/Signals-XSIG-0.15_02-6/blib/lib/Signals/XSIG.pm',
#         191
#       ]
#     ],
#     [
#       'TIE',
#       [],
#       '0.673646926879883',
#       [
#         'Signals::XSIG',
#         '/tmpfs/.cpan-build-cpansand/2017042800/Signals-XSIG-0.15_02-6/blib/lib/Signals/XSIG.pm',
#         193
#       ]
#     ],
#     [
#       'UNTIE',
#       [
#         2
#       ],
#       '0.673660039901733',
#       [
#         'Signals::XSIG',
#         '/tmpfs/.cpan-build-cpansand/2017042800/Signals-XSIG-0.15_02-6/blib/lib/Signals/XSIG.pm',
#         191
#       ]
#     ],
#     [
#       'TIE',
#       [],
#       '0.673666000366211',
#       [
#         'Signals::XSIG',
#         '/tmpfs/.cpan-build-cpansand/2017042800/Signals-XSIG-0.15_02-6/blib/lib/Signals/XSIG.pm',
#         193
#       ]
#     ],
#     [
#       'UNTIE',
#       [
#         2
#       ],
#       '0.673679113388062',
#       [
#         'Signals::XSIG',
#         '/tmpfs/.cpan-build-cpansand/2017042800/Signals-XSIG-0.15_02-6/blib/lib/Signals/XSIG.pm',
#         191
#       ]
#     ],
#     [
#       'TIE',
#       [],
#       '0.673686981201172',
#       [
#         'Signals::XSIG',
#         '/tmpfs/.cpan-build-cpansand/2017042800/Signals-XSIG-0.15_02-6/blib/lib/Signals/XSIG.pm',
#         193
#       ]
#     ],
#     [
#       'UNTIE',
#       [
#         2
#       ],
#       '0.673700094223022',
#       [
#         'Signals::XSIG',
#         '/tmpfs/.cpan-build-cpansand/2017042800/Signals-XSIG-0.15_02-6/blib/lib/Signals/XSIG.pm',
#         191
#       ]
#     ],
#     [
#       'TIE',
#       [],
#       '0.673707008361816',
#       [
#         'Signals::XSIG',
#         '/tmpfs/.cpan-build-cpansand/2017042800/Signals-XSIG-0.15_02-6/blib/lib/Signals/XSIG.pm',
#         193
#       ]
#     ],
#     [
#       'UNTIE',
#       [
#         2
#       ],
#       '0.673718929290771',
#       [
#         'Signals::XSIG',
#         '/tmpfs/.cpan-build-cpansand/2017042800/Signals-XSIG-0.15_02-6/blib/lib/Signals/XSIG.pm',
#         191
#       ]
#     ],
#     [
#       'TIE',
#       [],
#       '0.673726081848145',
#       [
#         'Signals::XSIG',
#         '/tmpfs/.cpan-build-cpansand/2017042800/Signals-XSIG-0.15_02-6/blib/lib/Signals/XSIG.pm',
#         193
#       ]
#     ],
#     [
#       'UNTIE',
#       [
#         2
#       ],
#       '0.6737380027771',
#       [
#         'Signals::XSIG',
#         '/tmpfs/.cpan-build-cpansand/2017042800/Signals-XSIG-0.15_02-6/blib/lib/Signals/XSIG.pm',
#         191
#       ]
#     ],
#     [
#       'TIE',
#       [],
#       '0.673746109008789',
#       [
#         'Signals::XSIG',
#         '/tmpfs/.cpan-build-cpansand/2017042800/Signals-XSIG-0.15_02-6/blib/lib/Signals/XSIG.pm',
#         193
#       ]
#     ],
#     [
#       'UNTIE',
#       [
#         2
#       ],
#       '0.673758029937744',
#       [
#         'Signals::XSIG',
#         '/tmpfs/.cpan-build-cpansand/2017042800/Signals-XSIG-0.15_02-6/blib/lib/Signals/XSIG.pm',
#         191
#       ]
#     ],
#     [
#       'TIE',
#       [],
#       '0.673764944076538',
#       [
#         'Signals::XSIG',
#         '/tmpfs/.cpan-build-cpansand/2017042800/Signals-XSIG-0.15_02-6/blib/lib/Signals/XSIG.pm',
#         193
#       ]
#     ],
#     [
#       'UNTIE',
#       [
#         2
#       ],
#       '0.673778057098389',
#       [
#         'Signals::XSIG',
#         '/tmpfs/.cpan-build-cpansand/2017042800/Signals-XSIG-0.15_02-6/blib/lib/Signals/XSIG.pm',
#         191
#       ]
#     ],
#     [
#       'TIE',
#       [],
#       '0.673784971237183',
#       [
#         'Signals::XSIG',
#         '/tmpfs/.cpan-build-cpansand/2017042800/Signals-XSIG-0.15_02-6/blib/lib/Signals/XSIG.pm',
#         193
#       ]
#     ],
#     [
#       'UNTIE',
#       [
#         2
#       ],
#       '0.673798084259033',
#       [
#         'Signals::XSIG',
#         '/tmpfs/.cpan-build-cpansand/2017042800/Signals-XSIG-0.15_02-6/blib/lib/Signals/XSIG.pm',
#         191
#       ]
#     ],
#     [
#       'TIE',
#       [],
#       '0.673804998397827',
#       [
#         'Signals::XSIG',
#         '/tmpfs/.cpan-build-cpansand/2017042800/Signals-XSIG-0.15_02-6/blib/lib/Signals/XSIG.pm',
#         193
#       ]
#     ],
#     [
#       'UNTIE',
#       [
#         2
#       ],
#       '0.673815965652466',
#       [
#         'Signals::XSIG',
#         '/tmpfs/.cpan-build-cpansand/2017042800/Signals-XSIG-0.15_02-6/blib/lib/Signals/XSIG.pm',
#         191
#       ]
#     ],
#     [
#       'TIE',
#       [],
#       '0.673821926116943',
#       [
#         'Signals::XSIG',
#         '/tmpfs/.cpan-build-cpansand/2017042800/Signals-XSIG-0.15_02-6/blib/lib/Signals/XSIG.pm',
#         193
#       ]
#     ],
#     [
#       'UNTIE',
#       [
#         2
#       ],
#       '0.673835039138794',
#       [
#         'Signals::XSIG',
#         '/tmpfs/.cpan-build-cpansand/2017042800/Signals-XSIG-0.15_02-6/blib/lib/Signals/XSIG.pm',
#         191
#       ]
#     ],
#     [
#       'TIE',
#       [],
#       '0.673841953277588',
#       [
#         'Signals::XSIG',
#         '/tmpfs/.cpan-build-cpansand/2017042800/Signals-XSIG-0.15_02-6/blib/lib/Signals/XSIG.pm',
#         193
#       ]
#     ],
#     [
#       'UNTIE',
#       [
#         2
#       ],
#       '0.673854112625122',
#       [
#         'Signals::XSIG',
#         '/tmpfs/.cpan-build-cpansand/2017042800/Signals-XSIG-0.15_02-6/blib/lib/Signals/XSIG.pm',
#         191
#       ]
#     ],
#     [
#       'TIE',
#       [],
#       '0.673861026763916',
#       [
#         'Signals::XSIG',
#         '/tmpfs/.cpan-build-cpansand/2017042800/Signals-XSIG-0.15_02-6/blib/lib/Signals/XSIG.pm',
#         193
#       ]
#     ],
#     [
#       'UNTIE',
#       [
#         2
#       ],
#       '0.673871994018555',
#       [
#         'Signals::XSIG',
#         '/tmpfs/.cpan-build-cpansand/2017042800/Signals-XSIG-0.15_02-6/blib/lib/Signals/XSIG.pm',
#         191
#       ]
#     ],
#     [
#       'TIE',
#       [],
#       '0.673880100250244',
#       [
#         'Signals::XSIG',
#         '/tmpfs/.cpan-build-cpansand/2017042800/Signals-XSIG-0.15_02-6/blib/lib/Signals/XSIG.pm',
#         193
#       ]
#     ],
#     [
#       'UNTIE',
#       [
#         2
#       ],
#       '0.673892974853516',
#       [
#         'Signals::XSIG',
#         '/tmpfs/.cpan-build-cpansand/2017042800/Signals-XSIG-0.15_02-6/blib/lib/Signals/XSIG.pm',
#         191
#       ]
#     ],
#     [
#       'TIE',
#       [],
#       '0.67389988899231',
#       [
#         'Signals::XSIG',
#         '/tmpfs/.cpan-build-cpansand/2017042800/Signals-XSIG-0.15_02-6/blib/lib/Signals/XSIG.pm',
#         193
#       ]
#     ],
#     [
#       'UNTIE',
#       [
#         2
#       ],
#       '0.673912048339844',
#       [
#         'Signals::XSIG',
#         '/tmpfs/.cpan-build-cpansand/2017042800/Signals-XSIG-0.15_02-6/blib/lib/Signals/XSIG.pm',
#         191
#       ]
#     ],
#     [
#       'TIE',
#       [],
#       '0.673918008804321',
#       [
#         'Signals::XSIG',
#         '/tmpfs/.cpan-build-cpansand/2017042800/Signals-XSIG-0.15_02-6/blib/lib/Signals/XSIG.pm',
#         193
#       ]
#     ],
#     [
#       'UNTIE',
#       [
#         2
#       ],
#       '0.673929929733276',
#       [
#         'Signals::XSIG',
#         '/tmpfs/.cpan-build-cpansand/2017042800/Signals-XSIG-0.15_02-6/blib/lib/Signals/XSIG.pm',
#         191
#       ]
#     ],
#     [
#       'TIE',
#       [],
#       '0.673937082290649',
#       [
#         'Signals::XSIG',
#         '/tmpfs/.cpan-build-cpansand/2017042800/Signals-XSIG-0.15_02-6/blib/lib/Signals/XSIG.pm',
#         193
#       ]
#     ],
#     [
#       'UNTIE',
#       [
#         2
#       ],
#       '0.673949003219604',
#       [
#         'Signals::XSIG',
#         '/tmpfs/.cpan-build-cpansand/2017042800/Signals-XSIG-0.15_02-6/blib/lib/Signals/XSIG.pm',
#         191
#       ]
#     ],
#     [
#       'TIE',
#       [],
#       '0.673955917358398',
#       [
#         'Signals::XSIG',
#         '/tmpfs/.cpan-build-cpansand/2017042800/Signals-XSIG-0.15_02-6/blib/lib/Signals/XSIG.pm',
#         193
#       ]
#     ],
#     [
#       'UNTIE',
#       [
#         2
#       ],
#       '0.673966884613037',
#       [
#         'Signals::XSIG',
#         '/tmpfs/.cpan-build-cpansand/2017042800/Signals-XSIG-0.15_02-6/blib/lib/Signals/XSIG.pm',
#         191
#       ]
#     ],
#     [
#       'TIE',
#       [],
#       '0.673974990844727',
#       [
#         'Signals::XSIG',
#         '/tmpfs/.cpan-build-cpansand/2017042800/Signals-XSIG-0.15_02-6/blib/lib/Signals/XSIG.pm',
#         193
#       ]
#     ],
#     [
#       'UNTIE',
#       [
#         2
#       ],
#       '0.673989057540894',
#       [
#         'Signals::XSIG',
#         '/tmpfs/.cpan-build-cpansand/2017042800/Signals-XSIG-0.15_02-6/blib/lib/Signals/XSIG.pm',
#         191
#       ]
#     ],
#     [
#       'TIE',
#       [],
#       '0.673995971679688',
#       [
#         'Signals::XSIG',
#         '/tmpfs/.cpan-build-cpansand/2017042800/Signals-XSIG-0.15_02-6/blib/lib/Signals/XSIG.pm',
#         193
#       ]
#     ],
#     [
#       'FETCH',
#       [
#         'USR1'
#       ],
#       '0.674006938934326',
#       [
#         'Some::Package',
#         't/02-SIGhash.t',
#         33
#       ]
#     ],
#     [
#       'FIRSTKEY',
#       [],
#       '0.674375057220459',
#       [
#         'Some::Package',
#         't/02-SIGhash.t',
#         33
#       ]
#     ],
#     [
#       'NEXTKEY',
#       [],
#       '0.674385070800781',
#       [
#         'Some::Package',
#         't/02-SIGhash.t',
#         33
#       ]
#     ],
#     [
#       'NEXTKEY',
#       [],
#       '0.674390077590942',
#       [
#         'Some::Package',
#         't/02-SIGhash.t',
#         33
#       ]
#     ],
#     [
#       'NEXTKEY',
#       [],
#       '0.674392938613892',
#       [
#         'Some::Package',
#         't/02-SIGhash.t',
#         33
#       ]
#     ],
#     [
#       'NEXTKEY',
#       [],
#       '0.67439603805542',
#       [
#         'Some::Package',
#         't/02-SIGhash.t',
#         33
#       ]
#     ],
#     [
#       'NEXTKEY',
#       [],
#       '0.674398899078369',
#       [
#         'Some::Package',
#         't/02-SIGhash.t',
#         33
#       ]
#     ],
#     [
#       'NEXTKEY',
#       [],
#       '0.674401044845581',
#       [
#         'Some::Package',
#         't/02-SIGhash.t',
#         33
#       ]
#     ],
#     [
#       'NEXTKEY',
#       [],
#       '0.67440390586853',
#       [
#         'Some::Package',
#         't/02-SIGhash.t',
#         33
#       ]
#     ],
#     [
#       'NEXTKEY',
#       [],
#       '0.674406051635742',
#       [
#         'Some::Package',
#         't/02-SIGhash.t',
#         33
#       ]
#     ],
#     [
#       'NEXTKEY',
#       [],
#       '0.674408912658691',
#       [
#         'Some::Package',
#         't/02-SIGhash.t',
#         33
#       ]
#     ],
#     [
#       'NEXTKEY',
#       [],
#       '0.67441201210022',
#       [
#         'Some::Package',
#         't/02-SIGhash.t',
#         33
#       ]
#     ],
#     [
#       'NEXTKEY',
#       [],
#       '0.674413919448853',
#       [
#         'Some::Package',
#         't/02-SIGhash.t',
#         33
#       ]
#     ],
#     [
#       'NEXTKEY',
#       [],
#       '0.674417018890381',
#       [
#         'Some::Package',
#         't/02-SIGhash.t',
#         33
#       ]
#     ],
#     [
#       'NEXTKEY',
#       [],
#       '0.674421072006226',
#       [
#         'Some::Package',
#         't/02-SIGhash.t',
#         33
#       ]
#     ],
#     [
#       'NEXTKEY',
#       [],
#       '0.674423933029175',
#       [
#         'Some::Package',
#         't/02-SIGhash.t',
#         33
#       ]
#     ],
#     [
#       'NEXTKEY',
#       [],
#       '0.674427032470703',
#       [
#         'Some::Package',
#         't/02-SIGhash.t',
#         33
#       ]
#     ],
#     [
#       'NEXTKEY',
#       [],
#       '0.674431085586548',
#       [
#         'Some::Package',
#         't/02-SIGhash.t',
#         33
#       ]
#     ],
#     [
#       'NEXTKEY',
#       [],
#       '0.674432992935181',
#       [
#         'Some::Package',
#         't/02-SIGhash.t',
#         33
#       ]
#     ],
#     [
#       'NEXTKEY',
#       [],
#       '0.674436092376709',
#       [
#         'Some::Package',
#         't/02-SIGhash.t',
#         33
#       ]
#     ],
#     [
#       'NEXTKEY',
#       [],
#       '0.674438953399658',
#       [
#         'Some::Package',
#         't/02-SIGhash.t',
#         33
#       ]
#     ],
#     [
#       'NEXTKEY',
#       [],
#       '0.674442052841187',
#       [
#         'Some::Package',
#         't/02-SIGhash.t',
#         33
#       ]
#     ],
#     [
#       'NEXTKEY',
#       [],
#       '0.674444913864136',
#       [
#         'Some::Package',
#         't/02-SIGhash.t',
#         33
#       ]
#     ],
#     [
#       'NEXTKEY',
#       [],
#       '0.674447059631348',
#       [
#         'Some::Package',
#         't/02-SIGhash.t',
#         33
#       ]
#     ],
#     [
#       'NEXTKEY',
#       [],
#       '0.674449920654297',
#       [
#         'Some::Package',
#         't/02-SIGhash.t',
#         33
#       ]
#     ],
#     [
#       'NEXTKEY',
#       [],
#       '0.674452066421509',
#       [
#         'Some::Package',
#         't/02-SIGhash.t',
#         33
#       ]
#     ],
#     [
#       'NEXTKEY',
#       [],
#       '0.674454927444458',
#       [
#         'Some::Package',
#         't/02-SIGhash.t',
#         33
#       ]
#     ],
#     [
#       'NEXTKEY',
#       [],
#       '0.674458026885986',
#       [
#         'Some::Package',
#         't/02-SIGhash.t',
#         33
#       ]
#     ],
#     [
#       'NEXTKEY',
#       [],
#       '0.674460887908936',
#       [
#         'Some::Package',
#         't/02-SIGhash.t',
#         33
#       ]
#     ],
#     [
#       'NEXTKEY',
#       [],
#       '0.67446494102478',
#       [
#         'Some::Package',
#         't/02-SIGhash.t',
#         33
#       ]
#     ],
#     [
#       'NEXTKEY',
#       [],
#       '0.674468040466309',
#       [
#         'Some::Package',
#         't/02-SIGhash.t',
#         33
#       ]
#     ],
#     [
#       'NEXTKEY',
#       [],
#       '0.674469947814941',
#       [
#         'Some::Package',
#         't/02-SIGhash.t',
#         33
#       ]
#     ],
#     [
#       'NEXTKEY',
#       [],
#       '0.67447304725647',
#       [
#         'Some::Package',
#         't/02-SIGhash.t',
#         33
#       ]
#     ],
#     [
#       'NEXTKEY',
#       [],
#       '0.674475908279419',
#       [
#         'Some::Package',
#         't/02-SIGhash.t',
#         33
#       ]
#     ],
#     [
#       'NEXTKEY',
#       [],
#       '0.674478054046631',
#       [
#         'Some::Package',
#         't/02-SIGhash.t',
#         33
#       ]
#     ],
#     [
#       'NEXTKEY',
#       [],
#       '0.67448091506958',
#       [
#         'Some::Package',
#         't/02-SIGhash.t',
#         33
#       ]
#     ],
#     [
#       'NEXTKEY',
#       [],
#       '0.674483060836792',
#       [
#         'Some::Package',
#         't/02-SIGhash.t',
#         33
#       ]
#     ],
#     [
#       'NEXTKEY',
#       [],
#       '0.674485921859741',
#       [
#         'Some::Package',
#         't/02-SIGhash.t',
#         33
#       ]
#     ],
#     [
#       'NEXTKEY',
#       [],
#       '0.674488067626953',
#       [
#         'Some::Package',
#         't/02-SIGhash.t',
#         33
#       ]
#     ],
#     [
#       'NEXTKEY',
#       [],
#       '0.674490928649902',
#       [
#         'Some::Package',
#         't/02-SIGhash.t',
#         33
#       ]
#     ],
#     [
#       'NEXTKEY',
#       [],
#       '0.674493074417114',
#       [
#         'Some::Package',
#         't/02-SIGhash.t',
#         33
#       ]
#     ],
#     [
#       'NEXTKEY',
#       [],
#       '0.67449688911438',
#       [
#         'Some::Package',
#         't/02-SIGhash.t',
#         33
#       ]
#     ],
#     [
#       'NEXTKEY',
#       [],
#       '0.674499034881592',
#       [
#         'Some::Package',
#         't/02-SIGhash.t',
#         33
#       ]
#     ],
#     [
#       'NEXTKEY',
#       [],
#       '0.674501895904541',
#       [
#         'Some::Package',
#         't/02-SIGhash.t',
#         33
#       ]
#     ],
#     [
#       'NEXTKEY',
#       [],
#       '0.674504995346069',
#       [
#         'Some::Package',
#         't/02-SIGhash.t',
#         33
#       ]
#     ],
#     [
#       'NEXTKEY',
#       [],
#       '0.674508094787598',
#       [
#         'Some::Package',
#         't/02-SIGhash.t',
#         33
#       ]
#     ],
#     [
#       'NEXTKEY',
#       [],
#       '0.674510955810547',
#       [
#         'Some::Package',
#         't/02-SIGhash.t',
#         33
#       ]
#     ],
#     [
#       'NEXTKEY',
#       [],
#       '0.674513101577759',
#       [
#         'Some::Package',
#         't/02-SIGhash.t',
#         33
#       ]
#     ],
#     [
#       'NEXTKEY',
#       [],
#       '0.674515962600708',
#       [
#         'Some::Package',
#         't/02-SIGhash.t',
#         33
#       ]
#     ],
#     [
#       'NEXTKEY',
#       [],
#       '0.674519062042236',
#       [
#         'Some::Package',
#         't/02-SIGhash.t',
#         33
#       ]
#     ],
#     [
#       'NEXTKEY',
#       [],
#       '0.674520969390869',
#       [
#         'Some::Package',
#         't/02-SIGhash.t',
#         33
#       ]
#     ],
#     [
#       'NEXTKEY',
#       [],
#       '0.674524068832397',
#       [
#         'Some::Package',
#         't/02-SIGhash.t',
#         33
#       ]
#     ],
#     [
#       'NEXTKEY',
#       [],
#       '0.674526929855347',
#       [
#         'Some::Package',
#         't/02-SIGhash.t',
#         33
#       ]
#     ],
#     [
#       'NEXTKEY',
#       [],
#       '0.674529075622559',
#       [
#         'Some::Package',
#         't/02-SIGhash.t',
#         33
#       ]
#     ],
#     [
#       'NEXTKEY',
#       [],
#       '0.674532890319824',
#       [
#         'Some::Package',
#         't/02-SIGhash.t',
#         33
#       ]
#     ],
#     [
#       'NEXTKEY',
#       [],
#       '0.674535036087036',
#       [
#         'Some::Package',
#         't/02-SIGhash.t',
#         33
#       ]
#     ],
#     [
#       'NEXTKEY',
#       [],
#       '0.674537897109985',
#       [
#         'Some::Package',
#         't/02-SIGhash.t',
#         33
#       ]
#     ],
#     [
#       'NEXTKEY',
#       [],
#       '0.674540042877197',
#       [
#         'Some::Package',
#         't/02-SIGhash.t',
#         33
#       ]
#     ],
#     [
#       'NEXTKEY',
#       [],
#       '0.674542903900146',
#       [
#         'Some::Package',
#         't/02-SIGhash.t',
#         33
#       ]
#     ],
#     [
#       'NEXTKEY',
#       [],
#       '0.674545049667358',
#       [
#         'Some::Package',
#         't/02-SIGhash.t',
#         33
#       ]
#     ],
#     [
#       'NEXTKEY',
#       [],
#       '0.674547910690308',
#       [
#         'Some::Package',
#         't/02-SIGhash.t',
#         33
#       ]
#     ],
#     [
#       'NEXTKEY',
#       [],
#       '0.67455005645752',
#       [
#         'Some::Package',
#         't/02-SIGhash.t',
#         33
#       ]
#     ],
#     [
#       'NEXTKEY',
#       [],
#       '0.674552917480469',
#       [
#         'Some::Package',
#         't/02-SIGhash.t',
#         33
#       ]
#     ],
#     [
#       'NEXTKEY',
#       [],
#       '0.674556016921997',
#       [
#         'Some::Package',
#         't/02-SIGhash.t',
#         33
#       ]
#     ],
#     [
#       'NEXTKEY',
#       [],
#       '0.674559116363525',
#       [
#         'Some::Package',
#         't/02-SIGhash.t',
#         33
#       ]
#     ],
#     [
#       'NEXTKEY',
#       [],
#       '0.674561023712158',
#       [
#         'Some::Package',
#         't/02-SIGhash.t',
#         33
#       ]
#     ],
#     [
#       'NEXTKEY',
#       [],
#       '0.674565076828003',
#       [
#         'Some::Package',
#         't/02-SIGhash.t',
#         33
#       ]
#     ],
#     [
#       'NEXTKEY',
#       [],
#       '0.674567937850952',
#       [
#         'Some::Package',
#         't/02-SIGhash.t',
#         33
#       ]
#     ],
#     [
#       'NEXTKEY',
#       [],
#       '0.674570083618164',
#       [
#         'Some::Package',
#         't/02-SIGhash.t',
#         33
#       ]
#     ],
#     [
#       'NEXTKEY',
#       [],
#       '0.674572944641113',
#       [
#         'Some::Package',
#         't/02-SIGhash.t',
#         33
#       ]
#     ],
#     [
#       'NEXTKEY',
#       [],
#       '0.674575090408325',
#       [
#         'Some::Package',
#         't/02-SIGhash.t',
#         33
#       ]
#     ],
#     [
#       'NEXTKEY',
#       [],
#       '0.674576997756958',
#       [
#         'Some::Package',
#         't/02-SIGhash.t',
#         33
#       ]
#     ],
#     [
#       'NEXTKEY',
#       [],
#       '0.674580097198486',
#       [
#         'Some::Package',
#         't/02-SIGhash.t',
#         33
#       ]
#     ],
#     [
#       'FETCH',
#       [
#         'USR1'
#       ],
#       '0.674586057662964',
#       [
#         'Some::Package',
#         't/02-SIGhash.t',
#         33
#       ]
#     ],
#     [
#       'FETCH',
#       [
#         'NUM55'
#       ],
#       '0.674601078033447',
#       [
#         'Some::Package',
#         't/02-SIGhash.t',
#         33
#       ]
#     ],
#     [
#       'FETCH',
#       [
#         'NUM45'
#       ],
#       '0.674612045288086',
#       [
#         'Some::Package',
#         't/02-SIGhash.t',
#         33
#       ]
#     ],
#     [
#       'FETCH',
#       [
#         'NUM32'
#       ],
#       '0.674621105194092',
#       [
#         'Some::Package',
#         't/02-SIGhash.t',
#         33
#       ]
#     ],
#     [
#       'FETCH',
#       [
#         'UNUSED'
#       ],
#       '0.674628973007202',
#       [
#         'Some::Package',
#         't/02-SIGhash.t',
#         33
#       ]
#     ],
#     [
#       'FETCH',
#       [
#         'WINCH'
#       ],
#       '0.674640893936157',
#       [
#         'Some::Package',
#         't/02-SIGhash.t',
#         33
#       ]
#     ],
#     [
#       'FETCH',
#       [
#         'ABRT'
#       ],
#       '0.674649953842163',
#       [
#         'Some::Package',
#         't/02-SIGhash.t',
#         33
#       ]
#     ],
#     [
#       'FETCH',
#       [
#         'NUM56'
#       ],
#       '0.674659013748169',
#       [
#         'Some::Package',
#         't/02-SIGhash.t',
#         33
#       ]
#     ],
#     [
#       'FETCH',
#       [
#         'IOT'
#       ],
#       '0.674666881561279',
#       [
#         'Some::Package',
#         't/02-SIGhash.t',
#         33
#       ]
#     ],
#     [
#       'FETCH',
#       [
#         'NUM42'
#       ],
#       '0.674674034118652',
#       [
#         'Some::Package',
#         't/02-SIGhash.t',
#         33
#       ]
#     ],
#     [
#       'FETCH',
#       [
#         'NUM47'
#       ],
#       '0.674683094024658',
#       [
#         'Some::Package',
#         't/02-SIGhash.t',
#         33
#       ]
#     ],
#     [
#       'FETCH',
#       [
#         'NUM41'
#       ],
#       '0.674691915512085',
#       [
#         'Some::Package',
#         't/02-SIGhash.t',
#         33
#       ]
#     ],
#     [
#       'FETCH',
#       [
#         'TERM'
#       ],
#       '0.674700021743774',
#       [
#         'Some::Package',
#         't/02-SIGhash.t',
#         33
#       ]
#     ],
#     [
#       'FETCH',
#       [
#         '__WARN__'
#       ],
#       '0.674707889556885',
#       [
#         'Some::Package',
#         't/02-SIGhash.t',
#         33
#       ]
#     ],
#     [
#       'FETCH',
#       [
#         'BUS'
#       ],
#       '0.674715995788574',
#       [
#         'Some::Package',
#         't/02-SIGhash.t',
#         33
#       ]
#     ],
#     [
#       'FETCH',
#       [
#         'ZERO'
#       ],
#       '0.674724102020264',
#       [
#         'Some::Package',
#         't/02-SIGhash.t',
#         33
#       ]
#     ],
#     [
#       'FETCH',
#       [
#         'NUM40'
#       ],
#       '0.674734115600586',
#       [
#         'Some::Package',
#         't/02-SIGhash.t',
#         33
#       ]
#     ],
#     [
#       'FETCH',
#       [
#         'RTMIN'
#       ],
#       '0.674742937088013',
#       [
#         'Some::Package',
#         't/02-SIGhash.t',
#         33
#       ]
#     ],
#     [
#       'FETCH',
#       [
#         'INT'
#       ],
#       '0.674750089645386',
#       [
#         'Some::Package',
#         't/02-SIGhash.t',
#         33
#       ]
#     ],
#     [
#       'FETCH',
#       [
#         'TSTP'
#       ],
#       '0.674758911132812',
#       [
#         'Some::Package',
#         't/02-SIGhash.t',
#         33
#       ]
#     ],
#     [
#       'FETCH',
#       [
#         'URG'
#       ],
#       '0.674767017364502',
#       [
#         'Some::Package',
#         't/02-SIGhash.t',
#         33
#       ]
#     ],
#     [
#       'FETCH',
#       [
#         'NUM51'
#       ],
#       '0.674776077270508',
#       [
#         'Some::Package',
#         't/02-SIGhash.t',
#         33
#       ]
#     ],
#     [
#       'FETCH',
#       [
#         'ALRM'
#       ],
#       '0.67478609085083',
#       [
#         'Some::Package',
#         't/02-SIGhash.t',
#         33
#       ]
#     ],
#     [
#       'FETCH',
#       [
#         'NUM50'
#       ],
#       '0.674794912338257',
#       [
#         'Some::Package',
#         't/02-SIGhash.t',
#         33
#       ]
#     ],
#     [
#       'FETCH',
#       [
#         'QUIT'
#       ],
#       '0.67480206489563',
#       [
#         'Some::Package',
#         't/02-SIGhash.t',
#         33
#       ]
#     ],
#     [
#       'FETCH',
#       [
#         'NUM37'
#       ],
#       '0.67480993270874',
#       [
#         'Some::Package',
#         't/02-SIGhash.t',
#         33
#       ]
#     ],
#     [
#       'FETCH',
#       [
#         'NUM53'
#       ],
#       '0.67481803894043',
#       [
#         'Some::Package',
#         't/02-SIGhash.t',
#         33
#       ]
#     ],
#     [
#       'FETCH',
#       [
#         'STOP'
#       ],
#       '0.674827098846436',
#       [
#         'Some::Package',
#         't/02-SIGhash.t',
#         33
#       ]
#     ],
#     [
#       'FETCH',
#       [
#         'CONT'
#       ],
#       '0.674835920333862',
#       [
#         'Some::Package',
#         't/02-SIGhash.t',
#         33
#       ]
#     ],
#     [
#       'FETCH',
#       [
#         'SYS'
#       ],
#       '0.674844026565552',
#       [
#         'Some::Package',
#         't/02-SIGhash.t',
#         33
#       ]
#     ],
#     [
#       'FETCH',
#       [
#         'KILL'
#       ],
#       '0.674851894378662',
#       [
#         'Some::Package',
#         't/02-SIGhash.t',
#         33
#       ]
#     ],
#     [
#       'FETCH',
#       [
#         'NUM52'
#       ],
#       '0.674860000610352',
#       [
#         'Some::Package',
#         't/02-SIGhash.t',
#         33
#       ]
#     ],
#     [
#       'FETCH',
#       [
#         'POLL'
#       ],
#       '0.674868106842041',
#       [
#         'Some::Package',
#         't/02-SIGhash.t',
#         33
#       ]
#     ],
#     [
#       'FETCH',
#       [
#         'NUM49'
#       ],
#       '0.674877882003784',
#       [
#         'Some::Package',
#         't/02-SIGhash.t',
#         33
#       ]
#     ],
#     [
#       'FETCH',
#       [
#         'SEGV'
#       ],
#       '0.67488694190979',
#       [
#         'Some::Package',
#         't/02-SIGhash.t',
#         33
#       ]
#     ],
#     [
#       'FETCH',
#       [
#         'ILL'
#       ],
#       '0.674894094467163',
#       [
#         'Some::Package',
#         't/02-SIGhash.t',
#         33
#       ]
#     ],
#     [
#       'FETCH',
#       [
#         'IO'
#       ],
#       '0.674901962280273',
#       [
#         'Some::Package',
#         't/02-SIGhash.t',
#         33
#       ]
#     ],
#     [
#       'FETCH',
#       [
#         'FPE'
#       ],
#       '0.674909114837646',
#       [
#         'Some::Package',
#         't/02-SIGhash.t',
#         33
#       ]
#     ],
#     [
#       'FETCH',
#       [
#         'PWR'
#       ],
#       '0.674916982650757',
#       [
#         'Some::Package',
#         't/02-SIGhash.t',
#         33
#       ]
#     ],
#     [
#       'FETCH',
#       [
#         'NUM43'
#       ],
#       '0.674926996231079',
#       [
#         'Some::Package',
#         't/02-SIGhash.t',
#         33
#       ]
#     ],
#     [
#       'FETCH',
#       [
#         'RTMAX'
#       ],
#       '0.674935102462769',
#       [
#         'Some::Package',
#         't/02-SIGhash.t',
#         33
#       ]
#     ],
#     [
#       'FETCH',
#       [
#         'NUM35'
#       ],
#       '0.674942970275879',
#       [
#         'Some::Package',
#         't/02-SIGhash.t',
#         33
#       ]
#     ],
#     [
#       'FETCH',
#       [
#         'NUM33'
#       ],
#       '0.674949884414673',
#       [
#         'Some::Package',
#         't/02-SIGhash.t',
#         33
#       ]
#     ],
#     [
#       'FETCH',
#       [
#         'NUM63'
#       ],
#       '0.674964904785156',
#       [
#         'Some::Package',
#         't/02-SIGhash.t',
#         33
#       ]
#     ],
#     [
#       'FETCH',
#       [
#         'NUM48'
#       ],
#       '0.674973964691162',
#       [
#         'Some::Package',
#         't/02-SIGhash.t',
#         33
#       ]
#     ],
#     [
#       'FETCH',
#       [
#         'NUM58'
#       ],
#       '0.674982070922852',
#       [
#         'Some::Package',
#         't/02-SIGhash.t',
#         33
#       ]
#     ],
#     [
#       'FETCH',
#       [
#         'NUM44'
#       ],
#       '0.674989938735962',
#       [
#         'Some::Package',
#         't/02-SIGhash.t',
#         33
#       ]
#     ],
#     [
#       'FETCH',
#       [
#         'NUM54'
#       ],
#       '0.674998998641968',
#       [
#         'Some::Package',
#         't/02-SIGhash.t',
#         33
#       ]
#     ],
#     [
#       'FETCH',
#       [
#         'NUM39'
#       ],
#       '0.675005912780762',
#       [
#         'Some::Package',
#         't/02-SIGhash.t',
#         33
#       ]
#     ],
#     [
#       'FETCH',
#       [
#         'NUM36'
#       ],
#       '0.675014972686768',
#       [
#         'Some::Package',
#         't/02-SIGhash.t',
#         33
#       ]
#     ],
#     [
#       'FETCH',
#       [
#         'NUM38'
#       ],
#       '0.675023078918457',
#       [
#         'Some::Package',
#         't/02-SIGhash.t',
#         33
#       ]
#     ],
#     [
#       'FETCH',
#       [
#         'TRAP'
#       ],
#       '0.675030946731567',
#       [
#         'Some::Package',
#         't/02-SIGhash.t',
#         33
#       ]
#     ],
#     [
#       'FETCH',
#       [
#         'PROF'
#       ],
#       '0.675039052963257',
#       [
#         'Some::Package',
#         't/02-SIGhash.t',
#         33
#       ]
#     ],
#     [
#       'FETCH',
#       [
#         'NUM60'
#       ],
#       '0.675045967102051',
#       [
#         'Some::Package',
#         't/02-SIGhash.t',
#         33
#       ]
#     ],
#     [
#       'FETCH',
#       [
#         'CHLD'
#       ],
#       '0.67505407333374',
#       [
#         'Some::Package',
#         't/02-SIGhash.t',
#         33
#       ]
#     ],
#     [
#       'FETCH',
#       [
#         'NUM62'
#       ],
#       '0.675064086914062',
#       [
#         'Some::Package',
#         't/02-SIGhash.t',
#         33
#       ]
#     ],
#     [
#       'FETCH',
#       [
#         'CLD'
#       ],
#       '0.675072908401489',
#       [
#         'Some::Package',
#         't/02-SIGhash.t',
#         33
#       ]
#     ],
#     [
#       'FETCH',
#       [
#         'HUP'
#       ],
#       '0.675080060958862',
#       [
#         'Some::Package',
#         't/02-SIGhash.t',
#         33
#       ]
#     ],
#     [
#       'FETCH',
#       [
#         'USR2'
#       ],
#       '0.675087928771973',
#       [
#         'Some::Package',
#         't/02-SIGhash.t',
#         33
#       ]
#     ],
#     [
#       'FETCH',
#       [
#         'VTALRM'
#       ],
#       '0.675095081329346',
#       [
#         'Some::Package',
#         't/02-SIGhash.t',
#         33
#       ]
#     ],
#     [
#       'FETCH',
#       [
#         'PIPE'
#       ],
#       '0.675820112228394',
#       [
#         'Some::Package',
#         't/02-SIGhash.t',
#         33
#       ]
#     ],
#     [
#       'FETCH',
#       [
#         'TTIN'
#       ],
#       '0.675836086273193',
#       [
#         'Some::Package',
#         't/02-SIGhash.t',
#         33
#       ]
#     ],
#     [
#       'FETCH',
#       [
#         'XCPU'
#       ],
#       '0.67584490776062',
#       [
#         'Some::Package',
#         't/02-SIGhash.t',
#         33
#       ]
#     ],
#     [
#       'FETCH',
#       [
#         'NUM61'
#       ],
#       '0.675854921340942',
#       [
#         'Some::Package',
#         't/02-SIGhash.t',
#         33
#       ]
#     ],
#     [
#       'FETCH',
#       [
#         'NUM59'
#       ],
#       '0.675863981246948',
#       [
#         'Some::Package',
#         't/02-SIGhash.t',
#         33
#       ]
#     ],
#     [
#       'FETCH',
#       [
#         'XFSZ'
#       ],
#       '0.675873041152954',
#       [
#         'Some::Package',
#         't/02-SIGhash.t',
#         33
#       ]
#     ],
#     [
#       'FETCH',
#       [
#         'STKFLT'
#       ],
#       '0.675880908966064',
#       [
#         'Some::Package',
#         't/02-SIGhash.t',
#         33
#       ]
#     ],
#     [
#       'FETCH',
#       [
#         'NUM57'
#       ],
#       '0.67588996887207',
#       [
#         'Some::Package',
#         't/02-SIGhash.t',
#         33
#       ]
#     ],
#     [
#       'FETCH',
#       [
#         'TTOU'
#       ],
#       '0.67589807510376',
#       [
#         'Some::Package',
#         't/02-SIGhash.t',
#         33
#       ]
#     ],
#     [
#       'FETCH',
#       [
#         'NUM46'
#       ],
#       '0.675906896591187',
#       [
#         'Some::Package',
#         't/02-SIGhash.t',
#         33
#       ]
#     ]
#   ]
# }, 'Signals::XSIG::TieSIG' );
# Looks like you failed 1 test of 14.
t/02-SIGhash.t ............ 
Dubious, test returned 1 (wstat 256, 0x100)
Failed 1/14 subtests 
t/03-XSIG.t ............... ok
t/04-XSIGarray.t .......... ok
t/05-XSIGhash.t ........... ok
t/10-handlers.t ........... ok
t/11-local.t .............. ok
t/20a-defaults.t .......... ok
# expected linux to suspend on SIGTSTP, but it didn't
# expected linux to suspend on SIGTTIN, but it didn't
# expected linux to suspend on SIGTTOU, but it didn't
[linux]
1. SIGTSTP    [20] => IGNORE
2. SIGTTIN    [21] => IGNORE
3. SIGTTOU    [22] => IGNORE
t/20b-defaults.t .......... ok
t/20c-defaults.t .......... ok
t/21-override-defaults.t .. ok
t/manifest.t .............. skipped: Author tests not required for installation
t/pod-coverage.t .......... ok
t/pod.t ................... ok

Test Summary Report
-------------------
t/02-SIGhash.t          (Wstat: 256 Tests: 14 Failed: 1)
  Failed test:  7
  Non-zero exit status: 1
Files=15, Tests=391, 204 wallclock secs ( 0.06 usr  0.06 sys +  1.39 cusr  0.47 csys =  1.98 CPU)
Result: FAIL
Failed 1/15 test programs. 1/391 subtests failed.
Makefile:851: recipe for target 'test_dynamic' failed
make: *** [test_dynamic] Error 255

------------------------------
PREREQUISITES
------------------------------

Prerequisite modules loaded:

requires:

    Module              Need Have    
    ------------------- ---- --------
    Test::More          0    1.302083

build_requires:

    Module              Need Have    
    ------------------- ---- --------
    ExtUtils::MakeMaker 0    7.24    

configure_requires:

    Module              Need Have    
    ------------------- ---- --------
    ExtUtils::MakeMaker 0    7.24    


------------------------------
ENVIRONMENT AND OTHER CONTEXT
------------------------------

Environment variables:

    LANG = C
    PATH = /usr/local/bin:/usr/bin:/bin:/usr/local/sbin:/usr/sbin:/sbin:/home/cpansand/bin/linux-gnu:/home/cpansand/bin/sh:/home/cpansand/bin:/usr/games:/home/cpansand/devel:/home/eserte/src/srezic-misc/scripts
    PERL5LIB = 
    PERL5OPT = 
    PERL5_CPANPLUS_IS_RUNNING = 30464
    PERL5_CPAN_IS_RUNNING = 30464
    PERL5_CPAN_IS_RUNNING_IN_RECURSION = 32272,30464
    PERLDOC = -MPod::Perldoc::ToTextOverstrike
    PERL_BATCH = yes
    PERL_CANARY_STABILITY_NOPROMPT = 1
    PERL_CPAN_REPORTER_CONFIG = /run/user/1023/cpansmoker/2017042800/cpanreporter_000_config.ini
    PERL_EXTUTILS_AUTOINSTALL = --defaultdeps
    PERL_USE_UNSAFE_INC = 1
    SHELL = /bin/zsh
    TERM = screen
    TMPDIR = /run/user/1023/cpansmoker/2017042800

Perl special variables (and OS-specific diagnostics, for MSWin32):

    $^X = /bbbike/perl-5.22.1/bin/perl
    $UID/$EUID = 1023 / 1023
    $GID = 1023 1023
    $EGID = 1023 1023

Perl module toolchain versions installed:

    Module              Have    
    ------------------- --------
    CPAN                2.16    
    CPAN::Meta          2.150010
    Cwd                 3.62    
    ExtUtils::CBuilder  0.280224
    ExtUtils::Command   7.24    
    ExtUtils::Install   2.04    
    ExtUtils::MakeMaker 7.24    
    ExtUtils::Manifest  1.70    
    ExtUtils::ParseXS   3.28    
    File::Spec          3.62    
    JSON                2.90    
    JSON::PP            2.27400 
    Module::Build       0.4220  
    Module::Signature   0.79    
    Parse::CPAN::Meta   2.150010
    Test::Harness       3.38    
    Test::More          1.302083
    YAML                1.20    
    YAML::Syck          1.29    
    version             0.9917  


--

Summary of my perl5 (revision 5 version 22 subversion 1) configuration:
   
  Platform:
    osname=linux, osvers=3.16.0-4-amd64, archname=x86_64-linux
    uname='linux eserte 3.16.0-4-amd64 #1 smp debian 3.16.7-ckt25-2 (2016-04-08) x86_64 gnulinux '
    config_args='-ds -e -Dprefix=/opt/perl-5.22.1 -Dcf_email=srezic@cpan.org'
    hint=recommended, useposix=true, d_sigaction=define
    useithreads=undef, usemultiplicity=undef
    use64bitint=define, use64bitall=define, uselongdouble=undef
    usemymalloc=n, bincompat5005=undef
  Compiler:
    cc='cc', ccflags ='-fwrapv -fno-strict-aliasing -pipe -fstack-protector-strong -I/usr/local/include -D_LARGEFILE_SOURCE -D_FILE_OFFSET_BITS=64 -D_FORTIFY_SOURCE=2',
    optimize='-O2',
    cppflags='-fwrapv -fno-strict-aliasing -pipe -fstack-protector-strong -I/usr/local/include'
    ccversion='', gccversion='4.9.2', gccosandvers=''
    intsize=4, longsize=8, ptrsize=8, doublesize=8, byteorder=12345678, doublekind=3
    d_longlong=define, longlongsize=8, d_longdbl=define, longdblsize=16, longdblkind=3
    ivtype='long', ivsize=8, nvtype='double', nvsize=8, Off_t='off_t', lseeksize=8
    alignbytes=8, prototype=define
  Linker and Libraries:
    ld='cc', ldflags =' -fstack-protector-strong -L/usr/local/lib'
    libpth=/usr/local/lib /usr/lib/gcc/x86_64-linux-gnu/4.9/include-fixed /usr/include/x86_64-linux-gnu /usr/lib /lib/x86_64-linux-gnu /lib/../lib /usr/lib/x86_64-linux-gnu /usr/lib/../lib /lib
    libs=-lpthread -lnsl -lgdbm -ldb -ldl -lm -lcrypt -lutil -lc -lgdbm_compat
    perllibs=-lpthread -lnsl -ldl -lm -lcrypt -lutil -lc
    libc=libc-2.19.so, so=so, useshrplib=false, libperl=libperl.a
    gnulibc_version='2.19'
  Dynamic Linking:
    dlsrc=dl_dlopen.xs, dlext=so, d_dlsymun=undef, ccdlflags='-Wl,-E'
    cccdlflags='-fPIC', lddlflags='-shared -O2 -L/usr/local/lib -fstack-protector-strong'


Characteristics of this binary (from libperl): 
  Compile-time options: HAS_TIMES PERLIO_LAYERS PERL_DONT_CREATE_GVSV
                        PERL_HASH_FUNC_ONE_AT_A_TIME_HARD PERL_MALLOC_WRAP
                        PERL_NEW_COPY_ON_WRITE PERL_PRESERVE_IVUV
                        USE_64_BIT_ALL USE_64_BIT_INT USE_LARGE_FILES
                        USE_LOCALE USE_LOCALE_COLLATE USE_LOCALE_CTYPE
                        USE_LOCALE_NUMERIC USE_LOCALE_TIME USE_PERLIO
                        USE_PERL_ATOF
  Locally applied patches:
	Devel::PatchPerl 1.42
  Built under linux
  Compiled at May  7 2016 12:41:21
  %ENV:
    PERL5LIB=""
    PERL5OPT=""
    PERL5_CPANPLUS_IS_RUNNING="30464"
    PERL5_CPAN_IS_RUNNING="30464"
    PERL5_CPAN_IS_RUNNING_IN_RECURSION="32272,30464"
    PERLDOC="-MPod::Perldoc::ToTextOverstrike"
    PERL_BATCH="yes"
    PERL_CANARY_STABILITY_NOPROMPT="1"
    PERL_CPAN_REPORTER_CONFIG="/run/user/1023/cpansmoker/2017042800/cpanreporter_000_config.ini"
    PERL_EXTUTILS_AUTOINSTALL="--defaultdeps"
    PERL_USE_UNSAFE_INC="1"
  @INC:
    /opt/perl-5.22.1/lib/site_perl/5.22.1/x86_64-linux
    /opt/perl-5.22.1/lib/site_perl/5.22.1
    /opt/perl-5.22.1/lib/5.22.1/x86_64-linux
    /opt/perl-5.22.1/lib/5.22.1
    .