From: "Dan Collins" <dcollinsn@gmail.com>
X-Test-Reporter-Distfile: RURBAN/B-Debug-1.23.tar.gz
X-Test-Reporter-Perl: v5.25.5
Subject: PASS B-Debug-1.23 x86_64-linux-thread-multi 3.16.0-4-amd64
Report: This distribution has been tested as part of the CPAN Testers
project, supporting the Perl programming language.  See
http://wiki.cpantesters.org/ for more information or email
questions to cpan-testers-discuss@perl.org


--
Dear Reini Urban,

This is a computer-generated report for B-Debug-1.23
on perl 5.25.5, created by CPAN-Reporter-1.2018.

Thank you for uploading your work to CPAN.  Congratulations!
All tests were successful.

Sections of this report:

    * Tester comments
    * Program output
    * Prerequisites
    * Environment and other context

------------------------------
TESTER COMMENTS
------------------------------

Additional comments from tester:

this report is from an automated smoke testing program
and was not reviewed by a human for accuracy

------------------------------
PROGRAM OUTPUT
------------------------------

Output from '/usr/bin/make test':

PERL_DL_NONLAZY=1 "/home/cpan1/install/bin/perl" "-MExtUtils::Command::MM" "-MTest::Harness" "-e" "undef *Test::Harness::Switches; test_harness(0, 'blib/lib', 'blib/arch')" t/*.t
t/pod.t .... ok
t/debug.t .. ok
All tests successful.
Files=2, Tests=12,  0 wallclock secs ( 0.04 usr  0.00 sys +  0.44 cusr  0.05 csys =  0.53 CPU)
Result: PASS

------------------------------
PREREQUISITES
------------------------------

Prerequisite modules loaded:

requires:

    Module              Need Have    
    ------------------- ---- --------
    B                   0    1.63    
    Test::More          0    1.302061

build_requires:

    Module              Need Have    
    ------------------- ---- --------
    ExtUtils::MakeMaker 0    7.24    

configure_requires:

    Module              Need Have    
    ------------------- ---- --------
    ExtUtils::MakeMaker 0    7.24    

opt_requires:

    Module              Need Have    
    ------------------- ---- --------
    B::Flags            0.04 0.16    


------------------------------
ENVIRONMENT AND OTHER CONTEXT
------------------------------

Environment variables:

    AUTOMATED_TESTING = 1
    HARNESS_OPTIONS = j5
    LANG = en_US.UTF-8
    PATH = /usr/local/bin:/usr/bin:/bin:/usr/local/games:/usr/games
    PERL5LIB = 
    PERL5OPT = 
    PERL5_CPANPLUS_IS_RUNNING = 423
    PERL5_CPAN_IS_RUNNING = 423
    PERL5_CPAN_IS_RUNNING_IN_RECURSION = 4452,423
    PERLBREW_BASHRC_VERSION = 0.76
    PERLBREW_HOME = /home/dcollins/.perlbrew
    PERLBREW_ROOT = /home/dcollins/toolchain/perl5
    PERL_CR_SMOKER_CURRENT = B-Debug-1.23
    PERL_CR_SMOKER_RUNONCE = 1
    PERL_EXTUTILS_AUTOINSTALL = --defaultdeps
    PERL_MM_USE_DEFAULT = 1
    SHELL = /bin/bash
    TERM = putty

Perl special variables (and OS-specific diagnostics, for MSWin32):

    $^X = /home/cpan1/install/bin/perl
    $UID/$EUID = 1002 / 1002
    $GID = 1002 1002
    $EGID = 1002 1002

Perl module toolchain versions installed:

    Module              Have    
    ------------------- --------
    CPAN                2.14    
    CPAN::Meta          2.150010
    Cwd                 3.62    
    ExtUtils::CBuilder  0.280224
    ExtUtils::Command   7.24    
    ExtUtils::Install   2.04    
    ExtUtils::MakeMaker 7.24    
    ExtUtils::Manifest  1.70    
    ExtUtils::ParseXS   3.30    
    File::Spec          3.62    
    JSON                2.90    
    JSON::PP            2.27400 
    Module::Build       0.4220  
    Module::Signature   0.81    
    Parse::CPAN::Meta   2.150010
    Test::Harness       3.36    
    Test::More          1.302061
    YAML                1.18    
    YAML::Syck          1.29    
    version             0.9917  


--

Summary of my perl5 (revision 5 version 25 subversion 5) configuration:
  Commit id: b912808c57c4dd8f57efd441416886c2674ab4cd
  Platform:
    osname=linux
    osvers=3.16.0-4-amd64
    archname=x86_64-linux-thread-multi
    uname='linux digitalis 3.16.0-4-amd64 #1 smp debian 3.16.36-1+deb8u1 (2016-09-03) x86_64 gnulinux '
    config_args='-Dusedevel -DDEBUGGING -Dusethreads -Dprefix=/home/cpan1/install -Uversiononly -des'
    hint=recommended
    useposix=true
    d_sigaction=define
    useithreads=define
    usemultiplicity=define
    use64bitint=define
    use64bitall=define
    uselongdouble=undef
    usemymalloc=n
    bincompat5005=undef
  Compiler:
    cc='cc'
    ccflags ='-D_REENTRANT -D_GNU_SOURCE -fwrapv -DDEBUGGING -fno-strict-aliasing -pipe -fstack-protector-strong -I/usr/local/include -D_LARGEFILE_SOURCE -D_FILE_OFFSET_BITS=64 -D_FORTIFY_SOURCE=2'
    optimize='-O2 -g'
    cppflags='-D_REENTRANT -D_GNU_SOURCE -fwrapv -DDEBUGGING -fno-strict-aliasing -pipe -fstack-protector-strong -I/usr/local/include'
    ccversion=''
    gccversion='4.9.2'
    gccosandvers=''
    intsize=4
    longsize=8
    ptrsize=8
    doublesize=8
    byteorder=12345678
    doublekind=3
    d_longlong=define
    longlongsize=8
    d_longdbl=define
    longdblsize=16
    longdblkind=3
    ivtype='long'
    ivsize=8
    nvtype='double'
    nvsize=8
    Off_t='off_t'
    lseeksize=8
    alignbytes=8
    prototype=define
  Linker and Libraries:
    ld='cc'
    ldflags =' -fstack-protector-strong -L/usr/local/lib'
    libpth=/usr/local/lib /usr/lib/gcc/x86_64-linux-gnu/4.9/include-fixed /usr/include/x86_64-linux-gnu /usr/lib /lib/x86_64-linux-gnu /lib/../lib /usr/lib/x86_64-linux-gnu /usr/lib/../lib /lib
    libs=-lpthread -lnsl -ldl -lm -lcrypt -lutil -lc
    perllibs=-lpthread -lnsl -ldl -lm -lcrypt -lutil -lc
    libc=libc-2.19.so
    so=so
    useshrplib=false
    libperl=libperl.a
    gnulibc_version='2.19'
  Dynamic Linking:
    dlsrc=dl_dlopen.xs
    dlext=so
    d_dlsymun=undef
    ccdlflags='-Wl,-E'
    cccdlflags='-fPIC'
    lddlflags='-shared -O2 -g -L/usr/local/lib -fstack-protector-strong'


Characteristics of this binary (from libperl): 
  Compile-time options:
    DEBUGGING
    HAS_TIMES
    MULTIPLICITY
    PERLIO_LAYERS
    PERL_COPY_ON_WRITE
    PERL_DONT_CREATE_GVSV
    PERL_HASH_FUNC_ONE_AT_A_TIME_HARD
    PERL_IMPLICIT_CONTEXT
    PERL_MALLOC_WRAP
    PERL_OP_PARENT
    PERL_PRESERVE_IVUV
    PERL_TRACK_MEMPOOL
    PERL_USE_DEVEL
    USE_64_BIT_ALL
    USE_64_BIT_INT
    USE_ITHREADS
    USE_LARGE_FILES
    USE_LOCALE
    USE_LOCALE_COLLATE
    USE_LOCALE_CTYPE
    USE_LOCALE_NUMERIC
    USE_LOCALE_TIME
    USE_PERLIO
    USE_PERL_ATOF
    USE_REENTRANT_API
  Built under linux
  Compiled at Oct 11 2016 16:20:24
  %ENV:
    PERL5LIB=""
    PERL5OPT=""
    PERL5_CPANPLUS_IS_RUNNING="423"
    PERL5_CPAN_IS_RUNNING="423"
    PERL5_CPAN_IS_RUNNING_IN_RECURSION="4452,423"
    PERLBREW_BASHRC_VERSION="0.76"
    PERLBREW_HOME="/home/dcollins/.perlbrew"
    PERLBREW_ROOT="/home/dcollins/toolchain/perl5"
    PERL_CR_SMOKER_CURRENT="B-Debug-1.23"
    PERL_CR_SMOKER_RUNONCE="1"
    PERL_EXTUTILS_AUTOINSTALL="--defaultdeps"
    PERL_MM_USE_DEFAULT="1"
  @INC:
    /home/cpan1/install/lib/perl5/site_perl/5.25.5/x86_64-linux-thread-multi
    /home/cpan1/install/lib/perl5/site_perl/5.25.5
    /home/cpan1/install/lib/perl5/5.25.5/x86_64-linux-thread-multi
    /home/cpan1/install/lib/perl5/5.25.5
    .